Task 95: dataset=NATOPS n_formulas=10000 depth_max=1 until_weight=0
Output directory: /share/ai-lab/adsiega/STLRocket/results/NATOPS_20260915_161422_b01f527a
Dataset: NATOPS  budgets: [10000]  depths: [1]  n_run: 10  cv: 5  config_budget: 28800.0s

Loading dataset...
  train: (180, 24, 51)  test: (180, 24, 51)
[stl     b=10000  d=1 seed=0] building features...
    feats=3.98s  linear=0.9000  tree=0.7167
[stl     b=10000  d=1 seed=1] building features...
    feats=4.16s  linear=0.9000  tree=0.7500
[stl     b=10000  d=1 seed=2] building features...
    feats=3.83s  linear=0.9000  tree=0.6778
[stl     b=10000  d=1 seed=3] building features...
    feats=3.85s  linear=0.8833  tree=0.7667
[stl     b=10000  d=1 seed=4] building features...
    feats=3.92s  linear=0.9000  tree=0.7556
[stl     b=10000  d=1 seed=5] building features...
    feats=3.73s  linear=0.8778  tree=0.7444
[stl     b=10000  d=1 seed=6] building features...
    feats=4.03s  linear=0.9000  tree=0.7556
[stl     b=10000  d=1 seed=7] building features...
    feats=4.12s  linear=0.9111  tree=0.7222
[stl     b=10000  d=1 seed=8] building features...
    feats=4.08s  linear=0.9111  tree=0.6889
[stl     b=10000  d=1 seed=9] building features...
    feats=3.91s  linear=0.8889  tree=0.7667

Feature builds: 10 (full sweep would be 10; fewer if any STL configuration hit its time budget)

Done. Results saved to: /share/ai-lab/adsiega/STLRocket/results/NATOPS_20260915_161422_b01f527a
