Task 31: dataset=EigenWorms n_formulas=100 depth_max=1 until_weight=0
Output directory: /share/ai-lab/adsiega/STLRocket/results/EigenWorms_20260915_152154_8b3aba5d
Dataset: EigenWorms  budgets: [100]  depths: [1]  n_run: 10  cv: 5  config_budget: 28800.0s

Loading dataset...
  train: (128, 6, 17984)  test: (131, 6, 17984)
[stl     b=100    d=1 seed=0] building features...
    feats=1.01s  linear=0.5605  tree=0.5809
[stl     b=100    d=1 seed=1] building features...
    feats=0.92s  linear=0.6791  tree=0.4748
[stl     b=100    d=1 seed=2] building features...
    feats=1.01s  linear=0.4782  tree=0.4659
[stl     b=100    d=1 seed=3] building features...
    feats=0.88s  linear=0.5641  tree=0.5466
[stl     b=100    d=1 seed=4] building features...
    feats=0.86s  linear=0.4231  tree=0.5650
[stl     b=100    d=1 seed=5] building features...
    feats=0.90s  linear=0.5500  tree=0.6195
[stl     b=100    d=1 seed=6] building features...
    feats=0.99s  linear=0.5383  tree=0.4499
[stl     b=100    d=1 seed=7] building features...
    feats=0.89s  linear=0.4913  tree=0.4307
[stl     b=100    d=1 seed=8] building features...
    feats=0.87s  linear=0.5568  tree=0.4877
[stl     b=100    d=1 seed=9] building features...
    feats=0.76s  linear=0.5206  tree=0.5267

Feature builds: 10 (full sweep would be 10; fewer if any STL configuration hit its time budget)

Done. Results saved to: /share/ai-lab/adsiega/STLRocket/results/EigenWorms_20260915_152154_8b3aba5d
