Task 24: dataset=StandWalkJump n_formulas=10 depth_max=1 until_weight=0
Output directory: /share/ai-lab/adsiega/STLRocket/results/StandWalkJump_20260915_152115_b8928331
Dataset: StandWalkJump  budgets: [10]  depths: [1]  n_run: 10  cv: 5  config_budget: 28800.0s

Loading dataset...
  train: (12, 4, 2500)  test: (15, 4, 2500)
[stl     b=10     d=1 seed=0] building features...
    feats=0.66s  linear=0.3333  tree=0.3333
[stl     b=10     d=1 seed=1] building features...
    feats=0.44s  linear=0.1333  tree=0.4000
[stl     b=10     d=1 seed=2] building features...
    feats=0.31s  linear=0.3333  tree=0.3333
[stl     b=10     d=1 seed=3] building features...
    feats=0.01s  linear=0.2000  tree=0.3333
[stl     b=10     d=1 seed=4] building features...
    feats=0.13s  linear=0.3333  tree=0.3333
[stl     b=10     d=1 seed=5] building features...
    feats=0.01s  linear=0.5333  tree=0.4667
[stl     b=10     d=1 seed=6] building features...
    feats=0.22s  linear=0.3333  tree=0.4000
[stl     b=10     d=1 seed=7] building features...
    feats=0.01s  linear=0.3333  tree=0.2000
[stl     b=10     d=1 seed=8] building features...
    feats=0.04s  linear=0.3333  tree=0.3333
[stl     b=10     d=1 seed=9] building features...
    feats=0.47s  linear=0.3333  tree=0.3333

Feature builds: 10 (full sweep would be 10; fewer if any STL configuration hit its time budget)

Done. Results saved to: /share/ai-lab/adsiega/STLRocket/results/StandWalkJump_20260915_152115_b8928331
