Task 33: dataset=EthanolConcentration n_formulas=100 depth_max=1 until_weight=0
Output directory: /share/ai-lab/adsiega/STLRocket/results/EthanolConcentration_20260915_152211_7cf770fa
Dataset: EthanolConcentration  budgets: [100]  depths: [1]  n_run: 10  cv: 5  config_budget: 28800.0s

Loading dataset...
  train: (261, 3, 1751)  test: (263, 3, 1751)
[stl     b=100    d=1 seed=0] building features...
    feats=0.29s  linear=0.4799  tree=0.3870
[stl     b=100    d=1 seed=1] building features...
    feats=0.25s  linear=0.4227  tree=0.3844
[stl     b=100    d=1 seed=2] building features...
    feats=0.29s  linear=0.3881  tree=0.3532
[stl     b=100    d=1 seed=3] building features...
    feats=0.24s  linear=0.4304  tree=0.4372
[stl     b=100    d=1 seed=4] building features...
    feats=0.21s  linear=0.5488  tree=0.4028
[stl     b=100    d=1 seed=5] building features...
    feats=0.24s  linear=0.5185  tree=0.3882
[stl     b=100    d=1 seed=6] building features...
    feats=0.26s  linear=0.4073  tree=0.3952
[stl     b=100    d=1 seed=7] building features...
    feats=0.20s  linear=0.3882  tree=0.3992
[stl     b=100    d=1 seed=8] building features...
    feats=0.24s  linear=0.4572  tree=0.4219
[stl     b=100    d=1 seed=9] building features...
    feats=0.22s  linear=0.5143  tree=0.4102

Feature builds: 10 (full sweep would be 10; fewer if any STL configuration hit its time budget)

Done. Results saved to: /share/ai-lab/adsiega/STLRocket/results/EthanolConcentration_20260915_152211_7cf770fa
