Task 13: dataset=Heartbeat n_formulas=10 depth_max=1 until_weight=0
Output directory: /share/ai-lab/adsiega/STLRocket/results/Heartbeat_20260915_152023_7b05c6be
Dataset: Heartbeat  budgets: [10]  depths: [1]  n_run: 10  cv: 5  config_budget: 28800.0s

Loading dataset...
  train: (204, 61, 405)  test: (205, 61, 405)
[stl     b=10     d=1 seed=0] building features...
    feats=1.36s  linear=0.6091  tree=0.6031
[stl     b=10     d=1 seed=1] building features...
    feats=0.08s  linear=0.5145  tree=0.6510
[stl     b=10     d=1 seed=2] building features...
    feats=0.02s  linear=0.6233  tree=0.6022
[stl     b=10     d=1 seed=3] building features...
    feats=0.03s  linear=0.5901  tree=0.5213
[stl     b=10     d=1 seed=4] building features...
    feats=0.02s  linear=0.6489  tree=0.6488
[stl     b=10     d=1 seed=5] building features...
    feats=1.25s  linear=0.6043  tree=0.5881
[stl     b=10     d=1 seed=6] building features...
    feats=1.11s  linear=0.5983  tree=0.5800
[stl     b=10     d=1 seed=7] building features...
    feats=1.28s  linear=0.5881  tree=0.6232
[stl     b=10     d=1 seed=8] building features...
    feats=0.02s  linear=0.5002  tree=0.5928
[stl     b=10     d=1 seed=9] building features...
    feats=0.02s  linear=0.5698  tree=0.6287

Feature builds: 10 (full sweep would be 10; fewer if any STL configuration hit its time budget)

Done. Results saved to: /share/ai-lab/adsiega/STLRocket/results/Heartbeat_20260915_152023_7b05c6be
