Task 41: dataset=LSST n_formulas=100 depth_max=1 until_weight=0
Output directory: /share/ai-lab/adsiega/STLRocket/results/LSST_20260915_152305_9b084c1c
Dataset: LSST  budgets: [100]  depths: [1]  n_run: 10  cv: 5  config_budget: 28800.0s

Loading dataset...
  train: (2459, 6, 36)  test: (2466, 6, 36)
[stl     b=100    d=1 seed=0] building features...
    feats=0.13s  linear=0.3250  tree=0.3383
[stl     b=100    d=1 seed=1] building features...
    feats=0.14s  linear=0.2739  tree=0.3811
[stl     b=100    d=1 seed=2] building features...
    feats=0.12s  linear=0.2825  tree=0.3713
[stl     b=100    d=1 seed=3] building features...
    feats=0.12s  linear=0.3334  tree=0.3778
[stl     b=100    d=1 seed=4] building features...
    feats=0.11s  linear=0.3088  tree=0.3310
[stl     b=100    d=1 seed=5] building features...
    feats=0.11s  linear=0.3444  tree=0.3396
[stl     b=100    d=1 seed=6] building features...
    feats=0.12s  linear=0.3139  tree=0.3767
[stl     b=100    d=1 seed=7] building features...
    feats=0.12s  linear=0.3524  tree=0.3480
[stl     b=100    d=1 seed=8] building features...
    feats=0.13s  linear=0.3017  tree=0.3390
[stl     b=100    d=1 seed=9] building features...
    feats=0.12s  linear=0.3116  tree=0.3730

Feature builds: 10 (full sweep would be 10; fewer if any STL configuration hit its time budget)

Done. Results saved to: /share/ai-lab/adsiega/STLRocket/results/LSST_20260915_152305_9b084c1c
