Task 61: dataset=FaceDetection n_formulas=1000 depth_max=1 until_weight=0
Output directory: /share/ai-lab/adsiega/STLRocket/results/FaceDetection_20260915_152639_e8884f62
Dataset: FaceDetection  budgets: [1000]  depths: [1]  n_run: 10  cv: 5  config_budget: 28800.0s

Loading dataset...
  train: (5890, 144, 62)  test: (3524, 144, 62)
[stl     b=1000   d=1 seed=0] building features...
    feats=2.53s  linear=0.5902  tree=0.5190
[stl     b=1000   d=1 seed=1] building features...
    feats=2.89s  linear=0.5948  tree=0.5272
[stl     b=1000   d=1 seed=2] building features...
    feats=2.62s  linear=0.6013  tree=0.5105
[stl     b=1000   d=1 seed=3] building features...
    feats=2.57s  linear=0.5936  tree=0.5377
[stl     b=1000   d=1 seed=4] building features...
    feats=2.58s  linear=0.6053  tree=0.5284
[stl     b=1000   d=1 seed=5] building features...
    feats=2.62s  linear=0.6127  tree=0.5306
[stl     b=1000   d=1 seed=6] building features...
    feats=2.78s  linear=0.6178  tree=0.5468
[stl     b=1000   d=1 seed=7] building features...
    feats=2.61s  linear=0.6166  tree=0.5148
[stl     b=1000   d=1 seed=8] building features...
    feats=2.56s  linear=0.6058  tree=0.5499
[stl     b=1000   d=1 seed=9] building features...
    feats=2.61s  linear=0.6007  tree=0.5227

Feature builds: 10 (full sweep would be 10; fewer if any STL configuration hit its time budget)

Done. Results saved to: /share/ai-lab/adsiega/STLRocket/results/FaceDetection_20260915_152639_e8884f62
