Task 69: dataset=NATOPS n_formulas=1000 depth_max=1 until_weight=0
Output directory: /share/ai-lab/adsiega/STLRocket/results/NATOPS_20260915_152955_9ecdb225
Dataset: NATOPS  budgets: [1000]  depths: [1]  n_run: 10  cv: 5  config_budget: 28800.0s

Loading dataset...
  train: (180, 24, 51)  test: (180, 24, 51)
[stl     b=1000   d=1 seed=0] building features...
    feats=0.40s  linear=0.8778  tree=0.7722
[stl     b=1000   d=1 seed=1] building features...
    feats=0.37s  linear=0.8889  tree=0.7611
[stl     b=1000   d=1 seed=2] building features...
    feats=0.37s  linear=0.9167  tree=0.7444
[stl     b=1000   d=1 seed=3] building features...
    feats=0.35s  linear=0.8778  tree=0.7389
[stl     b=1000   d=1 seed=4] building features...
    feats=0.37s  linear=0.9000  tree=0.7444
[stl     b=1000   d=1 seed=5] building features...
    feats=0.36s  linear=0.8889  tree=0.7278
[stl     b=1000   d=1 seed=6] building features...
    feats=0.35s  linear=0.9000  tree=0.7556
[stl     b=1000   d=1 seed=7] building features...
    feats=0.37s  linear=0.9222  tree=0.7333
[stl     b=1000   d=1 seed=8] building features...
    feats=0.36s  linear=0.9056  tree=0.7889
[stl     b=1000   d=1 seed=9] building features...
    feats=0.38s  linear=0.9000  tree=0.7611

Feature builds: 10 (full sweep would be 10; fewer if any STL configuration hit its time budget)

Done. Results saved to: /share/ai-lab/adsiega/STLRocket/results/NATOPS_20260915_152955_9ecdb225
