Task 42: dataset=MotorImagery n_formulas=100 depth_max=1 until_weight=0
Output directory: /share/ai-lab/adsiega/STLRocket/results/MotorImagery_20260915_152318_da64be03
Dataset: MotorImagery  budgets: [100]  depths: [1]  n_run: 10  cv: 5  config_budget: 28800.0s

Loading dataset...
  train: (278, 64, 3000)  test: (100, 64, 3000)
[stl     b=100    d=1 seed=0] building features...
    feats=0.31s  linear=0.5300  tree=0.5200
[stl     b=100    d=1 seed=1] building features...
    feats=0.39s  linear=0.4700  tree=0.5200
[stl     b=100    d=1 seed=2] building features...
    feats=0.34s  linear=0.5500  tree=0.3900
[stl     b=100    d=1 seed=3] building features...
    feats=0.33s  linear=0.5000  tree=0.5200
[stl     b=100    d=1 seed=4] building features...
    feats=0.36s  linear=0.5000  tree=0.5500
[stl     b=100    d=1 seed=5] building features...
    feats=0.28s  linear=0.5500  tree=0.3900
[stl     b=100    d=1 seed=6] building features...
    feats=0.35s  linear=0.5500  tree=0.5200
[stl     b=100    d=1 seed=7] building features...
    feats=0.30s  linear=0.5300  tree=0.4700
[stl     b=100    d=1 seed=8] building features...
    feats=0.33s  linear=0.5600  tree=0.4600
[stl     b=100    d=1 seed=9] building features...
    feats=0.34s  linear=0.5700  tree=0.4800

Feature builds: 10 (full sweep would be 10; fewer if any STL configuration hit its time budget)

Done. Results saved to: /share/ai-lab/adsiega/STLRocket/results/MotorImagery_20260915_152318_da64be03
