Task 39: dataset=Heartbeat n_formulas=100 depth_max=1 until_weight=0
Output directory: /share/ai-lab/adsiega/STLRocket/results/Heartbeat_20260915_152251_3487ed6d
Dataset: Heartbeat  budgets: [100]  depths: [1]  n_run: 10  cv: 5  config_budget: 28800.0s

Loading dataset...
  train: (204, 61, 405)  test: (205, 61, 405)
[stl     b=100    d=1 seed=0] building features...
    feats=0.11s  linear=0.6745  tree=0.6395
[stl     b=100    d=1 seed=1] building features...
    feats=0.10s  linear=0.6543  tree=0.6530
[stl     b=100    d=1 seed=2] building features...
    feats=0.09s  linear=0.6717  tree=0.5760
[stl     b=100    d=1 seed=3] building features...
    feats=0.09s  linear=0.7022  tree=0.6307
[stl     b=100    d=1 seed=4] building features...
    feats=0.08s  linear=0.6219  tree=0.6604
[stl     b=100    d=1 seed=5] building features...
    feats=0.09s  linear=0.6415  tree=0.6117
[stl     b=100    d=1 seed=6] building features...
    feats=0.08s  linear=0.6718  tree=0.6252
[stl     b=100    d=1 seed=7] building features...
    feats=0.08s  linear=0.6630  tree=0.6050
[stl     b=100    d=1 seed=8] building features...
    feats=0.08s  linear=0.6609  tree=0.6327
[stl     b=100    d=1 seed=9] building features...
    feats=0.08s  linear=0.6651  tree=0.6658

Feature builds: 10 (full sweep would be 10; fewer if any STL configuration hit its time budget)

Done. Results saved to: /share/ai-lab/adsiega/STLRocket/results/Heartbeat_20260915_152251_3487ed6d
