Task 92: dataset=Libras n_formulas=10000 depth_max=1 until_weight=0
Output directory: /share/ai-lab/adsiega/STLRocket/results/Libras_20260915_160615_132765ba
Dataset: Libras  budgets: [10000]  depths: [1]  n_run: 10  cv: 5  config_budget: 28800.0s

Loading dataset...
  train: (180, 2, 45)  test: (180, 2, 45)
[stl     b=10000  d=1 seed=0] building features...
    feats=3.71s  linear=0.8278  tree=0.5444
[stl     b=10000  d=1 seed=1] building features...
    feats=3.89s  linear=0.8389  tree=0.5556
[stl     b=10000  d=1 seed=2] building features...
    feats=3.72s  linear=0.7944  tree=0.5389
[stl     b=10000  d=1 seed=3] building features...
    feats=3.69s  linear=0.8278  tree=0.5167
[stl     b=10000  d=1 seed=4] building features...
    feats=3.86s  linear=0.8278  tree=0.5278
[stl     b=10000  d=1 seed=5] building features...
    feats=3.61s  linear=0.8278  tree=0.5167
[stl     b=10000  d=1 seed=6] building features...
    feats=3.71s  linear=0.8222  tree=0.5444
[stl     b=10000  d=1 seed=7] building features...
    feats=3.75s  linear=0.8278  tree=0.5444
[stl     b=10000  d=1 seed=8] building features...
    feats=3.74s  linear=0.8333  tree=0.5556
[stl     b=10000  d=1 seed=9] building features...
    feats=3.75s  linear=0.8278  tree=0.5333

Feature builds: 10 (full sweep would be 10; fewer if any STL configuration hit its time budget)

Done. Results saved to: /share/ai-lab/adsiega/STLRocket/results/Libras_20260915_160615_132765ba
