Task 35: dataset=FaceDetection n_formulas=100 depth_max=1 until_weight=0
Output directory: /share/ai-lab/adsiega/STLRocket/results/FaceDetection_20260915_152218_b429ddd8
Dataset: FaceDetection  budgets: [100]  depths: [1]  n_run: 10  cv: 5  config_budget: 28800.0s

Loading dataset...
  train: (5890, 144, 62)  test: (3524, 144, 62)
[stl     b=100    d=1 seed=0] building features...
    feats=0.45s  linear=0.5326  tree=0.4974
[stl     b=100    d=1 seed=1] building features...
    feats=0.48s  linear=0.5463  tree=0.5272
[stl     b=100    d=1 seed=2] building features...
    feats=0.46s  linear=0.5082  tree=0.5057
[stl     b=100    d=1 seed=3] building features...
    feats=0.45s  linear=0.5383  tree=0.5009
[stl     b=100    d=1 seed=4] building features...
    feats=0.47s  linear=0.5167  tree=0.5108
[stl     b=100    d=1 seed=5] building features...
    feats=0.46s  linear=0.5536  tree=0.5287
[stl     b=100    d=1 seed=6] building features...
    feats=0.49s  linear=0.5604  tree=0.5062
[stl     b=100    d=1 seed=7] building features...
    feats=0.45s  linear=0.5431  tree=0.5201
[stl     b=100    d=1 seed=8] building features...
    feats=0.46s  linear=0.5460  tree=0.5045
[stl     b=100    d=1 seed=9] building features...
    feats=0.46s  linear=0.5474  tree=0.4932

Feature builds: 10 (full sweep would be 10; fewer if any STL configuration hit its time budget)

Done. Results saved to: /share/ai-lab/adsiega/STLRocket/results/FaceDetection_20260915_152218_b429ddd8
