Task 78: dataset=ArticularyWordRecognition n_formulas=10000 depth_max=1 until_weight=0
Output directory: /share/ai-lab/adsiega/STLRocket/results/ArticularyWordRecognition_20260915_153636_4aeb73f2
Dataset: ArticularyWordRecognition  budgets: [10000]  depths: [1]  n_run: 10  cv: 5  config_budget: 28800.0s

Loading dataset...
  train: (275, 9, 144)  test: (300, 9, 144)
[stl     b=10000  d=1 seed=0] building features...
    feats=6.42s  linear=0.9467  tree=0.7933
[stl     b=10000  d=1 seed=1] building features...
    feats=6.39s  linear=0.9367  tree=0.7033
[stl     b=10000  d=1 seed=2] building features...
    feats=6.59s  linear=0.9533  tree=0.7567
[stl     b=10000  d=1 seed=3] building features...
    feats=6.47s  linear=0.9733  tree=0.7533
[stl     b=10000  d=1 seed=4] building features...
    feats=6.18s  linear=0.9800  tree=0.7500
[stl     b=10000  d=1 seed=5] building features...
    feats=5.94s  linear=0.9700  tree=0.7700
[stl     b=10000  d=1 seed=6] building features...
    feats=6.48s  linear=0.9667  tree=0.7900
[stl     b=10000  d=1 seed=7] building features...
    feats=6.17s  linear=0.9733  tree=0.7367
[stl     b=10000  d=1 seed=8] building features...
    feats=6.36s  linear=0.9467  tree=0.7767
[stl     b=10000  d=1 seed=9] building features...
    feats=6.70s  linear=0.9700  tree=0.7600

Feature builds: 10 (full sweep would be 10; fewer if any STL configuration hit its time budget)

Done. Results saved to: /share/ai-lab/adsiega/STLRocket/results/ArticularyWordRecognition_20260915_153636_4aeb73f2
