Task 18: dataset=PenDigits n_formulas=10 depth_max=1 until_weight=0
Output directory: /share/ai-lab/adsiega/STLRocket/results/PenDigits_20260915_152040_591a86f0
Dataset: PenDigits  budgets: [10]  depths: [1]  n_run: 10  cv: 5  config_budget: 28800.0s

Loading dataset...
  train: (7494, 2, 8)  test: (3498, 2, 8)
[stl     b=10     d=1 seed=0] building features...
    feats=0.02s  linear=0.5556  tree=0.6432
[stl     b=10     d=1 seed=1] building features...
    feats=0.02s  linear=0.5954  tree=0.7229
[stl     b=10     d=1 seed=2] building features...
    feats=0.02s  linear=0.7368  tree=0.8063
[stl     b=10     d=1 seed=3] building features...
    feats=0.02s  linear=0.5569  tree=0.7163
[stl     b=10     d=1 seed=4] building features...
    feats=0.02s  linear=0.6878  tree=0.7662
[stl     b=10     d=1 seed=5] building features...
    feats=0.02s  linear=0.4660  tree=0.5153
[stl     b=10     d=1 seed=6] building features...
    feats=0.02s  linear=0.5037  tree=0.6021
[stl     b=10     d=1 seed=7] building features...
    feats=0.02s  linear=0.7460  tree=0.8267
[stl     b=10     d=1 seed=8] building features...
    feats=0.02s  linear=0.6005  tree=0.6807
[stl     b=10     d=1 seed=9] building features...
    feats=0.02s  linear=0.3716  tree=0.4229

Feature builds: 10 (full sweep would be 10; fewer if any STL configuration hit its time budget)

Done. Results saved to: /share/ai-lab/adsiega/STLRocket/results/PenDigits_20260915_152040_591a86f0
