Task 29: dataset=Cricket n_formulas=100 depth_max=1 until_weight=0
Output directory: /share/ai-lab/adsiega/STLRocket/results/Cricket_20260915_152152_dd9409d4
Dataset: Cricket  budgets: [100]  depths: [1]  n_run: 10  cv: 5  config_budget: 28800.0s

Loading dataset...
  train: (108, 6, 1197)  test: (72, 6, 1197)
[stl     b=100    d=1 seed=0] building features...
    feats=0.11s  linear=0.9028  tree=0.8750
[stl     b=100    d=1 seed=1] building features...
    feats=0.09s  linear=0.9167  tree=0.7500
[stl     b=100    d=1 seed=2] building features...
    feats=0.09s  linear=0.8194  tree=0.8611
[stl     b=100    d=1 seed=3] building features...
    feats=0.08s  linear=0.9028  tree=0.8750
[stl     b=100    d=1 seed=4] building features...
    feats=0.08s  linear=0.8611  tree=0.7361
[stl     b=100    d=1 seed=5] building features...
    feats=0.08s  linear=0.8750  tree=0.8889
[stl     b=100    d=1 seed=6] building features...
    feats=0.08s  linear=0.8611  tree=0.8611
[stl     b=100    d=1 seed=7] building features...
    feats=0.07s  linear=0.9167  tree=0.8889
[stl     b=100    d=1 seed=8] building features...
    feats=0.07s  linear=0.9028  tree=0.8889
[stl     b=100    d=1 seed=9] building features...
    feats=0.07s  linear=0.9028  tree=0.8750

Feature builds: 10 (full sweep would be 10; fewer if any STL configuration hit its time budget)

Done. Results saved to: /share/ai-lab/adsiega/STLRocket/results/Cricket_20260915_152152_dd9409d4
