Task 20: dataset=PhonemeSpectra n_formulas=10 depth_max=1 until_weight=0
Output directory: /share/ai-lab/adsiega/STLRocket/results/PhonemeSpectra_20260915_152046_60aa2332
Dataset: PhonemeSpectra  budgets: [10]  depths: [1]  n_run: 10  cv: 5  config_budget: 28800.0s

Loading dataset...
  train: (3315, 11, 217)  test: (3353, 11, 217)
[stl     b=10     d=1 seed=0] building features...
    feats=0.05s  linear=0.0704  tree=0.0737
[stl     b=10     d=1 seed=1] building features...
    feats=0.09s  linear=0.0647  tree=0.0692
[stl     b=10     d=1 seed=2] building features...
    feats=0.07s  linear=0.0785  tree=0.0838
[stl     b=10     d=1 seed=3] building features...
    feats=0.06s  linear=0.0671  tree=0.0760
[stl     b=10     d=1 seed=4] building features...
    feats=0.05s  linear=0.0749  tree=0.0785
[stl     b=10     d=1 seed=5] building features...
    feats=0.06s  linear=0.0647  tree=0.0766
[stl     b=10     d=1 seed=6] building features...
    feats=0.06s  linear=0.0662  tree=0.0728
[stl     b=10     d=1 seed=7] building features...
    feats=0.06s  linear=0.0760  tree=0.0806
[stl     b=10     d=1 seed=8] building features...
    feats=0.06s  linear=0.0641  tree=0.0773
[stl     b=10     d=1 seed=9] building features...
    feats=0.07s  linear=0.0653  tree=0.0764

Feature builds: 10 (full sweep would be 10; fewer if any STL configuration hit its time budget)

Done. Results saved to: /share/ai-lab/adsiega/STLRocket/results/PhonemeSpectra_20260915_152046_60aa2332
