Task 19: dataset=PEMS-SF n_formulas=10 depth_max=1 until_weight=0
Output directory: /share/ai-lab/adsiega/STLRocket/results/PEMS-SF_20260915_152046_39f0bea7
Dataset: PEMS-SF  budgets: [10]  depths: [1]  n_run: 10  cv: 5  config_budget: 28800.0s

Loading dataset...
  train: (267, 963, 144)  test: (173, 963, 144)
[stl     b=10     d=1 seed=0] building features...
    feats=0.08s  linear=0.4042  tree=0.8709
[stl     b=10     d=1 seed=1] building features...
    feats=0.08s  linear=0.5042  tree=0.7269
[stl     b=10     d=1 seed=2] building features...
    feats=0.08s  linear=0.4815  tree=0.7708
[stl     b=10     d=1 seed=3] building features...
    feats=0.08s  linear=0.3694  tree=0.6854
[stl     b=10     d=1 seed=4] building features...
    feats=0.08s  linear=0.4156  tree=0.7009
[stl     b=10     d=1 seed=5] building features...
    feats=0.08s  linear=0.3693  tree=0.6536
[stl     b=10     d=1 seed=6] building features...
    feats=0.08s  linear=0.4530  tree=0.7533
[stl     b=10     d=1 seed=7] building features...
    feats=0.08s  linear=0.4615  tree=0.7362
[stl     b=10     d=1 seed=8] building features...
    feats=0.08s  linear=0.2629  tree=0.7321
[stl     b=10     d=1 seed=9] building features...
    feats=0.08s  linear=0.4235  tree=0.8088

Feature builds: 10 (full sweep would be 10; fewer if any STL configuration hit its time budget)

Done. Results saved to: /share/ai-lab/adsiega/STLRocket/results/PEMS-SF_20260915_152046_39f0bea7
