Task 64: dataset=Handwriting n_formulas=1000 depth_max=1 until_weight=0
Output directory: /share/ai-lab/adsiega/STLRocket/results/Handwriting_20260915_152752_b31505ae
Dataset: Handwriting  budgets: [1000]  depths: [1]  n_run: 10  cv: 5  config_budget: 28800.0s

Loading dataset...
  train: (150, 3, 152)  test: (850, 3, 152)
[stl     b=1000   d=1 seed=0] building features...
    feats=0.90s  linear=0.2699  tree=0.1202
[stl     b=1000   d=1 seed=1] building features...
    feats=0.95s  linear=0.2001  tree=0.1264
[stl     b=1000   d=1 seed=2] building features...
    feats=0.82s  linear=0.1784  tree=0.1032
[stl     b=1000   d=1 seed=3] building features...
    feats=0.75s  linear=0.2388  tree=0.1251
[stl     b=1000   d=1 seed=4] building features...
    feats=0.75s  linear=0.2312  tree=0.1048
[stl     b=1000   d=1 seed=5] building features...
    feats=0.75s  linear=0.2542  tree=0.0995
[stl     b=1000   d=1 seed=6] building features...
    feats=0.70s  linear=0.2106  tree=0.1097
[stl     b=1000   d=1 seed=7] building features...
    feats=0.81s  linear=0.2032  tree=0.1312
[stl     b=1000   d=1 seed=8] building features...
    feats=0.69s  linear=0.2419  tree=0.1242
[stl     b=1000   d=1 seed=9] building features...
    feats=0.77s  linear=0.2322  tree=0.1081

Feature builds: 10 (full sweep would be 10; fewer if any STL configuration hit its time budget)

Done. Results saved to: /share/ai-lab/adsiega/STLRocket/results/Handwriting_20260915_152752_b31505ae
