Task 94: dataset=MotorImagery n_formulas=10000 depth_max=1 until_weight=0
Output directory: /share/ai-lab/adsiega/STLRocket/results/MotorImagery_20260915_161422_8a925868
Dataset: MotorImagery  budgets: [10000]  depths: [1]  n_run: 10  cv: 5  config_budget: 28800.0s

Loading dataset...
  train: (278, 64, 3000)  test: (100, 64, 3000)
[stl     b=10000  d=1 seed=0] building features...
    feats=34.65s  linear=0.5000  tree=0.5000
[stl     b=10000  d=1 seed=1] building features...
    feats=29.06s  linear=0.5500  tree=0.4300
[stl     b=10000  d=1 seed=2] building features...
    feats=27.76s  linear=0.5500  tree=0.4000
[stl     b=10000  d=1 seed=3] building features...
    feats=26.71s  linear=0.5500  tree=0.4500
[stl     b=10000  d=1 seed=4] building features...
    feats=27.04s  linear=0.5500  tree=0.6200
[stl     b=10000  d=1 seed=5] building features...
    feats=28.82s  linear=0.5500  tree=0.4300
[stl     b=10000  d=1 seed=6] building features...
    feats=27.13s  linear=0.5500  tree=0.4500
[stl     b=10000  d=1 seed=7] building features...
    feats=26.92s  linear=0.5500  tree=0.5300
[stl     b=10000  d=1 seed=8] building features...
    feats=26.46s  linear=0.5500  tree=0.4200
[stl     b=10000  d=1 seed=9] building features...
    feats=27.17s  linear=0.5000  tree=0.4200

Feature builds: 10 (full sweep would be 10; fewer if any STL configuration hit its time budget)

Done. Results saved to: /share/ai-lab/adsiega/STLRocket/results/MotorImagery_20260915_161422_8a925868
