Task 88: dataset=FingerMovements n_formulas=10000 depth_max=1 until_weight=0
Output directory: /share/ai-lab/adsiega/STLRocket/results/FingerMovements_20260915_155202_101997f5
Dataset: FingerMovements  budgets: [10000]  depths: [1]  n_run: 10  cv: 5  config_budget: 28800.0s

Loading dataset...
  train: (316, 28, 50)  test: (100, 28, 50)
[stl     b=10000  d=1 seed=0] building features...
    feats=4.22s  linear=0.4692  tree=0.4386
[stl     b=10000  d=1 seed=1] building features...
    feats=4.48s  linear=0.5716  tree=0.5238
[stl     b=10000  d=1 seed=2] building features...
    feats=4.08s  linear=0.5504  tree=0.5664
[stl     b=10000  d=1 seed=3] building features...
    feats=4.01s  linear=0.5716  tree=0.5802
[stl     b=10000  d=1 seed=4] building features...
    feats=4.02s  linear=0.4696  tree=0.5006
[stl     b=10000  d=1 seed=5] building features...
    feats=3.93s  linear=0.5312  tree=0.5888
[stl     b=10000  d=1 seed=6] building features...
    feats=3.92s  linear=0.5610  tree=0.4634
[stl     b=10000  d=1 seed=7] building features...
    feats=4.01s  linear=0.5618  tree=0.5132
[stl     b=10000  d=1 seed=8] building features...
    feats=4.09s  linear=0.4798  tree=0.5194
[stl     b=10000  d=1 seed=9] building features...
    feats=4.11s  linear=0.5814  tree=0.4842

Feature builds: 10 (full sweep would be 10; fewer if any STL configuration hit its time budget)

Done. Results saved to: /share/ai-lab/adsiega/STLRocket/results/FingerMovements_20260915_155202_101997f5
