Task 44: dataset=PenDigits n_formulas=100 depth_max=1 until_weight=0
Output directory: /share/ai-lab/adsiega/STLRocket/results/PenDigits_20260915_152323_b4a5a722
Dataset: PenDigits  budgets: [100]  depths: [1]  n_run: 10  cv: 5  config_budget: 28800.0s

Loading dataset...
  train: (7494, 2, 8)  test: (3498, 2, 8)
[stl     b=100    d=1 seed=0] building features...
    feats=1.41s  linear=0.9641  tree=0.9240
[stl     b=100    d=1 seed=1] building features...
    feats=0.39s  linear=0.9583  tree=0.9159
[stl     b=100    d=1 seed=2] building features...
    feats=0.12s  linear=0.9590  tree=0.9226
[stl     b=100    d=1 seed=3] building features...
    feats=0.11s  linear=0.9610  tree=0.9146
[stl     b=100    d=1 seed=4] building features...
    feats=0.11s  linear=0.6872  tree=0.9072
[stl     b=100    d=1 seed=5] building features...
    feats=0.37s  linear=0.9577  tree=0.9279
[stl     b=100    d=1 seed=6] building features...
    feats=0.28s  linear=0.9472  tree=0.9105
[stl     b=100    d=1 seed=7] building features...
    feats=0.11s  linear=0.9625  tree=0.9147
[stl     b=100    d=1 seed=8] building features...
    feats=0.36s  linear=0.9589  tree=0.9175
[stl     b=100    d=1 seed=9] building features...
    feats=0.27s  linear=0.9592  tree=0.9178

Feature builds: 10 (full sweep would be 10; fewer if any STL configuration hit its time budget)

Done. Results saved to: /share/ai-lab/adsiega/STLRocket/results/PenDigits_20260915_152323_b4a5a722
