Task 5: dataset=EigenWorms n_formulas=10 depth_max=1 until_weight=0
Output directory: /share/ai-lab/adsiega/STLRocket/results/EigenWorms_20260915_151952_6b16f401
Dataset: EigenWorms  budgets: [10]  depths: [1]  n_run: 10  cv: 5  config_budget: 28800.0s

Loading dataset...
  train: (128, 6, 17984)  test: (131, 6, 17984)
[stl     b=10     d=1 seed=0] building features...
    feats=0.14s  linear=0.4191  tree=0.4893
[stl     b=10     d=1 seed=1] building features...
    feats=0.12s  linear=0.4038  tree=0.4138
[stl     b=10     d=1 seed=2] building features...
    feats=0.11s  linear=0.3464  tree=0.4947
[stl     b=10     d=1 seed=3] building features...
    feats=0.09s  linear=0.4110  tree=0.4348
[stl     b=10     d=1 seed=4] building features...
    feats=0.07s  linear=0.3119  tree=0.3874
[stl     b=10     d=1 seed=5] building features...
    feats=0.11s  linear=0.3216  tree=0.5239
[stl     b=10     d=1 seed=6] building features...
    feats=0.10s  linear=0.4147  tree=0.4143
[stl     b=10     d=1 seed=7] building features...
    feats=0.08s  linear=0.3661  tree=0.4528
[stl     b=10     d=1 seed=8] building features...
    feats=0.12s  linear=0.4735  tree=0.4337
[stl     b=10     d=1 seed=9] building features...
    feats=0.15s  linear=0.3353  tree=0.4691

Feature builds: 10 (full sweep would be 10; fewer if any STL configuration hit its time budget)

Done. Results saved to: /share/ai-lab/adsiega/STLRocket/results/EigenWorms_20260915_151952_6b16f401
