Task 90: dataset=Handwriting n_formulas=10000 depth_max=1 until_weight=0
Output directory: /share/ai-lab/adsiega/STLRocket/results/Handwriting_20260915_155943_3c831cf7
Dataset: Handwriting  budgets: [10000]  depths: [1]  n_run: 10  cv: 5  config_budget: 28800.0s

Loading dataset...
  train: (150, 3, 152)  test: (850, 3, 152)
[stl     b=10000  d=1 seed=0] building features...
    feats=9.19s  linear=0.2416  tree=0.1188
[stl     b=10000  d=1 seed=1] building features...
    feats=9.55s  linear=0.2293  tree=0.1053
[stl     b=10000  d=1 seed=2] building features...
    feats=8.41s  linear=0.2565  tree=0.1011
[stl     b=10000  d=1 seed=3] building features...
    feats=8.73s  linear=0.2196  tree=0.0998
[stl     b=10000  d=1 seed=4] building features...
    feats=8.37s  linear=0.2721  tree=0.1181
[stl     b=10000  d=1 seed=5] building features...
    feats=8.40s  linear=0.2390  tree=0.1193
[stl     b=10000  d=1 seed=6] building features...
    feats=8.91s  linear=0.2772  tree=0.0941
[stl     b=10000  d=1 seed=7] building features...
    feats=8.05s  linear=0.1977  tree=0.1334
[stl     b=10000  d=1 seed=8] building features...
    feats=8.17s  linear=0.1714  tree=0.1304
[stl     b=10000  d=1 seed=9] building features...
    feats=8.23s  linear=0.2224  tree=0.1244

Feature builds: 10 (full sweep would be 10; fewer if any STL configuration hit its time budget)

Done. Results saved to: /share/ai-lab/adsiega/STLRocket/results/Handwriting_20260915_155943_3c831cf7
