Task 40: dataset=Libras n_formulas=100 depth_max=1 until_weight=0
Output directory: /share/ai-lab/adsiega/STLRocket/results/Libras_20260915_152256_4e5542ae
Dataset: Libras  budgets: [100]  depths: [1]  n_run: 10  cv: 5  config_budget: 28800.0s

Loading dataset...
  train: (180, 2, 45)  test: (180, 2, 45)
[stl     b=100    d=1 seed=0] building features...
    feats=0.05s  linear=0.8333  tree=0.6722
[stl     b=100    d=1 seed=1] building features...
    feats=0.04s  linear=0.8611  tree=0.6000
[stl     b=100    d=1 seed=2] building features...
    feats=0.04s  linear=0.8056  tree=0.6056
[stl     b=100    d=1 seed=3] building features...
    feats=0.03s  linear=0.7667  tree=0.5944
[stl     b=100    d=1 seed=4] building features...
    feats=0.04s  linear=0.8333  tree=0.6056
[stl     b=100    d=1 seed=5] building features...
    feats=0.04s  linear=0.8111  tree=0.6278
[stl     b=100    d=1 seed=6] building features...
    feats=0.04s  linear=0.8278  tree=0.6222
[stl     b=100    d=1 seed=7] building features...
    feats=0.03s  linear=0.8278  tree=0.5944
[stl     b=100    d=1 seed=8] building features...
    feats=0.04s  linear=0.8167  tree=0.6111
[stl     b=100    d=1 seed=9] building features...
    feats=0.04s  linear=0.8111  tree=0.5444

Feature builds: 10 (full sweep would be 10; fewer if any STL configuration hit its time budget)

Done. Results saved to: /share/ai-lab/adsiega/STLRocket/results/Libras_20260915_152256_4e5542ae
