Task 26: dataset=ArticularyWordRecognition n_formulas=100 depth_max=1 until_weight=0
Output directory: /share/ai-lab/adsiega/STLRocket/results/ArticularyWordRecognition_20260915_152129_aa6d00ab
Dataset: ArticularyWordRecognition  budgets: [100]  depths: [1]  n_run: 10  cv: 5  config_budget: 28800.0s

Loading dataset...
  train: (275, 9, 144)  test: (300, 9, 144)
[stl     b=100    d=1 seed=0] building features...
    feats=0.07s  linear=0.9467  tree=0.7800
[stl     b=100    d=1 seed=1] building features...
    feats=0.06s  linear=0.9767  tree=0.7067
[stl     b=100    d=1 seed=2] building features...
    feats=0.06s  linear=0.9333  tree=0.7100
[stl     b=100    d=1 seed=3] building features...
    feats=0.06s  linear=0.9667  tree=0.7600
[stl     b=100    d=1 seed=4] building features...
    feats=0.06s  linear=0.9700  tree=0.7233
[stl     b=100    d=1 seed=5] building features...
    feats=0.05s  linear=0.9433  tree=0.6733
[stl     b=100    d=1 seed=6] building features...
    feats=0.06s  linear=0.9533  tree=0.7500
[stl     b=100    d=1 seed=7] building features...
    feats=0.05s  linear=0.9467  tree=0.7133
[stl     b=100    d=1 seed=8] building features...
    feats=0.05s  linear=0.9467  tree=0.7167
[stl     b=100    d=1 seed=9] building features...
    feats=0.06s  linear=0.9467  tree=0.7067

Feature builds: 10 (full sweep would be 10; fewer if any STL configuration hit its time budget)

Done. Results saved to: /share/ai-lab/adsiega/STLRocket/results/ArticularyWordRecognition_20260915_152129_aa6d00ab
