Task 8: dataset=ERing n_formulas=10 depth_max=1 until_weight=0
Output directory: /share/ai-lab/adsiega/STLRocket/results/ERing_20260915_151952_9cba6c73
Dataset: ERing  budgets: [10]  depths: [1]  n_run: 10  cv: 5  config_budget: 28800.0s

Loading dataset...
  train: (30, 4, 65)  test: (270, 4, 65)
[stl     b=10     d=1 seed=0] building features...
    feats=0.31s  linear=0.6630  tree=0.7259
[stl     b=10     d=1 seed=1] building features...
    feats=0.10s  linear=0.6852  tree=0.6185
[stl     b=10     d=1 seed=2] building features...
    feats=0.25s  linear=0.7481  tree=0.6704
[stl     b=10     d=1 seed=3] building features...
    feats=0.30s  linear=0.6889  tree=0.5926
[stl     b=10     d=1 seed=4] building features...
    feats=0.20s  linear=0.7333  tree=0.6074
[stl     b=10     d=1 seed=5] building features...
    feats=0.10s  linear=0.6630  tree=0.6000
[stl     b=10     d=1 seed=6] building features...
    feats=0.16s  linear=0.7333  tree=0.5630
[stl     b=10     d=1 seed=7] building features...
    feats=0.30s  linear=0.7000  tree=0.5519
[stl     b=10     d=1 seed=8] building features...
    feats=0.20s  linear=0.7556  tree=0.6185
[stl     b=10     d=1 seed=9] building features...
    feats=0.04s  linear=0.6000  tree=0.5000

Feature builds: 10 (full sweep would be 10; fewer if any STL configuration hit its time budget)

Done. Results saved to: /share/ai-lab/adsiega/STLRocket/results/ERing_20260915_151952_9cba6c73
