Task 62: dataset=FingerMovements n_formulas=1000 depth_max=1 until_weight=0
Output directory: /share/ai-lab/adsiega/STLRocket/results/FingerMovements_20260915_152644_8e80b6a7
Dataset: FingerMovements  budgets: [1000]  depths: [1]  n_run: 10  cv: 5  config_budget: 28800.0s

Loading dataset...
  train: (316, 28, 50)  test: (100, 28, 50)
[stl     b=1000   d=1 seed=0] building features...
    feats=0.39s  linear=0.4500  tree=0.4704
[stl     b=1000   d=1 seed=1] building features...
    feats=0.46s  linear=0.4288  tree=0.4998
[stl     b=1000   d=1 seed=2] building features...
    feats=0.38s  linear=0.5508  tree=0.4598
[stl     b=1000   d=1 seed=3] building features...
    feats=0.37s  linear=0.5414  tree=0.5186
[stl     b=1000   d=1 seed=4] building features...
    feats=0.36s  linear=0.4492  tree=0.4088
[stl     b=1000   d=1 seed=5] building features...
    feats=0.37s  linear=0.5002  tree=0.5296
[stl     b=1000   d=1 seed=6] building features...
    feats=0.36s  linear=0.5014  tree=0.5112
[stl     b=1000   d=1 seed=7] building features...
    feats=0.48s  linear=0.4708  tree=0.5096
[stl     b=1000   d=1 seed=8] building features...
    feats=0.39s  linear=0.4292  tree=0.5716
[stl     b=1000   d=1 seed=9] building features...
    feats=0.40s  linear=0.4402  tree=0.4982

Feature builds: 10 (full sweep would be 10; fewer if any STL configuration hit its time budget)

Done. Results saved to: /share/ai-lab/adsiega/STLRocket/results/FingerMovements_20260915_152644_8e80b6a7
