Task 22: dataset=SelfRegulationSCP1 n_formulas=10 depth_max=1 until_weight=0
Output directory: /share/ai-lab/adsiega/STLRocket/results/SelfRegulationSCP1_20260915_152107_61951e32
Dataset: SelfRegulationSCP1  budgets: [10]  depths: [1]  n_run: 10  cv: 5  config_budget: 28800.0s

Loading dataset...
  train: (268, 6, 896)  test: (293, 6, 896)
[stl     b=10     d=1 seed=0] building features...
    feats=0.04s  linear=0.5983  tree=0.6358
[stl     b=10     d=1 seed=1] building features...
    feats=0.02s  linear=0.7923  tree=0.8093
[stl     b=10     d=1 seed=2] building features...
    feats=0.02s  linear=0.7072  tree=0.7919
[stl     b=10     d=1 seed=3] building features...
    feats=0.01s  linear=0.8976  tree=0.8126
[stl     b=10     d=1 seed=4] building features...
    feats=0.01s  linear=0.7209  tree=0.6528
[stl     b=10     d=1 seed=5] building features...
    feats=0.02s  linear=0.6394  tree=0.7278
[stl     b=10     d=1 seed=6] building features...
    feats=0.01s  linear=0.7379  tree=0.6968
[stl     b=10     d=1 seed=7] building features...
    feats=0.02s  linear=0.7414  tree=0.7991
[stl     b=10     d=1 seed=8] building features...
    feats=0.02s  linear=0.6292  tree=0.7242
[stl     b=10     d=1 seed=9] building features...
    feats=0.02s  linear=0.8332  tree=0.7920

Feature builds: 10 (full sweep would be 10; fewer if any STL configuration hit its time budget)

Done. Results saved to: /share/ai-lab/adsiega/STLRocket/results/SelfRegulationSCP1_20260915_152107_61951e32
