Task 52: dataset=ArticularyWordRecognition n_formulas=1000 depth_max=1 until_weight=0
Output directory: /share/ai-lab/adsiega/STLRocket/results/ArticularyWordRecognition_20260915_152500_8e6e0cc8
Dataset: ArticularyWordRecognition  budgets: [1000]  depths: [1]  n_run: 10  cv: 5  config_budget: 28800.0s

Loading dataset...
  train: (275, 9, 144)  test: (300, 9, 144)
[stl     b=1000   d=1 seed=0] building features...
    feats=0.62s  linear=0.9700  tree=0.7467
[stl     b=1000   d=1 seed=1] building features...
    feats=0.61s  linear=0.9633  tree=0.7667
[stl     b=1000   d=1 seed=2] building features...
    feats=0.58s  linear=0.9600  tree=0.7600
[stl     b=1000   d=1 seed=3] building features...
    feats=0.58s  linear=0.9567  tree=0.7467
[stl     b=1000   d=1 seed=4] building features...
    feats=0.56s  linear=0.9700  tree=0.7333
[stl     b=1000   d=1 seed=5] building features...
    feats=0.58s  linear=0.9700  tree=0.7533
[stl     b=1000   d=1 seed=6] building features...
    feats=0.57s  linear=0.9633  tree=0.7800
[stl     b=1000   d=1 seed=7] building features...
    feats=0.57s  linear=0.9633  tree=0.7500
[stl     b=1000   d=1 seed=8] building features...
    feats=0.59s  linear=0.9533  tree=0.7400
[stl     b=1000   d=1 seed=9] building features...
    feats=0.56s  linear=0.9767  tree=0.7333

Feature builds: 10 (full sweep would be 10; fewer if any STL configuration hit its time budget)

Done. Results saved to: /share/ai-lab/adsiega/STLRocket/results/ArticularyWordRecognition_20260915_152500_8e6e0cc8
