Task 15: dataset=LSST n_formulas=10 depth_max=1 until_weight=0
Output directory: /share/ai-lab/adsiega/STLRocket/results/LSST_20260915_152039_e7dcbaa3
Dataset: LSST  budgets: [10]  depths: [1]  n_run: 10  cv: 5  config_budget: 28800.0s

Loading dataset...
  train: (2459, 6, 36)  test: (2466, 6, 36)
[stl     b=10     d=1 seed=0] building features...
    feats=0.03s  linear=0.2808  tree=0.3474
[stl     b=10     d=1 seed=1] building features...
    feats=0.02s  linear=0.2527  tree=0.2886
[stl     b=10     d=1 seed=2] building features...
    feats=0.02s  linear=0.2540  tree=0.3374
[stl     b=10     d=1 seed=3] building features...
    feats=0.02s  linear=0.2683  tree=0.3261
[stl     b=10     d=1 seed=4] building features...
    feats=0.02s  linear=0.2612  tree=0.2444
[stl     b=10     d=1 seed=5] building features...
    feats=0.02s  linear=0.3046  tree=0.3449
[stl     b=10     d=1 seed=6] building features...
    feats=0.02s  linear=0.2398  tree=0.3414
[stl     b=10     d=1 seed=7] building features...
    feats=0.02s  linear=0.2331  tree=0.3083
[stl     b=10     d=1 seed=8] building features...
    feats=0.02s  linear=0.2744  tree=0.2994
[stl     b=10     d=1 seed=9] building features...
    feats=0.02s  linear=0.2988  tree=0.3446

Feature builds: 10 (full sweep would be 10; fewer if any STL configuration hit its time budget)

Done. Results saved to: /share/ai-lab/adsiega/STLRocket/results/LSST_20260915_152039_e7dcbaa3
