Task 59: dataset=EthanolConcentration n_formulas=1000 depth_max=1 until_weight=0
Output directory: /share/ai-lab/adsiega/STLRocket/results/EthanolConcentration_20260915_152618_f88fb606
Dataset: EthanolConcentration  budgets: [1000]  depths: [1]  n_run: 10  cv: 5  config_budget: 28800.0s

Loading dataset...
  train: (261, 3, 1751)  test: (263, 3, 1751)
[stl     b=1000   d=1 seed=0] building features...
    feats=3.02s  linear=0.5337  tree=0.3994
[stl     b=1000   d=1 seed=1] building features...
    feats=3.07s  linear=0.5527  tree=0.3953
[stl     b=1000   d=1 seed=2] building features...
    feats=2.79s  linear=0.5489  tree=0.4033
[stl     b=1000   d=1 seed=3] building features...
    feats=2.60s  linear=0.5754  tree=0.3728
[stl     b=1000   d=1 seed=4] building features...
    feats=2.55s  linear=0.5791  tree=0.3840
[stl     b=1000   d=1 seed=5] building features...
    feats=2.74s  linear=0.5716  tree=0.3881
[stl     b=1000   d=1 seed=6] building features...
    feats=2.70s  linear=0.5450  tree=0.3765
[stl     b=1000   d=1 seed=7] building features...
    feats=2.61s  linear=0.5527  tree=0.3877
[stl     b=1000   d=1 seed=8] building features...
    feats=2.57s  linear=0.5717  tree=0.3653
[stl     b=1000   d=1 seed=9] building features...
    feats=2.77s  linear=0.5640  tree=0.3767

Feature builds: 10 (full sweep would be 10; fewer if any STL configuration hit its time budget)

Done. Results saved to: /share/ai-lab/adsiega/STLRocket/results/EthanolConcentration_20260915_152618_f88fb606
