Task 57: dataset=EigenWorms n_formulas=1000 depth_max=1 until_weight=0
Output directory: /share/ai-lab/adsiega/STLRocket/results/EigenWorms_20260915_152531_c4cd8d2d
Dataset: EigenWorms  budgets: [1000]  depths: [1]  n_run: 10  cv: 5  config_budget: 28800.0s

Loading dataset...
  train: (128, 6, 17984)  test: (131, 6, 17984)
[stl     b=1000   d=1 seed=0] building features...
    feats=10.07s  linear=0.5784  tree=0.4941
[stl     b=1000   d=1 seed=1] building features...
    feats=9.38s  linear=0.6507  tree=0.5986
[stl     b=1000   d=1 seed=2] building features...
    feats=8.69s  linear=0.5292  tree=0.5624
[stl     b=1000   d=1 seed=3] building features...
    feats=8.26s  linear=0.5653  tree=0.5073
[stl     b=1000   d=1 seed=4] building features...
    feats=8.18s  linear=0.4924  tree=0.4657
[stl     b=1000   d=1 seed=5] building features...
    feats=8.27s  linear=0.4715  tree=0.5421
[stl     b=1000   d=1 seed=6] building features...
    feats=8.51s  linear=0.6103  tree=0.4914
[stl     b=1000   d=1 seed=7] building features...
    feats=9.09s  linear=0.6772  tree=0.4400
[stl     b=1000   d=1 seed=8] building features...
    feats=8.63s  linear=0.6337  tree=0.4333
[stl     b=1000   d=1 seed=9] building features...
    feats=8.59s  linear=0.5388  tree=0.6064

Feature builds: 10 (full sweep would be 10; fewer if any STL configuration hit its time budget)

Done. Results saved to: /share/ai-lab/adsiega/STLRocket/results/EigenWorms_20260915_152531_c4cd8d2d
