Task 81: dataset=Cricket n_formulas=10000 depth_max=1 until_weight=0
Output directory: /share/ai-lab/adsiega/STLRocket/results/Cricket_20260915_154031_9d42108a
Dataset: Cricket  budgets: [10000]  depths: [1]  n_run: 10  cv: 5  config_budget: 28800.0s

Loading dataset...
  train: (108, 6, 1197)  test: (72, 6, 1197)
[stl     b=10000  d=1 seed=0] building features...
    feats=10.40s  linear=0.9028  tree=0.8333
[stl     b=10000  d=1 seed=1] building features...
    feats=11.01s  linear=0.9028  tree=0.8194
[stl     b=10000  d=1 seed=2] building features...
    feats=10.77s  linear=0.9167  tree=0.8472
[stl     b=10000  d=1 seed=3] building features...
    feats=9.09s  linear=0.9028  tree=0.8472
[stl     b=10000  d=1 seed=4] building features...
    feats=8.71s  linear=0.8750  tree=0.7917
[stl     b=10000  d=1 seed=5] building features...
    feats=9.31s  linear=0.8889  tree=0.8889
[stl     b=10000  d=1 seed=6] building features...
    feats=10.03s  linear=0.9028  tree=0.8194
[stl     b=10000  d=1 seed=7] building features...
    feats=9.37s  linear=0.9028  tree=0.8472
[stl     b=10000  d=1 seed=8] building features...
    feats=8.79s  linear=0.9306  tree=0.8472
[stl     b=10000  d=1 seed=9] building features...
    feats=9.06s  linear=0.9028  tree=0.8056

Feature builds: 10 (full sweep would be 10; fewer if any STL configuration hit its time budget)

Done. Results saved to: /share/ai-lab/adsiega/STLRocket/results/Cricket_20260915_154031_9d42108a
