Task 97: dataset=PEMS-SF n_formulas=10000 depth_max=1 until_weight=0
Output directory: /share/ai-lab/adsiega/STLRocket/results/PEMS-SF_20260915_162744_ed75951c
Dataset: PEMS-SF  budgets: [10000]  depths: [1]  n_run: 10  cv: 5  config_budget: 28800.0s

Loading dataset...
  train: (267, 963, 144)  test: (173, 963, 144)
[stl     b=10000  d=1 seed=0] building features...
    feats=5.98s  linear=0.8364  tree=0.8155
[stl     b=10000  d=1 seed=1] building features...
    feats=6.17s  linear=0.7314  tree=0.9203
[stl     b=10000  d=1 seed=2] building features...
    feats=5.66s  linear=0.7678  tree=0.9245
[stl     b=10000  d=1 seed=3] building features...
    feats=5.65s  linear=0.7837  tree=0.9358
[stl     b=10000  d=1 seed=4] building features...
    feats=5.71s  linear=0.8007  tree=0.8471
[stl     b=10000  d=1 seed=5] building features...
    feats=5.57s  linear=0.7892  tree=0.8830
[stl     b=10000  d=1 seed=6] building features...
    feats=5.60s  linear=0.8190  tree=0.9485
[stl     b=10000  d=1 seed=7] building features...
    feats=5.51s  linear=0.7972  tree=0.8954
[stl     b=10000  d=1 seed=8] building features...
    feats=5.80s  linear=0.7618  tree=0.8554
[stl     b=10000  d=1 seed=9] building features...
    feats=5.82s  linear=0.7954  tree=0.8805

Feature builds: 10 (full sweep would be 10; fewer if any STL configuration hit its time budget)

Done. Results saved to: /share/ai-lab/adsiega/STLRocket/results/PEMS-SF_20260915_162744_ed75951c
