Task 79: dataset=AtrialFibrillation n_formulas=10000 depth_max=1 until_weight=0
Output directory: /share/ai-lab/adsiega/STLRocket/results/AtrialFibrillation_20260915_153734_0247d065
Dataset: AtrialFibrillation  budgets: [10000]  depths: [1]  n_run: 10  cv: 5  config_budget: 28800.0s

Loading dataset...
  train: (15, 2, 640)  test: (15, 2, 640)
[stl     b=10000  d=1 seed=0] building features...
    feats=3.37s  linear=0.3333  tree=0.4000
[stl     b=10000  d=1 seed=1] building features...
    feats=3.59s  linear=0.2000  tree=0.2667
[stl     b=10000  d=1 seed=2] building features...
    feats=3.42s  linear=0.3333  tree=0.3333
[stl     b=10000  d=1 seed=3] building features...
    feats=3.37s  linear=0.2667  tree=0.4667
[stl     b=10000  d=1 seed=4] building features...
    feats=3.42s  linear=0.3333  tree=0.4000
[stl     b=10000  d=1 seed=5] building features...
    feats=3.43s  linear=0.4000  tree=0.2000
[stl     b=10000  d=1 seed=6] building features...
    feats=3.36s  linear=0.4000  tree=0.4000
[stl     b=10000  d=1 seed=7] building features...
    feats=3.39s  linear=0.4667  tree=0.2667
[stl     b=10000  d=1 seed=8] building features...
    feats=3.32s  linear=0.4000  tree=0.2667
[stl     b=10000  d=1 seed=9] building features...
    feats=3.39s  linear=0.3333  tree=0.3333

Feature builds: 10 (full sweep would be 10; fewer if any STL configuration hit its time budget)

Done. Results saved to: /share/ai-lab/adsiega/STLRocket/results/AtrialFibrillation_20260915_153734_0247d065
