Task 66: dataset=Libras n_formulas=1000 depth_max=1 until_weight=0
Output directory: /share/ai-lab/adsiega/STLRocket/results/Libras_20260915_152835_d25548ae
Dataset: Libras  budgets: [1000]  depths: [1]  n_run: 10  cv: 5  config_budget: 28800.0s

Loading dataset...
  train: (180, 2, 45)  test: (180, 2, 45)
[stl     b=1000   d=1 seed=0] building features...
    feats=0.36s  linear=0.8444  tree=0.5833
[stl     b=1000   d=1 seed=1] building features...
    feats=0.37s  linear=0.8444  tree=0.6000
[stl     b=1000   d=1 seed=2] building features...
    feats=0.44s  linear=0.8167  tree=0.5667
[stl     b=1000   d=1 seed=3] building features...
    feats=0.34s  linear=0.8333  tree=0.6111
[stl     b=1000   d=1 seed=4] building features...
    feats=0.33s  linear=0.8278  tree=0.5333
[stl     b=1000   d=1 seed=5] building features...
    feats=0.35s  linear=0.8222  tree=0.6056
[stl     b=1000   d=1 seed=6] building features...
    feats=0.35s  linear=0.8167  tree=0.6722
[stl     b=1000   d=1 seed=7] building features...
    feats=0.36s  linear=0.8222  tree=0.5167
[stl     b=1000   d=1 seed=8] building features...
    feats=0.35s  linear=0.8111  tree=0.5889
[stl     b=1000   d=1 seed=9] building features...
    feats=0.36s  linear=0.8556  tree=0.5778

Feature builds: 10 (full sweep would be 10; fewer if any STL configuration hit its time budget)

Done. Results saved to: /share/ai-lab/adsiega/STLRocket/results/Libras_20260915_152835_d25548ae
