Task 17: dataset=NATOPS n_formulas=10 depth_max=1 until_weight=0
Output directory: /share/ai-lab/adsiega/STLRocket/results/NATOPS_20260915_152040_ac4048b3
Dataset: NATOPS  budgets: [10]  depths: [1]  n_run: 10  cv: 5  config_budget: 28800.0s

Loading dataset...
  train: (180, 24, 51)  test: (180, 24, 51)
[stl     b=10     d=1 seed=0] building features...
    feats=0.02s  linear=0.5611  tree=0.5278
[stl     b=10     d=1 seed=1] building features...
    feats=0.01s  linear=0.4667  tree=0.3778
[stl     b=10     d=1 seed=2] building features...
    feats=0.01s  linear=0.6556  tree=0.5667
[stl     b=10     d=1 seed=3] building features...
    feats=0.01s  linear=0.7056  tree=0.6778
[stl     b=10     d=1 seed=4] building features...
    feats=0.01s  linear=0.6556  tree=0.6556
[stl     b=10     d=1 seed=5] building features...
    feats=0.01s  linear=0.7278  tree=0.7556
[stl     b=10     d=1 seed=6] building features...
    feats=0.01s  linear=0.6389  tree=0.6167
[stl     b=10     d=1 seed=7] building features...
    feats=0.01s  linear=0.5833  tree=0.5333
[stl     b=10     d=1 seed=8] building features...
    feats=0.01s  linear=0.6722  tree=0.6222
[stl     b=10     d=1 seed=9] building features...
    feats=0.01s  linear=0.5722  tree=0.5944

Feature builds: 10 (full sweep would be 10; fewer if any STL configuration hit its time budget)

Done. Results saved to: /share/ai-lab/adsiega/STLRocket/results/NATOPS_20260915_152040_ac4048b3
