Task 46: dataset=PhonemeSpectra n_formulas=100 depth_max=1 until_weight=0
Output directory: /share/ai-lab/adsiega/STLRocket/results/PhonemeSpectra_20260915_152350_0a7dc1d2
Dataset: PhonemeSpectra  budgets: [100]  depths: [1]  n_run: 10  cv: 5  config_budget: 28800.0s

Loading dataset...
  train: (3315, 11, 217)  test: (3353, 11, 217)
[stl     b=100    d=1 seed=0] building features...
    feats=0.36s  linear=0.0946  tree=0.0787
[stl     b=100    d=1 seed=1] building features...
    feats=0.40s  linear=0.0927  tree=0.0778
[stl     b=100    d=1 seed=2] building features...
    feats=0.44s  linear=0.0981  tree=0.0745
[stl     b=100    d=1 seed=3] building features...
    feats=0.41s  linear=0.0895  tree=0.0845
[stl     b=100    d=1 seed=4] building features...
    feats=0.51s  linear=0.0984  tree=0.0811
[stl     b=100    d=1 seed=5] building features...
    feats=0.41s  linear=0.0910  tree=0.0809
[stl     b=100    d=1 seed=6] building features...
    feats=0.44s  linear=0.0901  tree=0.0806
[stl     b=100    d=1 seed=7] building features...
    feats=0.35s  linear=0.0951  tree=0.0893
[stl     b=100    d=1 seed=8] building features...
    feats=0.44s  linear=0.0906  tree=0.0824
[stl     b=100    d=1 seed=9] building features...
    feats=0.39s  linear=0.0981  tree=0.0844

Feature builds: 10 (full sweep would be 10; fewer if any STL configuration hit its time budget)

Done. Results saved to: /share/ai-lab/adsiega/STLRocket/results/PhonemeSpectra_20260915_152350_0a7dc1d2
