Task 38: dataset=Handwriting n_formulas=100 depth_max=1 until_weight=0
Output directory: /share/ai-lab/adsiega/STLRocket/results/Handwriting_20260915_152244_0a3fc903
Dataset: Handwriting  budgets: [100]  depths: [1]  n_run: 10  cv: 5  config_budget: 28800.0s

Loading dataset...
  train: (150, 3, 152)  test: (850, 3, 152)
[stl     b=100    d=1 seed=0] building features...
    feats=0.65s  linear=0.2283  tree=0.1142
[stl     b=100    d=1 seed=1] building features...
    feats=0.10s  linear=0.2276  tree=0.0860
[stl     b=100    d=1 seed=2] building features...
    feats=0.10s  linear=0.2082  tree=0.1392
[stl     b=100    d=1 seed=3] building features...
    feats=0.09s  linear=0.1884  tree=0.1135
[stl     b=100    d=1 seed=4] building features...
    feats=0.09s  linear=0.1951  tree=0.0977
[stl     b=100    d=1 seed=5] building features...
    feats=0.09s  linear=0.1663  tree=0.1239
[stl     b=100    d=1 seed=6] building features...
    feats=0.75s  linear=0.2302  tree=0.1141
[stl     b=100    d=1 seed=7] building features...
    feats=0.11s  linear=0.2293  tree=0.1421
[stl     b=100    d=1 seed=8] building features...
    feats=0.07s  linear=0.2125  tree=0.1021
[stl     b=100    d=1 seed=9] building features...
    feats=0.26s  linear=0.1879  tree=0.1273

Feature builds: 10 (full sweep would be 10; fewer if any STL configuration hit its time budget)

Done. Results saved to: /share/ai-lab/adsiega/STLRocket/results/Handwriting_20260915_152244_0a3fc903
