Task 12: dataset=Handwriting n_formulas=10 depth_max=1 until_weight=0
Output directory: /share/ai-lab/adsiega/STLRocket/results/Handwriting_20260915_152023_a0ce8866
Dataset: Handwriting  budgets: [10]  depths: [1]  n_run: 10  cv: 5  config_budget: 28800.0s

Loading dataset...
  train: (150, 3, 152)  test: (850, 3, 152)
[stl     b=10     d=1 seed=0] building features...
    feats=0.03s  linear=0.0735  tree=0.0973
[stl     b=10     d=1 seed=1] building features...
    feats=0.01s  linear=0.1311  tree=0.1267
[stl     b=10     d=1 seed=2] building features...
    feats=0.01s  linear=0.1031  tree=0.0851
[stl     b=10     d=1 seed=3] building features...
    feats=0.01s  linear=0.0891  tree=0.0816
[stl     b=10     d=1 seed=4] building features...
    feats=0.01s  linear=0.1245  tree=0.0915
[stl     b=10     d=1 seed=5] building features...
    feats=0.01s  linear=0.1005  tree=0.0982
[stl     b=10     d=1 seed=6] building features...
    feats=0.01s  linear=0.0835  tree=0.0917
[stl     b=10     d=1 seed=7] building features...
    feats=0.01s  linear=0.1176  tree=0.1242
[stl     b=10     d=1 seed=8] building features...
    feats=0.01s  linear=0.1163  tree=0.0968
[stl     b=10     d=1 seed=9] building features...
    feats=0.11s  linear=0.1138  tree=0.0831

Feature builds: 10 (full sweep would be 10; fewer if any STL configuration hit its time budget)

Done. Results saved to: /share/ai-lab/adsiega/STLRocket/results/Handwriting_20260915_152023_a0ce8866
