Task 71: dataset=PEMS-SF n_formulas=1000 depth_max=1 until_weight=0
Output directory: /share/ai-lab/adsiega/STLRocket/results/PEMS-SF_20260915_153203_b95da802
Dataset: PEMS-SF  budgets: [1000]  depths: [1]  n_run: 10  cv: 5  config_budget: 28800.0s

Loading dataset...
  train: (267, 963, 144)  test: (173, 963, 144)
[stl     b=1000   d=1 seed=0] building features...
    feats=0.63s  linear=0.7840  tree=0.8286
[stl     b=1000   d=1 seed=1] building features...
    feats=0.60s  linear=0.7128  tree=0.8565
[stl     b=1000   d=1 seed=2] building features...
    feats=0.57s  linear=0.7170  tree=0.8437
[stl     b=1000   d=1 seed=3] building features...
    feats=0.59s  linear=0.7361  tree=0.8506
[stl     b=1000   d=1 seed=4] building features...
    feats=0.58s  linear=0.8069  tree=0.8905
[stl     b=1000   d=1 seed=5] building features...
    feats=0.61s  linear=0.7627  tree=0.9490
[stl     b=1000   d=1 seed=6] building features...
    feats=0.61s  linear=0.7853  tree=0.9627
[stl     b=1000   d=1 seed=7] building features...
    feats=0.64s  linear=0.7686  tree=0.8923
[stl     b=1000   d=1 seed=8] building features...
    feats=0.62s  linear=0.7980  tree=0.9176
[stl     b=1000   d=1 seed=9] building features...
    feats=0.64s  linear=0.7836  tree=0.8060

Feature builds: 10 (full sweep would be 10; fewer if any STL configuration hit its time budget)

Done. Results saved to: /share/ai-lab/adsiega/STLRocket/results/PEMS-SF_20260915_153203_b95da802
