Task 45: dataset=PEMS-SF n_formulas=100 depth_max=1 until_weight=0
Output directory: /share/ai-lab/adsiega/STLRocket/results/PEMS-SF_20260915_152350_97445e40
Dataset: PEMS-SF  budgets: [100]  depths: [1]  n_run: 10  cv: 5  config_budget: 28800.0s

Loading dataset...
  train: (267, 963, 144)  test: (173, 963, 144)
[stl     b=100    d=1 seed=0] building features...
    feats=0.15s  linear=0.7361  tree=0.8180
[stl     b=100    d=1 seed=1] building features...
    feats=0.13s  linear=0.7181  tree=0.9258
[stl     b=100    d=1 seed=2] building features...
    feats=0.13s  linear=0.7817  tree=0.8486
[stl     b=100    d=1 seed=3] building features...
    feats=0.13s  linear=0.7271  tree=0.8361
[stl     b=100    d=1 seed=4] building features...
    feats=0.13s  linear=0.7913  tree=0.7906
[stl     b=100    d=1 seed=5] building features...
    feats=0.14s  linear=0.8170  tree=0.8896
[stl     b=100    d=1 seed=6] building features...
    feats=0.13s  linear=0.7083  tree=0.8793
[stl     b=100    d=1 seed=7] building features...
    feats=0.12s  linear=0.7877  tree=0.8167
[stl     b=100    d=1 seed=8] building features...
    feats=0.12s  linear=0.7749  tree=0.8123
[stl     b=100    d=1 seed=9] building features...
    feats=0.13s  linear=0.7381  tree=0.7766

Feature builds: 10 (full sweep would be 10; fewer if any STL configuration hit its time budget)

Done. Results saved to: /share/ai-lab/adsiega/STLRocket/results/PEMS-SF_20260915_152350_97445e40
