Task 10: dataset=FingerMovements n_formulas=10 depth_max=1 until_weight=0
Output directory: /share/ai-lab/adsiega/STLRocket/results/FingerMovements_20260915_152023_627b433e
Dataset: FingerMovements  budgets: [10]  depths: [1]  n_run: 10  cv: 5  config_budget: 28800.0s

Loading dataset...
  train: (316, 28, 50)  test: (100, 28, 50)
[stl     b=10     d=1 seed=0] building features...
    feats=0.02s  linear=0.4794  tree=0.5720
[stl     b=10     d=1 seed=1] building features...
    feats=0.01s  linear=0.4402  tree=0.4586
[stl     b=10     d=1 seed=2] building features...
    feats=0.01s  linear=0.4994  tree=0.4936
[stl     b=10     d=1 seed=3] building features...
    feats=0.01s  linear=0.3806  tree=0.5394
[stl     b=10     d=1 seed=4] building features...
    feats=0.01s  linear=0.5496  tree=0.4406
[stl     b=10     d=1 seed=5] building features...
    feats=0.01s  linear=0.4304  tree=0.5104
[stl     b=10     d=1 seed=6] building features...
    feats=0.01s  linear=0.4504  tree=0.5378
[stl     b=10     d=1 seed=7] building features...
    feats=0.01s  linear=0.4300  tree=0.4582
[stl     b=10     d=1 seed=8] building features...
    feats=0.01s  linear=0.5000  tree=0.5912
[stl     b=10     d=1 seed=9] building features...
    feats=0.01s  linear=0.4680  tree=0.4594

Feature builds: 10 (full sweep would be 10; fewer if any STL configuration hit its time budget)

Done. Results saved to: /share/ai-lab/adsiega/STLRocket/results/FingerMovements_20260915_152023_627b433e
