Task 0: dataset=ArticularyWordRecognition n_formulas=10 depth_max=1 until_weight=0
Output directory: /share/ai-lab/adsiega/STLRocket/results/ArticularyWordRecognition_20260915_151952_49556e9d
Dataset: ArticularyWordRecognition  budgets: [10]  depths: [1]  n_run: 10  cv: 5  config_budget: 28800.0s

Loading dataset...
  train: (275, 9, 144)  test: (300, 9, 144)
[stl     b=10     d=1 seed=0] building features...
    feats=0.03s  linear=0.6533  tree=0.5533
[stl     b=10     d=1 seed=1] building features...
    feats=0.01s  linear=0.7167  tree=0.6867
[stl     b=10     d=1 seed=2] building features...
    feats=0.01s  linear=0.8267  tree=0.7200
[stl     b=10     d=1 seed=3] building features...
    feats=0.01s  linear=0.7567  tree=0.5667
[stl     b=10     d=1 seed=4] building features...
    feats=0.01s  linear=0.7033  tree=0.5867
[stl     b=10     d=1 seed=5] building features...
    feats=0.01s  linear=0.8567  tree=0.6467
[stl     b=10     d=1 seed=6] building features...
    feats=0.01s  linear=0.5467  tree=0.4033
[stl     b=10     d=1 seed=7] building features...
    feats=0.01s  linear=0.7067  tree=0.5333
[stl     b=10     d=1 seed=8] building features...
    feats=0.01s  linear=0.6467  tree=0.5067
[stl     b=10     d=1 seed=9] building features...
    feats=0.01s  linear=0.7067  tree=0.5033

Feature builds: 10 (full sweep would be 10; fewer if any STL configuration hit its time budget)

Done. Results saved to: /share/ai-lab/adsiega/STLRocket/results/ArticularyWordRecognition_20260915_151952_49556e9d
