Task 9: dataset=FaceDetection n_formulas=10 depth_max=1 until_weight=0
Output directory: /share/ai-lab/adsiega/STLRocket/results/FaceDetection_20260915_152023_81cd920e
Dataset: FaceDetection  budgets: [10]  depths: [1]  n_run: 10  cv: 5  config_budget: 28800.0s

Loading dataset...
  train: (5890, 144, 62)  test: (3524, 144, 62)
[stl     b=10     d=1 seed=0] building features...
    feats=0.29s  linear=0.4886  tree=0.5045
[stl     b=10     d=1 seed=1] building features...
    feats=0.28s  linear=0.5201  tree=0.5167
[stl     b=10     d=1 seed=2] building features...
    feats=0.28s  linear=0.5009  tree=0.5153
[stl     b=10     d=1 seed=3] building features...
    feats=0.27s  linear=0.5150  tree=0.5026
[stl     b=10     d=1 seed=4] building features...
    feats=0.27s  linear=0.5153  tree=0.5068
[stl     b=10     d=1 seed=5] building features...
    feats=0.27s  linear=0.5136  tree=0.5043
[stl     b=10     d=1 seed=6] building features...
    feats=0.28s  linear=0.5000  tree=0.5040
[stl     b=10     d=1 seed=7] building features...
    feats=0.28s  linear=0.5023  tree=0.5133
[stl     b=10     d=1 seed=8] building features...
    feats=0.28s  linear=0.5162  tree=0.5068
[stl     b=10     d=1 seed=9] building features...
    feats=0.28s  linear=0.5136  tree=0.5148

Feature builds: 10 (full sweep would be 10; fewer if any STL configuration hit its time budget)

Done. Results saved to: /share/ai-lab/adsiega/STLRocket/results/FaceDetection_20260915_152023_81cd920e
