Task 1: dataset=AtrialFibrillation n_formulas=10 depth_max=1 until_weight=0
Output directory: /share/ai-lab/adsiega/STLRocket/results/AtrialFibrillation_20260915_151952_e6123eed
Dataset: AtrialFibrillation  budgets: [10]  depths: [1]  n_run: 10  cv: 5  config_budget: 28800.0s

Loading dataset...
  train: (15, 2, 640)  test: (15, 2, 640)
[stl     b=10     d=1 seed=0] building features...
    feats=0.10s  linear=0.2667  tree=0.1333
[stl     b=10     d=1 seed=1] building features...
    feats=0.06s  linear=0.3333  tree=0.2667
[stl     b=10     d=1 seed=2] building features...
    feats=0.00s  linear=0.3333  tree=0.2667
[stl     b=10     d=1 seed=3] building features...
    feats=0.01s  linear=0.2000  tree=0.1333
[stl     b=10     d=1 seed=4] building features...
    feats=0.01s  linear=0.3333  tree=0.2000
[stl     b=10     d=1 seed=5] building features...
    feats=0.00s  linear=0.4000  tree=0.2000
[stl     b=10     d=1 seed=6] building features...
    feats=0.00s  linear=0.3333  tree=0.1333
[stl     b=10     d=1 seed=7] building features...
    feats=0.00s  linear=0.2000  tree=0.2000
[stl     b=10     d=1 seed=8] building features...
    feats=0.00s  linear=0.3333  tree=0.1333
[stl     b=10     d=1 seed=9] building features...
    feats=0.00s  linear=0.4000  tree=0.2000

Feature builds: 10 (full sweep would be 10; fewer if any STL configuration hit its time budget)

Done. Results saved to: /share/ai-lab/adsiega/STLRocket/results/AtrialFibrillation_20260915_151952_e6123eed
