Task 36: dataset=FingerMovements n_formulas=100 depth_max=1 until_weight=0
Output directory: /share/ai-lab/adsiega/STLRocket/results/FingerMovements_20260915_152236_4c6353bb
Dataset: FingerMovements  budgets: [100]  depths: [1]  n_run: 10  cv: 5  config_budget: 28800.0s

Loading dataset...
  train: (316, 28, 50)  test: (100, 28, 50)
[stl     b=100    d=1 seed=0] building features...
    feats=0.06s  linear=0.3990  tree=0.5316
[stl     b=100    d=1 seed=1] building features...
    feats=0.04s  linear=0.4582  tree=0.4916
[stl     b=100    d=1 seed=2] building features...
    feats=0.04s  linear=0.4994  tree=0.5916
[stl     b=100    d=1 seed=3] building features...
    feats=0.04s  linear=0.4492  tree=0.4590
[stl     b=100    d=1 seed=4] building features...
    feats=0.04s  linear=0.4998  tree=0.5414
[stl     b=100    d=1 seed=5] building features...
    feats=0.04s  linear=0.4798  tree=0.4970
[stl     b=100    d=1 seed=6] building features...
    feats=0.04s  linear=0.4394  tree=0.4728
[stl     b=100    d=1 seed=7] building features...
    feats=0.04s  linear=0.5202  tree=0.4740
[stl     b=100    d=1 seed=8] building features...
    feats=0.04s  linear=0.4312  tree=0.5108
[stl     b=100    d=1 seed=9] building features...
    feats=0.04s  linear=0.4790  tree=0.5512

Feature builds: 10 (full sweep would be 10; fewer if any STL configuration hit its time budget)

Done. Results saved to: /share/ai-lab/adsiega/STLRocket/results/FingerMovements_20260915_152236_4c6353bb
