Task 68: dataset=MotorImagery n_formulas=1000 depth_max=1 until_weight=0
Output directory: /share/ai-lab/adsiega/STLRocket/results/MotorImagery_20260915_152916_322fddea
Dataset: MotorImagery  budgets: [1000]  depths: [1]  n_run: 10  cv: 5  config_budget: 28800.0s

Loading dataset...
  train: (278, 64, 3000)  test: (100, 64, 3000)
[stl     b=1000   d=1 seed=0] building features...
    feats=3.25s  linear=0.5000  tree=0.5900
[stl     b=1000   d=1 seed=1] building features...
    feats=2.92s  linear=0.5600  tree=0.5500
[stl     b=1000   d=1 seed=2] building features...
    feats=2.82s  linear=0.5500  tree=0.4800
[stl     b=1000   d=1 seed=3] building features...
    feats=2.79s  linear=0.5600  tree=0.4400
[stl     b=1000   d=1 seed=4] building features...
    feats=2.82s  linear=0.5000  tree=0.4900
[stl     b=1000   d=1 seed=5] building features...
    feats=2.88s  linear=0.5500  tree=0.4800
[stl     b=1000   d=1 seed=6] building features...
    feats=2.89s  linear=0.5400  tree=0.5100
[stl     b=1000   d=1 seed=7] building features...
    feats=2.72s  linear=0.5500  tree=0.6200
[stl     b=1000   d=1 seed=8] building features...
    feats=2.73s  linear=0.5500  tree=0.4600
[stl     b=1000   d=1 seed=9] building features...
    feats=2.57s  linear=0.5000  tree=0.5300

Feature builds: 10 (full sweep would be 10; fewer if any STL configuration hit its time budget)

Done. Results saved to: /share/ai-lab/adsiega/STLRocket/results/MotorImagery_20260915_152916_322fddea
