Task 48: dataset=SelfRegulationSCP1 n_formulas=100 depth_max=1 until_weight=0
Output directory: /share/ai-lab/adsiega/STLRocket/results/SelfRegulationSCP1_20260915_152356_db3fcb54
Dataset: SelfRegulationSCP1  budgets: [100]  depths: [1]  n_run: 10  cv: 5  config_budget: 28800.0s

Loading dataset...
  train: (268, 6, 896)  test: (293, 6, 896)
[stl     b=100    d=1 seed=0] building features...
    feats=0.15s  linear=0.8633  tree=0.7719
[stl     b=100    d=1 seed=1] building features...
    feats=0.16s  linear=0.7448  tree=0.7073
[stl     b=100    d=1 seed=2] building features...
    feats=0.19s  linear=0.8806  tree=0.7753
[stl     b=100    d=1 seed=3] building features...
    feats=0.16s  linear=0.8978  tree=0.8160
[stl     b=100    d=1 seed=4] building features...
    feats=0.17s  linear=0.8433  tree=0.7855
[stl     b=100    d=1 seed=5] building features...
    feats=0.15s  linear=0.7482  tree=0.7785
[stl     b=100    d=1 seed=6] building features...
    feats=0.18s  linear=0.8570  tree=0.7888
[stl     b=100    d=1 seed=7] building features...
    feats=0.14s  linear=0.8907  tree=0.8059
[stl     b=100    d=1 seed=8] building features...
    feats=0.15s  linear=0.8434  tree=0.7686
[stl     b=100    d=1 seed=9] building features...
    feats=0.14s  linear=0.9045  tree=0.7753

Feature builds: 10 (full sweep would be 10; fewer if any STL configuration hit its time budget)

Done. Results saved to: /share/ai-lab/adsiega/STLRocket/results/SelfRegulationSCP1_20260915_152356_db3fcb54
