Task 14: dataset=Libras n_formulas=10 depth_max=1 until_weight=0
Output directory: /share/ai-lab/adsiega/STLRocket/results/Libras_20260915_152037_459eede3
Dataset: Libras  budgets: [10]  depths: [1]  n_run: 10  cv: 5  config_budget: 28800.0s

Loading dataset...
  train: (180, 2, 45)  test: (180, 2, 45)
[stl     b=10     d=1 seed=0] building features...
    feats=0.02s  linear=0.5944  tree=0.5167
[stl     b=10     d=1 seed=1] building features...
    feats=0.01s  linear=0.6389  tree=0.5667
[stl     b=10     d=1 seed=2] building features...
    feats=0.01s  linear=0.6278  tree=0.4722
[stl     b=10     d=1 seed=3] building features...
    feats=0.01s  linear=0.5889  tree=0.5389
[stl     b=10     d=1 seed=4] building features...
    feats=0.01s  linear=0.7167  tree=0.5667
[stl     b=10     d=1 seed=5] building features...
    feats=0.01s  linear=0.6500  tree=0.5111
[stl     b=10     d=1 seed=6] building features...
    feats=0.01s  linear=0.6500  tree=0.5556
[stl     b=10     d=1 seed=7] building features...
    feats=0.01s  linear=0.6222  tree=0.5389
[stl     b=10     d=1 seed=8] building features...
    feats=0.00s  linear=0.6000  tree=0.4944
[stl     b=10     d=1 seed=9] building features...
    feats=0.01s  linear=0.5389  tree=0.4556

Feature builds: 10 (full sweep would be 10; fewer if any STL configuration hit its time budget)

Done. Results saved to: /share/ai-lab/adsiega/STLRocket/results/Libras_20260915_152037_459eede3
