Task 54: dataset=BasicMotions n_formulas=1000 depth_max=1 until_weight=0
Output directory: /share/ai-lab/adsiega/STLRocket/results/BasicMotions_20260915_152512_9f2a8e8c
Dataset: BasicMotions  budgets: [1000]  depths: [1]  n_run: 10  cv: 5  config_budget: 28800.0s

Loading dataset...
  train: (40, 6, 100)  test: (40, 6, 100)
[stl     b=1000   d=1 seed=0] building features...
    feats=0.32s  linear=0.9000  tree=0.9000
[stl     b=1000   d=1 seed=1] building features...
    feats=0.39s  linear=0.8500  tree=0.9000
[stl     b=1000   d=1 seed=2] building features...
    feats=0.29s  linear=0.8750  tree=0.8500
[stl     b=1000   d=1 seed=3] building features...
    feats=0.29s  linear=0.9000  tree=0.9750
[stl     b=1000   d=1 seed=4] building features...
    feats=0.38s  linear=0.8500  tree=0.8750
[stl     b=1000   d=1 seed=5] building features...
    feats=0.38s  linear=0.8250  tree=0.9500
[stl     b=1000   d=1 seed=6] building features...
    feats=0.29s  linear=0.8250  tree=0.9000
[stl     b=1000   d=1 seed=7] building features...
    feats=0.38s  linear=0.7750  tree=0.9500
[stl     b=1000   d=1 seed=8] building features...
    feats=0.29s  linear=0.8000  tree=0.9250
[stl     b=1000   d=1 seed=9] building features...
    feats=0.30s  linear=0.7500  tree=0.8500

Feature builds: 10 (full sweep would be 10; fewer if any STL configuration hit its time budget)

Done. Results saved to: /share/ai-lab/adsiega/STLRocket/results/BasicMotions_20260915_152512_9f2a8e8c
