Task 43: dataset=NATOPS n_formulas=100 depth_max=1 until_weight=0
Output directory: /share/ai-lab/adsiega/STLRocket/results/NATOPS_20260915_152321_6e243476
Dataset: NATOPS  budgets: [100]  depths: [1]  n_run: 10  cv: 5  config_budget: 28800.0s

Loading dataset...
  train: (180, 24, 51)  test: (180, 24, 51)
[stl     b=100    d=1 seed=0] building features...
    feats=0.05s  linear=0.9000  tree=0.7722
[stl     b=100    d=1 seed=1] building features...
    feats=0.04s  linear=0.7667  tree=0.7833
[stl     b=100    d=1 seed=2] building features...
    feats=0.04s  linear=0.9222  tree=0.7778
[stl     b=100    d=1 seed=3] building features...
    feats=0.04s  linear=0.9056  tree=0.7889
[stl     b=100    d=1 seed=4] building features...
    feats=0.04s  linear=0.8389  tree=0.7444
[stl     b=100    d=1 seed=5] building features...
    feats=0.04s  linear=0.9389  tree=0.7556
[stl     b=100    d=1 seed=6] building features...
    feats=0.04s  linear=0.8611  tree=0.7944
[stl     b=100    d=1 seed=7] building features...
    feats=0.04s  linear=0.9056  tree=0.7222
[stl     b=100    d=1 seed=8] building features...
    feats=0.04s  linear=0.7833  tree=0.7778
[stl     b=100    d=1 seed=9] building features...
    feats=0.04s  linear=0.8722  tree=0.7611

Feature builds: 10 (full sweep would be 10; fewer if any STL configuration hit its time budget)

Done. Results saved to: /share/ai-lab/adsiega/STLRocket/results/NATOPS_20260915_152321_6e243476
