Task 75: dataset=SelfRegulationSCP2 n_formulas=1000 depth_max=1 until_weight=0
Output directory: /share/ai-lab/adsiega/STLRocket/results/SelfRegulationSCP2_20260915_153504_86801045
Dataset: SelfRegulationSCP2  budgets: [1000]  depths: [1]  n_run: 10  cv: 5  config_budget: 28800.0s

Loading dataset...
  train: (200, 7, 1152)  test: (180, 7, 1152)
[stl     b=1000   d=1 seed=0] building features...
    feats=1.41s  linear=0.5000  tree=0.4444
[stl     b=1000   d=1 seed=1] building features...
    feats=1.33s  linear=0.5500  tree=0.5000
[stl     b=1000   d=1 seed=2] building features...
    feats=1.25s  linear=0.5333  tree=0.4500
[stl     b=1000   d=1 seed=3] building features...
    feats=1.14s  linear=0.4889  tree=0.5167
[stl     b=1000   d=1 seed=4] building features...
    feats=1.18s  linear=0.5056  tree=0.5278
[stl     b=1000   d=1 seed=5] building features...
    feats=1.17s  linear=0.5444  tree=0.4778
[stl     b=1000   d=1 seed=6] building features...
    feats=1.18s  linear=0.5222  tree=0.5167
[stl     b=1000   d=1 seed=7] building features...
    feats=1.25s  linear=0.5389  tree=0.5056
[stl     b=1000   d=1 seed=8] building features...
    feats=1.18s  linear=0.5611  tree=0.5000
[stl     b=1000   d=1 seed=9] building features...
    feats=1.24s  linear=0.5000  tree=0.4722

Feature builds: 10 (full sweep would be 10; fewer if any STL configuration hit its time budget)

Done. Results saved to: /share/ai-lab/adsiega/STLRocket/results/SelfRegulationSCP2_20260915_153504_86801045
