Task 7: dataset=EthanolConcentration n_formulas=10 depth_max=1 until_weight=0
Output directory: /share/ai-lab/adsiega/STLRocket/results/EthanolConcentration_20260915_151952_c7e35749
Dataset: EthanolConcentration  budgets: [10]  depths: [1]  n_run: 10  cv: 5  config_budget: 28800.0s

Loading dataset...
  train: (261, 3, 1751)  test: (263, 3, 1751)
[stl     b=10     d=1 seed=0] building features...
    feats=0.05s  linear=0.3182  tree=0.3955
[stl     b=10     d=1 seed=1] building features...
    feats=0.03s  linear=0.3571  tree=0.3992
[stl     b=10     d=1 seed=2] building features...
    feats=0.03s  linear=0.2879  tree=0.4339
[stl     b=10     d=1 seed=3] building features...
    feats=0.03s  linear=0.3802  tree=0.3381
[stl     b=10     d=1 seed=4] building features...
    feats=0.02s  linear=0.3333  tree=0.4069
[stl     b=10     d=1 seed=5] building features...
    feats=0.03s  linear=0.3572  tree=0.3803
[stl     b=10     d=1 seed=6] building features...
    feats=0.02s  linear=0.2879  tree=0.3801
[stl     b=10     d=1 seed=7] building features...
    feats=0.02s  linear=0.2841  tree=0.4142
[stl     b=10     d=1 seed=8] building features...
    feats=0.03s  linear=0.2879  tree=0.4372
[stl     b=10     d=1 seed=9] building features...
    feats=0.02s  linear=0.4071  tree=0.4103

Feature builds: 10 (full sweep would be 10; fewer if any STL configuration hit its time budget)

Done. Results saved to: /share/ai-lab/adsiega/STLRocket/results/EthanolConcentration_20260915_151952_c7e35749
