Task 74: dataset=SelfRegulationSCP1 n_formulas=1000 depth_max=1 until_weight=0
Output directory: /share/ai-lab/adsiega/STLRocket/results/SelfRegulationSCP1_20260915_153447_585df86d
Dataset: SelfRegulationSCP1  budgets: [1000]  depths: [1]  n_run: 10  cv: 5  config_budget: 28800.0s

Loading dataset...
  train: (268, 6, 896)  test: (293, 6, 896)
[stl     b=1000   d=1 seed=0] building features...
    feats=1.59s  linear=0.8701  tree=0.7719
[stl     b=1000   d=1 seed=1] building features...
    feats=1.49s  linear=0.8769  tree=0.6998
[stl     b=1000   d=1 seed=2] building features...
    feats=1.44s  linear=0.9045  tree=0.7651
[stl     b=1000   d=1 seed=3] building features...
    feats=1.26s  linear=0.9113  tree=0.7784
[stl     b=1000   d=1 seed=4] building features...
    feats=1.33s  linear=0.8636  tree=0.7890
[stl     b=1000   d=1 seed=5] building features...
    feats=1.27s  linear=0.8706  tree=0.8160
[stl     b=1000   d=1 seed=6] building features...
    feats=1.33s  linear=0.8873  tree=0.8026
[stl     b=1000   d=1 seed=7] building features...
    feats=1.41s  linear=0.8804  tree=0.7516
[stl     b=1000   d=1 seed=8] building features...
    feats=1.29s  linear=0.8738  tree=0.7447
[stl     b=1000   d=1 seed=9] building features...
    feats=1.30s  linear=0.8874  tree=0.6862

Feature builds: 10 (full sweep would be 10; fewer if any STL configuration hit its time budget)

Done. Results saved to: /share/ai-lab/adsiega/STLRocket/results/SelfRegulationSCP1_20260915_153447_585df86d
