Task 32: dataset=BasicMotions n_formulas=10000 depth_max=1 until_weight=0
Output directory: /share/ai-lab/adsiega/STLRocket/results/BasicMotions_20260915_173321_094c34fa
Dataset: BasicMotions  budgets: [10000]  depths: [1]  n_run: 10  cv: 5  config_budget: 28800.0s

Loading dataset...
  train: (40, 6, 100)  test: (40, 6, 100)
[stl     b=10000  d=1 seed=0] building features...
    feats=3.02s  linear=0.8500  tree=0.9250
[stl     b=10000  d=1 seed=1] building features...
    feats=3.18s  linear=0.9000  tree=0.9250
[stl     b=10000  d=1 seed=2] building features...
    feats=3.11s  linear=0.9000  tree=0.8750
[stl     b=10000  d=1 seed=3] building features...
    feats=3.06s  linear=0.8250  tree=1.0000
[stl     b=10000  d=1 seed=4] building features...
    feats=3.12s  linear=0.8750  tree=0.9500
[stl     b=10000  d=1 seed=5] building features...
    feats=3.00s  linear=0.8000  tree=0.8750
[stl     b=10000  d=1 seed=6] building features...
    feats=3.40s  linear=0.9250  tree=0.9750
[stl     b=10000  d=1 seed=7] building features...
    feats=3.07s  linear=0.9000  tree=0.9000
[stl     b=10000  d=1 seed=8] building features...
    feats=3.10s  linear=0.8500  tree=0.8750
[stl     b=10000  d=1 seed=9] building features...
    feats=3.06s  linear=0.8250  tree=0.9500

Feature builds: 10 (full sweep would be 10; fewer if any STL configuration hit its time budget)

Done. Results saved to: /share/ai-lab/adsiega/STLRocket/results/BasicMotions_20260915_173321_094c34fa
