Task 197: dataset=UWaveGestureLibrary n_formulas=10000 depth_max=2 until_weight=1
Output directory: /share/ai-lab/adsiega/STLRocket/results/UWaveGestureLibrary_20260915_195315_23c47ffc
Dataset: UWaveGestureLibrary  budgets: [10000]  depths: [2]  n_run: 10  cv: 5  config_budget: 28800.0s

Loading dataset...
  train: (120, 3, 315)  test: (320, 3, 315)
[stl     b=10000  d=2 seed=0] building features...
    feats=920.09s  linear=0.8906  tree=0.6625
[stl     b=10000  d=2 seed=1] building features...
    feats=899.98s  linear=0.9000  tree=0.6875
[stl     b=10000  d=2 seed=2] building features...
    feats=881.76s  linear=0.8844  tree=0.7000
[stl     b=10000  d=2 seed=3] building features...
    feats=842.79s  linear=0.8812  tree=0.6594
[stl     b=10000  d=2 seed=4] building features...
    feats=822.84s  linear=0.9031  tree=0.7312
[stl     b=10000  d=2 seed=5] building features...
    feats=862.51s  linear=0.8719  tree=0.6813
[stl     b=10000  d=2 seed=6] building features...
    feats=879.31s  linear=0.9000  tree=0.7719
[stl     b=10000  d=2 seed=7] building features...
    feats=831.17s  linear=0.8813  tree=0.6469
[stl     b=10000  d=2 seed=8] building features...
    feats=812.67s  linear=0.8688  tree=0.6750
[stl     b=10000  d=2 seed=9] building features...
    feats=879.18s  linear=0.8719  tree=0.7156

Feature builds: 10 (full sweep would be 10; fewer if any STL configuration hit its time budget)

Done. Results saved to: /share/ai-lab/adsiega/STLRocket/results/UWaveGestureLibrary_20260915_195315_23c47ffc
