Task 147: dataset=UWaveGestureLibrary n_formulas=1000 depth_max=1 until_weight=1
Output directory: /share/ai-lab/adsiega/STLRocket/results/UWaveGestureLibrary_20260915_175422_581a5f6d
Dataset: UWaveGestureLibrary  budgets: [1000]  depths: [1]  n_run: 10  cv: 5  config_budget: 28800.0s

Loading dataset...
  train: (120, 3, 315)  test: (320, 3, 315)
[stl     b=1000   d=1 seed=0] building features...
    feats=87.31s  linear=0.8969  tree=0.6813
[stl     b=1000   d=1 seed=1] building features...
    feats=67.84s  linear=0.8594  tree=0.6656
[stl     b=1000   d=1 seed=2] building features...
    feats=66.93s  linear=0.8562  tree=0.6406
[stl     b=1000   d=1 seed=3] building features...
    feats=66.63s  linear=0.8438  tree=0.6687
[stl     b=1000   d=1 seed=4] building features...
    feats=69.30s  linear=0.8656  tree=0.6750
[stl     b=1000   d=1 seed=5] building features...
    feats=71.73s  linear=0.8750  tree=0.6813
[stl     b=1000   d=1 seed=6] building features...
    feats=73.98s  linear=0.8719  tree=0.6813
[stl     b=1000   d=1 seed=7] building features...
    feats=64.73s  linear=0.8563  tree=0.6781
[stl     b=1000   d=1 seed=8] building features...
    feats=61.42s  linear=0.8625  tree=0.6500
[stl     b=1000   d=1 seed=9] building features...
    feats=74.21s  linear=0.8219  tree=0.6813

Feature builds: 10 (full sweep would be 10; fewer if any STL configuration hit its time budget)

Done. Results saved to: /share/ai-lab/adsiega/STLRocket/results/UWaveGestureLibrary_20260915_175422_581a5f6d
