Task 216: dataset=Heartbeat n_formulas=100 depth_max=3 until_weight=1
Output directory: /share/ai-lab/adsiega/STLRocket/results/Heartbeat_20260915_210816_f1516091
Dataset: Heartbeat  budgets: [100]  depths: [3]  n_run: 10  cv: 5  config_budget: 28800.0s

Loading dataset...
  train: (204, 61, 405)  test: (205, 61, 405)
[stl     b=100    d=3 seed=0] building features...
    feats=13.16s  linear=0.6144  tree=0.6253
[stl     b=100    d=3 seed=1] building features...
    feats=13.06s  linear=0.7050  tree=0.6320
[stl     b=100    d=3 seed=2] building features...
    feats=20.90s  linear=0.6017  tree=0.6341
[stl     b=100    d=3 seed=3] building features...
    feats=19.54s  linear=0.6550  tree=0.6678
[stl     b=100    d=3 seed=4] building features...
    feats=14.67s  linear=0.6469  tree=0.6273
[stl     b=100    d=3 seed=5] building features...
    feats=18.91s  linear=0.6610  tree=0.4769
[stl     b=100    d=3 seed=6] building features...
    feats=17.36s  linear=0.6036  tree=0.5558
[stl     b=100    d=3 seed=7] building features...
    feats=19.57s  linear=0.6475  tree=0.5632
[stl     b=100    d=3 seed=8] building features...
    feats=21.97s  linear=0.6664  tree=0.6286
[stl     b=100    d=3 seed=9] building features...
    feats=21.95s  linear=0.6361  tree=0.5983

Feature builds: 10 (full sweep would be 10; fewer if any STL configuration hit its time budget)

Done. Results saved to: /share/ai-lab/adsiega/STLRocket/results/Heartbeat_20260915_210816_f1516091
