Task 231: dataset=ERing n_formulas=10000 depth_max=3 until_weight=1
Output directory: /share/ai-lab/adsiega/STLRocket/results/ERing_20260915_222235_cb3de4bc
Dataset: ERing  budgets: [10000]  depths: [3]  n_run: 10  cv: 5  config_budget: 28800.0s

Loading dataset...
  train: (30, 4, 65)  test: (270, 4, 65)
[stl     b=10000  d=3 seed=0] building features...
    feats=73.61s  linear=0.9148  tree=0.7741
[stl     b=10000  d=3 seed=1] building features...
    feats=70.71s  linear=0.8481  tree=0.6741
[stl     b=10000  d=3 seed=2] building features...
    feats=67.59s  linear=0.8741  tree=0.6111
[stl     b=10000  d=3 seed=3] building features...
    feats=68.76s  linear=0.9148  tree=0.6741
[stl     b=10000  d=3 seed=4] building features...
    feats=68.53s  linear=0.8556  tree=0.7333
[stl     b=10000  d=3 seed=5] building features...
    feats=70.35s  linear=0.9222  tree=0.7741
[stl     b=10000  d=3 seed=6] building features...
    feats=68.95s  linear=0.8704  tree=0.8222
[stl     b=10000  d=3 seed=7] building features...
    feats=68.75s  linear=0.9148  tree=0.7037
[stl     b=10000  d=3 seed=8] building features...
    feats=73.17s  linear=0.8593  tree=0.7370
[stl     b=10000  d=3 seed=9] building features...
    feats=70.22s  linear=0.8815  tree=0.6741

Feature builds: 10 (full sweep would be 10; fewer if any STL configuration hit its time budget)

Done. Results saved to: /share/ai-lab/adsiega/STLRocket/results/ERing_20260915_222235_cb3de4bc
