Task 159: dataset=Cricket n_formulas=10000 depth_max=1 until_weight=1
Output directory: /share/ai-lab/adsiega/STLRocket/results/Cricket_20260915_181515_3536bf7f
Dataset: Cricket  budgets: [10000]  depths: [1]  n_run: 10  cv: 5  config_budget: 28800.0s

Loading dataset...
  train: (108, 6, 1197)  test: (72, 6, 1197)
[stl     b=10000  d=1 seed=0] building features...
    feats=4468.52s  linear=0.9722  tree=0.8194
[stl     b=10000  d=1 seed=1] building features...
    feats=4278.61s  linear=0.9722  tree=0.8889
[stl     b=10000  d=1 seed=2] building features...
    feats=4176.61s  linear=0.9861  tree=0.7778
[stl     b=10000  d=1 seed=3] building features...
    feats=4162.65s  linear=0.9722  tree=0.8333
[stl     b=10000  d=1 seed=4] building features...
    feats=4390.76s  linear=0.9444  tree=0.8611
[stl     b=10000  d=1 seed=5] building features...
    feats=4034.57s  linear=0.9861  tree=0.9306
[stl     b=10000  d=1 seed=6] building features...
    feats=3951.42s  linear=0.9444  tree=0.8750

Feature builds: 7 (full sweep would be 10; fewer if any STL configuration hit its time budget)

Done. Results saved to: /share/ai-lab/adsiega/STLRocket/results/Cricket_20260915_181515_3536bf7f
