Task 70: dataset=StandWalkJump n_formulas=10000 depth_max=2 until_weight=0
Output directory: /share/ai-lab/adsiega/STLRocket/results/StandWalkJump_20260915_173949_ac46e728
Dataset: StandWalkJump  budgets: [10000]  depths: [2]  n_run: 10  cv: 5  config_budget: 28800.0s

Loading dataset...
  train: (12, 4, 2500)  test: (15, 4, 2500)
[stl     b=10000  d=2 seed=0] building features...
    feats=7.55s  linear=0.3333  tree=0.2667
[stl     b=10000  d=2 seed=1] building features...
    feats=7.06s  linear=0.3333  tree=0.3333
[stl     b=10000  d=2 seed=2] building features...
    feats=6.51s  linear=0.3333  tree=0.2667
[stl     b=10000  d=2 seed=3] building features...
    feats=6.96s  linear=0.3333  tree=0.3333
[stl     b=10000  d=2 seed=4] building features...
    feats=6.86s  linear=0.4667  tree=0.2000
[stl     b=10000  d=2 seed=5] building features...
    feats=6.86s  linear=0.4667  tree=0.2667
[stl     b=10000  d=2 seed=6] building features...
    feats=7.07s  linear=0.3333  tree=0.3333
[stl     b=10000  d=2 seed=7] building features...
    feats=6.31s  linear=0.3333  tree=0.3333
[stl     b=10000  d=2 seed=8] building features...
    feats=6.64s  linear=0.3333  tree=0.2667
[stl     b=10000  d=2 seed=9] building features...
    feats=6.23s  linear=0.3333  tree=0.4000

Feature builds: 10 (full sweep would be 10; fewer if any STL configuration hit its time budget)

Done. Results saved to: /share/ai-lab/adsiega/STLRocket/results/StandWalkJump_20260915_173949_ac46e728
