Task 120: dataset=StandWalkJump n_formulas=10 depth_max=1 until_weight=1
Output directory: /share/ai-lab/adsiega/STLRocket/results/StandWalkJump_20260915_174834_e83ca58b
Dataset: StandWalkJump  budgets: [10]  depths: [1]  n_run: 10  cv: 5  config_budget: 28800.0s

Loading dataset...
  train: (12, 4, 2500)  test: (15, 4, 2500)
[stl     b=10     d=1 seed=0] building features...
    feats=7.74s  linear=0.3333  tree=0.1333
[stl     b=10     d=1 seed=1] building features...
    feats=3.35s  linear=0.3333  tree=0.6000
[stl     b=10     d=1 seed=2] building features...
    feats=2.48s  linear=0.3333  tree=0.5333
[stl     b=10     d=1 seed=3] building features...
    feats=2.09s  linear=0.3333  tree=0.5333
[stl     b=10     d=1 seed=4] building features...
    feats=0.01s  linear=0.4667  tree=0.2667
[stl     b=10     d=1 seed=5] building features...
    feats=0.80s  linear=0.3333  tree=0.3333
[stl     b=10     d=1 seed=6] building features...
    feats=0.01s  linear=0.3333  tree=0.5333
[stl     b=10     d=1 seed=7] building features...
    feats=2.11s  linear=0.3333  tree=0.4667
[stl     b=10     d=1 seed=8] building features...
    feats=1.16s  linear=0.3333  tree=0.1333
[stl     b=10     d=1 seed=9] building features...
    feats=5.66s  linear=0.3333  tree=0.4667

Feature builds: 10 (full sweep would be 10; fewer if any STL configuration hit its time budget)

Done. Results saved to: /share/ai-lab/adsiega/STLRocket/results/StandWalkJump_20260915_174834_e83ca58b
