Task 199: dataset=Cricket n_formulas=10000 depth_max=2 until_weight=1
Output directory: /share/ai-lab/adsiega/STLRocket/results/Cricket_20260915_204547_be12740e
Dataset: Cricket  budgets: [10000]  depths: [2]  n_run: 10  cv: 5  config_budget: 28800.0s

Loading dataset...
  train: (108, 6, 1197)  test: (72, 6, 1197)
[stl     b=10000  d=2 seed=0] building features...
    feats=5101.40s  linear=0.9444  tree=0.8056
[stl     b=10000  d=2 seed=1] building features...
    feats=5109.98s  linear=0.9722  tree=0.8750
[stl     b=10000  d=2 seed=2] building features...
    feats=5100.10s  linear=0.9444  tree=0.8750
[stl     b=10000  d=2 seed=3] building features...
    feats=4797.32s  linear=0.9861  tree=0.8611
[stl     b=10000  d=2 seed=4] building features...
    feats=4127.34s  linear=0.9583  tree=0.9306
[stl     b=10000  d=2 seed=5] building features...
    feats=4279.55s  linear=0.9722  tree=0.8611
[stl     b=10000  d=2 seed=6] building features...
    feats=4198.64s  linear=0.9722  tree=0.8472

Feature builds: 7 (full sweep would be 10; fewer if any STL configuration hit its time budget)

Done. Results saved to: /share/ai-lab/adsiega/STLRocket/results/Cricket_20260915_204547_be12740e
