Task 153: dataset=DuckDuckGeese n_formulas=10000 depth_max=1 until_weight=1
Output directory: /share/ai-lab/adsiega/STLRocket/results/DuckDuckGeese_20260915_175938_c731ba33
Dataset: DuckDuckGeese  budgets: [10000]  depths: [1]  n_run: 10  cv: 5  config_budget: 28800.0s

Loading dataset...
  train: (50, 1345, 270)  test: (50, 1345, 270)
[stl     b=10000  d=1 seed=0] building features...
    feats=140.10s  linear=0.6200  tree=0.4200
[stl     b=10000  d=1 seed=1] building features...
    feats=134.29s  linear=0.4000  tree=0.5200
[stl     b=10000  d=1 seed=2] building features...
    feats=128.00s  linear=0.4400  tree=0.4800
[stl     b=10000  d=1 seed=3] building features...
    feats=126.61s  linear=0.3600  tree=0.5400
[stl     b=10000  d=1 seed=4] building features...
    feats=133.99s  linear=0.3400  tree=0.4400
[stl     b=10000  d=1 seed=5] building features...
    feats=135.64s  linear=0.4600  tree=0.5400
[stl     b=10000  d=1 seed=6] building features...
    feats=140.24s  linear=0.5400  tree=0.4600
[stl     b=10000  d=1 seed=7] building features...
    feats=140.14s  linear=0.3800  tree=0.4600
[stl     b=10000  d=1 seed=8] building features...
    feats=139.70s  linear=0.4600  tree=0.4200
[stl     b=10000  d=1 seed=9] building features...
    feats=142.37s  linear=0.6200  tree=0.5400

Feature builds: 10 (full sweep would be 10; fewer if any STL configuration hit its time budget)

Done. Results saved to: /share/ai-lab/adsiega/STLRocket/results/DuckDuckGeese_20260915_175938_c731ba33
