Task 23: dataset=DuckDuckGeese n_formulas=1000 depth_max=1 until_weight=0
Output directory: /share/ai-lab/adsiega/STLRocket/results/DuckDuckGeese_20260915_173230_2d0d97f8
Dataset: DuckDuckGeese  budgets: [1000]  depths: [1]  n_run: 10  cv: 5  config_budget: 28800.0s

Loading dataset...
  train: (50, 1345, 270)  test: (50, 1345, 270)
[stl     b=1000   d=1 seed=0] building features...
    feats=1.25s  linear=0.3600  tree=0.3400
[stl     b=1000   d=1 seed=1] building features...
    feats=0.44s  linear=0.5200  tree=0.4600
[stl     b=1000   d=1 seed=2] building features...
    feats=0.48s  linear=0.4000  tree=0.4400
[stl     b=1000   d=1 seed=3] building features...
    feats=0.42s  linear=0.6000  tree=0.5000
[stl     b=1000   d=1 seed=4] building features...
    feats=0.41s  linear=0.4800  tree=0.4400
[stl     b=1000   d=1 seed=5] building features...
    feats=0.65s  linear=0.5400  tree=0.5800
[stl     b=1000   d=1 seed=6] building features...
    feats=0.42s  linear=0.5400  tree=0.5000
[stl     b=1000   d=1 seed=7] building features...
    feats=0.41s  linear=0.5600  tree=0.3800
[stl     b=1000   d=1 seed=8] building features...
    feats=0.39s  linear=0.5200  tree=0.4800
[stl     b=1000   d=1 seed=9] building features...
    feats=0.40s  linear=0.5800  tree=0.4400

Feature builds: 10 (full sweep would be 10; fewer if any STL configuration hit its time budget)

Done. Results saved to: /share/ai-lab/adsiega/STLRocket/results/DuckDuckGeese_20260915_173230_2d0d97f8
