Task 108: dataset=Epilepsy n_formulas=1000 depth_max=3 until_weight=0
Output directory: /share/ai-lab/adsiega/STLRocket/results/Epilepsy_20260915_174615_b46bfc09
Dataset: Epilepsy  budgets: [1000]  depths: [3]  n_run: 10  cv: 5  config_budget: 28800.0s

Loading dataset...
  train: (137, 3, 206)  test: (138, 3, 206)
[stl     b=1000   d=3 seed=0] building features...
    feats=0.72s  linear=0.9718  tree=0.7817
[stl     b=1000   d=3 seed=1] building features...
    feats=0.68s  linear=0.9509  tree=0.7829
[stl     b=1000   d=3 seed=2] building features...
    feats=0.64s  linear=0.9368  tree=0.8026
[stl     b=1000   d=3 seed=3] building features...
    feats=0.69s  linear=0.9577  tree=0.8520
[stl     b=1000   d=3 seed=4] building features...
    feats=0.63s  linear=0.9577  tree=0.8490
[stl     b=1000   d=3 seed=5] building features...
    feats=0.66s  linear=0.9724  tree=0.7435
[stl     b=1000   d=3 seed=6] building features...
    feats=0.66s  linear=0.9567  tree=0.7364
[stl     b=1000   d=3 seed=7] building features...
    feats=0.65s  linear=0.9436  tree=0.8490
[stl     b=1000   d=3 seed=8] building features...
    feats=0.66s  linear=0.9086  tree=0.7827
[stl     b=1000   d=3 seed=9] building features...
    feats=0.67s  linear=0.9785  tree=0.8615

Feature builds: 10 (full sweep would be 10; fewer if any STL configuration hit its time budget)

Done. Results saved to: /share/ai-lab/adsiega/STLRocket/results/Epilepsy_20260915_174615_b46bfc09
