Task 36: dataset=Heartbeat n_formulas=10000 depth_max=1 until_weight=0
Output directory: /share/ai-lab/adsiega/STLRocket/results/Heartbeat_20260915_173341_6dc3fc4b
Dataset: Heartbeat  budgets: [10000]  depths: [1]  n_run: 10  cv: 5  config_budget: 28800.0s

Loading dataset...
  train: (204, 61, 405)  test: (205, 61, 405)
[stl     b=10000  d=1 seed=0] building features...
    feats=10.07s  linear=0.6739  tree=0.6422
[stl     b=10000  d=1 seed=1] building features...
    feats=9.06s  linear=0.6435  tree=0.6253
[stl     b=10000  d=1 seed=2] building features...
    feats=8.93s  linear=0.6172  tree=0.6118
[stl     b=10000  d=1 seed=3] building features...
    feats=8.00s  linear=0.6327  tree=0.6152
[stl     b=10000  d=1 seed=4] building features...
    feats=8.18s  linear=0.6550  tree=0.5477
[stl     b=10000  d=1 seed=5] building features...
    feats=8.39s  linear=0.6374  tree=0.6543
[stl     b=10000  d=1 seed=6] building features...
    feats=8.08s  linear=0.6630  tree=0.5916
[stl     b=10000  d=1 seed=7] building features...
    feats=8.78s  linear=0.6395  tree=0.6010
[stl     b=10000  d=1 seed=8] building features...
    feats=8.85s  linear=0.6083  tree=0.5612
[stl     b=10000  d=1 seed=9] building features...
    feats=7.67s  linear=0.6387  tree=0.6260

Feature builds: 10 (full sweep would be 10; fewer if any STL configuration hit its time budget)

Done. Results saved to: /share/ai-lab/adsiega/STLRocket/results/Heartbeat_20260915_173341_6dc3fc4b
