Task 34: dataset=RacketSports n_formulas=10000 depth_max=1 until_weight=0
Output directory: /share/ai-lab/adsiega/STLRocket/results/RacketSports_20260915_173335_1ba940b9
Dataset: RacketSports  budgets: [10000]  depths: [1]  n_run: 10  cv: 5  config_budget: 28800.0s

Loading dataset...
  train: (151, 6, 30)  test: (152, 6, 30)
[stl     b=10000  d=1 seed=0] building features...
    feats=3.24s  linear=0.7896  tree=0.6983
[stl     b=10000  d=1 seed=1] building features...
    feats=3.79s  linear=0.8117  tree=0.7313
[stl     b=10000  d=1 seed=2] building features...
    feats=3.39s  linear=0.8450  tree=0.6974
[stl     b=10000  d=1 seed=3] building features...
    feats=3.40s  linear=0.7668  tree=0.7456
[stl     b=10000  d=1 seed=4] building features...
    feats=3.42s  linear=0.8459  tree=0.7330
[stl     b=10000  d=1 seed=5] building features...
    feats=3.28s  linear=0.8276  tree=0.6910
[stl     b=10000  d=1 seed=6] building features...
    feats=3.30s  linear=0.7784  tree=0.7604
[stl     b=10000  d=1 seed=7] building features...
    feats=3.28s  linear=0.7834  tree=0.7284
[stl     b=10000  d=1 seed=8] building features...
    feats=3.38s  linear=0.8021  tree=0.7331
[stl     b=10000  d=1 seed=9] building features...
    feats=3.40s  linear=0.8289  tree=0.7252

Feature builds: 10 (full sweep would be 10; fewer if any STL configuration hit its time budget)

Done. Results saved to: /share/ai-lab/adsiega/STLRocket/results/RacketSports_20260915_173335_1ba940b9
