Task 35: dataset=HandMovementDirection n_formulas=10000 depth_max=1 until_weight=0
Output directory: /share/ai-lab/adsiega/STLRocket/results/HandMovementDirection_20260915_173338_c3ccd205
Dataset: HandMovementDirection  budgets: [10000]  depths: [1]  n_run: 10  cv: 5  config_budget: 28800.0s

Loading dataset...
  train: (160, 10, 400)  test: (74, 10, 400)
[stl     b=10000  d=1 seed=0] building features...
    feats=6.46s  linear=0.4202  tree=0.2619
[stl     b=10000  d=1 seed=1] building features...
    feats=6.61s  linear=0.2500  tree=0.2845
[stl     b=10000  d=1 seed=2] building features...
    feats=6.47s  linear=0.4893  tree=0.2976
[stl     b=10000  d=1 seed=3] building features...
    feats=6.12s  linear=0.5583  tree=0.3190
[stl     b=10000  d=1 seed=4] building features...
    feats=6.21s  linear=0.5595  tree=0.3048
[stl     b=10000  d=1 seed=5] building features...
    feats=6.14s  linear=0.4048  tree=0.3405
[stl     b=10000  d=1 seed=6] building features...
    feats=5.90s  linear=0.5071  tree=0.4143
[stl     b=10000  d=1 seed=7] building features...
    feats=5.76s  linear=0.4464  tree=0.2631
[stl     b=10000  d=1 seed=8] building features...
    feats=5.81s  linear=0.5488  tree=0.2345
[stl     b=10000  d=1 seed=9] building features...
    feats=6.08s  linear=0.5155  tree=0.3024

Feature builds: 10 (full sweep would be 10; fewer if any STL configuration hit its time budget)

Done. Results saved to: /share/ai-lab/adsiega/STLRocket/results/HandMovementDirection_20260915_173338_c3ccd205
