Task 201: dataset=ERing n_formulas=10 depth_max=3 until_weight=1
Output directory: /share/ai-lab/adsiega/STLRocket/results/ERing_20260915_204742_4bec4077
Dataset: ERing  budgets: [10]  depths: [3]  n_run: 10  cv: 5  config_budget: 28800.0s

Loading dataset...
  train: (30, 4, 65)  test: (270, 4, 65)
[stl     b=10     d=3 seed=0] building features...
    feats=0.16s  linear=0.7333  tree=0.7111
[stl     b=10     d=3 seed=1] building features...
    feats=0.29s  linear=0.5259  tree=0.5259
[stl     b=10     d=3 seed=2] building features...
    feats=0.07s  linear=0.7630  tree=0.7852
[stl     b=10     d=3 seed=3] building features...
    feats=0.14s  linear=0.6926  tree=0.6963
[stl     b=10     d=3 seed=4] building features...
    feats=0.14s  linear=0.7926  tree=0.6741
[stl     b=10     d=3 seed=5] building features...
    feats=0.02s  linear=0.8593  tree=0.7148
[stl     b=10     d=3 seed=6] building features...
    feats=0.06s  linear=0.7333  tree=0.6481
[stl     b=10     d=3 seed=7] building features...
    feats=0.10s  linear=0.7593  tree=0.7741
[stl     b=10     d=3 seed=8] building features...
    feats=0.35s  linear=0.8333  tree=0.7074
[stl     b=10     d=3 seed=9] building features...
    feats=0.02s  linear=0.6852  tree=0.6148

Feature builds: 10 (full sweep would be 10; fewer if any STL configuration hit its time budget)

Done. Results saved to: /share/ai-lab/adsiega/STLRocket/results/ERing_20260915_204742_4bec4077
