Task 225: dataset=HandMovementDirection n_formulas=1000 depth_max=3 until_weight=1
Output directory: /share/ai-lab/adsiega/STLRocket/results/HandMovementDirection_20260915_213657_55c8f4e8
Dataset: HandMovementDirection  budgets: [1000]  depths: [3]  n_run: 10  cv: 5  config_budget: 28800.0s

Loading dataset...
  train: (160, 10, 400)  test: (74, 10, 400)
[stl     b=1000   d=3 seed=0] building features...
    feats=108.24s  linear=0.3083  tree=0.2929
[stl     b=1000   d=3 seed=1] building features...
    feats=100.93s  linear=0.3881  tree=0.3286
[stl     b=1000   d=3 seed=2] building features...
    feats=102.75s  linear=0.4083  tree=0.2381
[stl     b=1000   d=3 seed=3] building features...
    feats=107.88s  linear=0.2667  tree=0.2476
[stl     b=1000   d=3 seed=4] building features...
    feats=107.16s  linear=0.4929  tree=0.2786
[stl     b=1000   d=3 seed=5] building features...
    feats=106.60s  linear=0.3000  tree=0.3786
[stl     b=1000   d=3 seed=6] building features...
    feats=102.66s  linear=0.3560  tree=0.1762
[stl     b=1000   d=3 seed=7] building features...
    feats=95.45s  linear=0.2500  tree=0.2631
[stl     b=1000   d=3 seed=8] building features...
    feats=104.66s  linear=0.4369  tree=0.2786
[stl     b=1000   d=3 seed=9] building features...
    feats=101.45s  linear=0.4917  tree=0.2357

Feature builds: 10 (full sweep would be 10; fewer if any STL configuration hit its time budget)

Done. Results saved to: /share/ai-lab/adsiega/STLRocket/results/HandMovementDirection_20260915_213657_55c8f4e8
