Task 214: dataset=RacketSports n_formulas=100 depth_max=3 until_weight=1
Output directory: /share/ai-lab/adsiega/STLRocket/results/RacketSports_20260915_210513_aec5c6c5
Dataset: RacketSports  budgets: [100]  depths: [3]  n_run: 10  cv: 5  config_budget: 28800.0s

Loading dataset...
  train: (151, 6, 30)  test: (152, 6, 30)
[stl     b=100    d=3 seed=0] building features...
    feats=0.35s  linear=0.7770  tree=0.6743
[stl     b=100    d=3 seed=1] building features...
    feats=0.31s  linear=0.7627  tree=0.6478
[stl     b=100    d=3 seed=2] building features...
    feats=0.30s  linear=0.7777  tree=0.7077
[stl     b=100    d=3 seed=3] building features...
    feats=0.41s  linear=0.7458  tree=0.6981
[stl     b=100    d=3 seed=4] building features...
    feats=0.29s  linear=0.7520  tree=0.6974
[stl     b=100    d=3 seed=5] building features...
    feats=0.34s  linear=0.7996  tree=0.7674
[stl     b=100    d=3 seed=6] building features...
    feats=0.29s  linear=0.7632  tree=0.6928
[stl     b=100    d=3 seed=7] building features...
    feats=0.23s  linear=0.8088  tree=0.6352
[stl     b=100    d=3 seed=8] building features...
    feats=0.26s  linear=0.7772  tree=0.7264
[stl     b=100    d=3 seed=9] building features...
    feats=0.33s  linear=0.7791  tree=0.7062

Feature builds: 10 (full sweep would be 10; fewer if any STL configuration hit its time budget)

Done. Results saved to: /share/ai-lab/adsiega/STLRocket/results/RacketSports_20260915_210513_aec5c6c5
