Task 237: dataset=UWaveGestureLibrary n_formulas=10000 depth_max=3 until_weight=1
Output directory: /share/ai-lab/adsiega/STLRocket/results/UWaveGestureLibrary_20260915_235317_845d053f
Dataset: UWaveGestureLibrary  budgets: [10000]  depths: [3]  n_run: 10  cv: 5  config_budget: 28800.0s

Loading dataset...
  train: (120, 3, 315)  test: (320, 3, 315)
[stl     b=10000  d=3 seed=0] building features...
    feats=1085.49s  linear=0.9000  tree=0.6937
[stl     b=10000  d=3 seed=1] building features...
    feats=1021.09s  linear=0.9031  tree=0.6406
[stl     b=10000  d=3 seed=2] building features...
    feats=1024.97s  linear=0.8875  tree=0.6406
[stl     b=10000  d=3 seed=3] building features...
    feats=1098.75s  linear=0.8844  tree=0.7156
[stl     b=10000  d=3 seed=4] building features...
    feats=1058.86s  linear=0.8656  tree=0.6531
[stl     b=10000  d=3 seed=5] building features...
    feats=1055.19s  linear=0.8781  tree=0.6750
[stl     b=10000  d=3 seed=6] building features...
    feats=1105.23s  linear=0.9062  tree=0.6719
[stl     b=10000  d=3 seed=7] building features...
    feats=1090.78s  linear=0.8750  tree=0.7031
[stl     b=10000  d=3 seed=8] building features...
    feats=1054.95s  linear=0.8688  tree=0.7344
[stl     b=10000  d=3 seed=9] building features...
    feats=1085.33s  linear=0.8875  tree=0.6469

Feature builds: 10 (full sweep would be 10; fewer if any STL configuration hit its time budget)

Done. Results saved to: /share/ai-lab/adsiega/STLRocket/results/UWaveGestureLibrary_20260915_235317_845d053f
