Task 15: dataset=HandMovementDirection n_formulas=100 depth_max=1 until_weight=0
Output directory: /share/ai-lab/adsiega/STLRocket/results/HandMovementDirection_20260915_173155_b014833f
Dataset: HandMovementDirection  budgets: [100]  depths: [1]  n_run: 10  cv: 5  config_budget: 28800.0s

Loading dataset...
  train: (160, 10, 400)  test: (74, 10, 400)
[stl     b=100    d=1 seed=0] building features...
    feats=0.07s  linear=0.2500  tree=0.2869
[stl     b=100    d=1 seed=1] building features...
    feats=0.06s  linear=0.3476  tree=0.2619
[stl     b=100    d=1 seed=2] building features...
    feats=0.06s  linear=0.3786  tree=0.2524
[stl     b=100    d=1 seed=3] building features...
    feats=0.06s  linear=0.3381  tree=0.4071
[stl     b=100    d=1 seed=4] building features...
    feats=0.06s  linear=0.4750  tree=0.2798
[stl     b=100    d=1 seed=5] building features...
    feats=0.06s  linear=0.2036  tree=0.3500
[stl     b=100    d=1 seed=6] building features...
    feats=0.06s  linear=0.2369  tree=0.2357
[stl     b=100    d=1 seed=7] building features...
    feats=0.06s  linear=0.2893  tree=0.4238
[stl     b=100    d=1 seed=8] building features...
    feats=0.06s  linear=0.2786  tree=0.1988
[stl     b=100    d=1 seed=9] building features...
    feats=0.06s  linear=0.3214  tree=0.2262

Feature builds: 10 (full sweep would be 10; fewer if any STL configuration hit its time budget)

Done. Results saved to: /share/ai-lab/adsiega/STLRocket/results/HandMovementDirection_20260915_173155_b014833f
