Task 226: dataset=Heartbeat n_formulas=1000 depth_max=3 until_weight=1
Output directory: /share/ai-lab/adsiega/STLRocket/results/Heartbeat_20260915_214855_6907d595
Dataset: Heartbeat  budgets: [1000]  depths: [3]  n_run: 10  cv: 5  config_budget: 28800.0s

Loading dataset...
  train: (204, 61, 405)  test: (205, 61, 405)
[stl     b=1000   d=3 seed=0] building features...
    feats=155.36s  linear=0.6030  tree=0.5969
[stl     b=1000   d=3 seed=1] building features...
    feats=162.84s  linear=0.6677  tree=0.6409
[stl     b=1000   d=3 seed=2] building features...
    feats=175.51s  linear=0.6523  tree=0.6044
[stl     b=1000   d=3 seed=3] building features...
    feats=162.12s  linear=0.6333  tree=0.6402
[stl     b=1000   d=3 seed=4] building features...
    feats=157.12s  linear=0.6373  tree=0.6853
[stl     b=1000   d=3 seed=5] building features...
    feats=176.71s  linear=0.6468  tree=0.6712
[stl     b=1000   d=3 seed=6] building features...
    feats=160.62s  linear=0.6948  tree=0.6449
[stl     b=1000   d=3 seed=7] building features...
    feats=157.03s  linear=0.6799  tree=0.6118
[stl     b=1000   d=3 seed=8] building features...
    feats=158.24s  linear=0.6319  tree=0.6388
[stl     b=1000   d=3 seed=9] building features...
    feats=175.94s  linear=0.6631  tree=0.5888

Feature builds: 10 (full sweep would be 10; fewer if any STL configuration hit its time budget)

Done. Results saved to: /share/ai-lab/adsiega/STLRocket/results/Heartbeat_20260915_214855_6907d595
