Task 227: dataset=UWaveGestureLibrary n_formulas=1000 depth_max=3 until_weight=1
Output directory: /share/ai-lab/adsiega/STLRocket/results/UWaveGestureLibrary_20260915_215519_01df2e7f
Dataset: UWaveGestureLibrary  budgets: [1000]  depths: [3]  n_run: 10  cv: 5  config_budget: 28800.0s

Loading dataset...
  train: (120, 3, 315)  test: (320, 3, 315)
[stl     b=1000   d=3 seed=0] building features...
    feats=136.14s  linear=0.8719  tree=0.6594
[stl     b=1000   d=3 seed=1] building features...
    feats=119.50s  linear=0.8438  tree=0.6156
[stl     b=1000   d=3 seed=2] building features...
    feats=114.23s  linear=0.8469  tree=0.6687
[stl     b=1000   d=3 seed=3] building features...
    feats=133.33s  linear=0.8156  tree=0.6781
[stl     b=1000   d=3 seed=4] building features...
    feats=125.62s  linear=0.8156  tree=0.6469
[stl     b=1000   d=3 seed=5] building features...
    feats=129.51s  linear=0.8469  tree=0.6344
[stl     b=1000   d=3 seed=6] building features...
    feats=124.62s  linear=0.8469  tree=0.7094
[stl     b=1000   d=3 seed=7] building features...
    feats=108.82s  linear=0.8812  tree=0.6781
[stl     b=1000   d=3 seed=8] building features...
    feats=116.45s  linear=0.8719  tree=0.7437
[stl     b=1000   d=3 seed=9] building features...
    feats=112.79s  linear=0.8250  tree=0.6813

Feature builds: 10 (full sweep would be 10; fewer if any STL configuration hit its time budget)

Done. Results saved to: /share/ai-lab/adsiega/STLRocket/results/UWaveGestureLibrary_20260915_215519_01df2e7f
