Task 210: dataset=StandWalkJump n_formulas=100 depth_max=3 until_weight=1
Output directory: /share/ai-lab/adsiega/STLRocket/results/StandWalkJump_20260915_205405_202cdd18
Dataset: StandWalkJump  budgets: [100]  depths: [3]  n_run: 10  cv: 5  config_budget: 28800.0s

Loading dataset...
  train: (12, 4, 2500)  test: (15, 4, 2500)
[stl     b=100    d=3 seed=0] building features...
    feats=65.80s  linear=0.3333  tree=0.3333
[stl     b=100    d=3 seed=1] building features...
    feats=47.56s  linear=0.1333  tree=0.4667
[stl     b=100    d=3 seed=2] building features...
    feats=52.82s  linear=0.3333  tree=0.3333
[stl     b=100    d=3 seed=3] building features...
    feats=54.47s  linear=0.3333  tree=0.3333
[stl     b=100    d=3 seed=4] building features...
    feats=52.77s  linear=0.2000  tree=0.2667
[stl     b=100    d=3 seed=5] building features...
    feats=46.81s  linear=0.2000  tree=0.2667
[stl     b=100    d=3 seed=6] building features...
    feats=40.27s  linear=0.3333  tree=0.2000
[stl     b=100    d=3 seed=7] building features...
    feats=39.64s  linear=0.2667  tree=0.2667
[stl     b=100    d=3 seed=8] building features...
    feats=36.48s  linear=0.2000  tree=0.2667
[stl     b=100    d=3 seed=9] building features...
    feats=69.04s  linear=0.3333  tree=0.4667

Feature builds: 10 (full sweep would be 10; fewer if any STL configuration hit its time budget)

Done. Results saved to: /share/ai-lab/adsiega/STLRocket/results/StandWalkJump_20260915_205405_202cdd18
