Task 115: dataset=HandMovementDirection n_formulas=10000 depth_max=3 until_weight=0
Output directory: /share/ai-lab/adsiega/STLRocket/results/HandMovementDirection_20260915_174701_0ecf3a03
Dataset: HandMovementDirection  budgets: [10000]  depths: [3]  n_run: 10  cv: 5  config_budget: 28800.0s

Loading dataset...
  train: (160, 10, 400)  test: (74, 10, 400)
[stl     b=10000  d=3 seed=0] building features...
    feats=8.38s  linear=0.5726  tree=0.3357
[stl     b=10000  d=3 seed=1] building features...
    feats=8.53s  linear=0.5762  tree=0.2619
[stl     b=10000  d=3 seed=2] building features...
    feats=8.43s  linear=0.4976  tree=0.3536
[stl     b=10000  d=3 seed=3] building features...
    feats=8.32s  linear=0.5214  tree=0.3048
[stl     b=10000  d=3 seed=4] building features...
    feats=8.14s  linear=0.4988  tree=0.3500
[stl     b=10000  d=3 seed=5] building features...
    feats=8.17s  linear=0.4298  tree=0.3405
[stl     b=10000  d=3 seed=6] building features...
    feats=8.31s  linear=0.3869  tree=0.2524
[stl     b=10000  d=3 seed=7] building features...
    feats=7.74s  linear=0.5369  tree=0.2714
[stl     b=10000  d=3 seed=8] building features...
    feats=8.46s  linear=0.5631  tree=0.3405
[stl     b=10000  d=3 seed=9] building features...
    feats=8.84s  linear=0.5429  tree=0.2012

Feature builds: 10 (full sweep would be 10; fewer if any STL configuration hit its time budget)

Done. Results saved to: /share/ai-lab/adsiega/STLRocket/results/HandMovementDirection_20260915_174701_0ecf3a03
