Task 176: dataset=Heartbeat n_formulas=100 depth_max=2 until_weight=1
Output directory: /share/ai-lab/adsiega/STLRocket/results/Heartbeat_20260915_184100_d60e0936
Dataset: Heartbeat  budgets: [100]  depths: [2]  n_run: 10  cv: 5  config_budget: 28800.0s

Loading dataset...
  train: (204, 61, 405)  test: (205, 61, 405)
[stl     b=100    d=2 seed=0] building features...
    feats=8.99s  linear=0.6522  tree=0.6367
[stl     b=100    d=2 seed=1] building features...
    feats=11.71s  linear=0.6616  tree=0.6374
[stl     b=100    d=2 seed=2] building features...
    feats=13.98s  linear=0.6724  tree=0.6259
[stl     b=100    d=2 seed=3] building features...
    feats=20.47s  linear=0.6172  tree=0.5754
[stl     b=100    d=2 seed=4] building features...
    feats=15.84s  linear=0.6334  tree=0.6172
[stl     b=100    d=2 seed=5] building features...
    feats=16.34s  linear=0.6495  tree=0.6597
[stl     b=100    d=2 seed=6] building features...
    feats=9.08s  linear=0.5868  tree=0.6211
[stl     b=100    d=2 seed=7] building features...
    feats=7.74s  linear=0.6867  tree=0.6226
[stl     b=100    d=2 seed=8] building features...
    feats=19.77s  linear=0.6516  tree=0.6219
[stl     b=100    d=2 seed=9] building features...
    feats=20.57s  linear=0.6440  tree=0.6543

Feature builds: 10 (full sweep would be 10; fewer if any STL configuration hit its time budget)

Done. Results saved to: /share/ai-lab/adsiega/STLRocket/results/Heartbeat_20260915_184100_d60e0936
