Task 41: dataset=ERing n_formulas=10 depth_max=2 until_weight=0
Output directory: /share/ai-lab/adsiega/STLRocket/results/ERing_20260915_173450_ae488ce6
Dataset: ERing  budgets: [10]  depths: [2]  n_run: 10  cv: 5  config_budget: 28800.0s

Loading dataset...
  train: (30, 4, 65)  test: (270, 4, 65)
[stl     b=10     d=2 seed=0] building features...
    feats=0.02s  linear=0.6852  tree=0.6407
[stl     b=10     d=2 seed=1] building features...
    feats=0.01s  linear=0.8222  tree=0.7000
[stl     b=10     d=2 seed=2] building features...
    feats=0.01s  linear=0.8111  tree=0.5815
[stl     b=10     d=2 seed=3] building features...
    feats=0.01s  linear=0.7259  tree=0.5000
[stl     b=10     d=2 seed=4] building features...
    feats=0.01s  linear=0.6148  tree=0.6815
[stl     b=10     d=2 seed=5] building features...
    feats=0.01s  linear=0.7852  tree=0.5704
[stl     b=10     d=2 seed=6] building features...
    feats=0.30s  linear=0.7741  tree=0.7704
[stl     b=10     d=2 seed=7] building features...
    feats=0.01s  linear=0.6481  tree=0.5185
[stl     b=10     d=2 seed=8] building features...
    feats=0.01s  linear=0.7111  tree=0.5296
[stl     b=10     d=2 seed=9] building features...
    feats=0.01s  linear=0.7741  tree=0.5296

Feature builds: 10 (full sweep would be 10; fewer if any STL configuration hit its time budget)

Done. Results saved to: /share/ai-lab/adsiega/STLRocket/results/ERing_20260915_173450_ae488ce6
