Task 60: dataset=StandWalkJump n_formulas=1000 depth_max=2 until_weight=0
Output directory: /share/ai-lab/adsiega/STLRocket/results/StandWalkJump_20260915_173803_5d3acc0a
Dataset: StandWalkJump  budgets: [1000]  depths: [2]  n_run: 10  cv: 5  config_budget: 28800.0s

Loading dataset...
  train: (12, 4, 2500)  test: (15, 4, 2500)
[stl     b=1000   d=2 seed=0] building features...
    feats=0.66s  linear=0.2667  tree=0.3333
[stl     b=1000   d=2 seed=1] building features...
    feats=0.63s  linear=0.2667  tree=0.4667
[stl     b=1000   d=2 seed=2] building features...
    feats=0.59s  linear=0.3333  tree=0.3333
[stl     b=1000   d=2 seed=3] building features...
    feats=0.63s  linear=0.3333  tree=0.4000
[stl     b=1000   d=2 seed=4] building features...
    feats=0.70s  linear=0.2000  tree=0.5333
[stl     b=1000   d=2 seed=5] building features...
    feats=0.65s  linear=0.3333  tree=0.3333
[stl     b=1000   d=2 seed=6] building features...
    feats=0.63s  linear=0.3333  tree=0.3333
[stl     b=1000   d=2 seed=7] building features...
    feats=0.67s  linear=0.3333  tree=0.3333
[stl     b=1000   d=2 seed=8] building features...
    feats=0.62s  linear=0.3333  tree=0.4000
[stl     b=1000   d=2 seed=9] building features...
    feats=0.59s  linear=0.4000  tree=0.2667

Feature builds: 10 (full sweep would be 10; fewer if any STL configuration hit its time budget)

Done. Results saved to: /share/ai-lab/adsiega/STLRocket/results/StandWalkJump_20260915_173803_5d3acc0a
