Task 114: dataset=RacketSports n_formulas=10000 depth_max=3 until_weight=0
Output directory: /share/ai-lab/adsiega/STLRocket/results/RacketSports_20260915_174701_16b8cb5f
Dataset: RacketSports  budgets: [10000]  depths: [3]  n_run: 10  cv: 5  config_budget: 28800.0s

Loading dataset...
  train: (151, 6, 30)  test: (152, 6, 30)
[stl     b=10000  d=3 seed=0] building features...
    feats=4.67s  linear=0.8789  tree=0.6689
[stl     b=10000  d=3 seed=1] building features...
    feats=4.85s  linear=0.8655  tree=0.6990
[stl     b=10000  d=3 seed=2] building features...
    feats=4.73s  linear=0.8106  tree=0.7750
[stl     b=10000  d=3 seed=3] building features...
    feats=4.91s  linear=0.8365  tree=0.7899
[stl     b=10000  d=3 seed=4] building features...
    feats=4.74s  linear=0.8352  tree=0.7204
[stl     b=10000  d=3 seed=5] building features...
    feats=4.69s  linear=0.8230  tree=0.6990
[stl     b=10000  d=3 seed=6] building features...
    feats=4.67s  linear=0.8427  tree=0.6932
[stl     b=10000  d=3 seed=7] building features...
    feats=4.73s  linear=0.8499  tree=0.7830
[stl     b=10000  d=3 seed=8] building features...
    feats=4.69s  linear=0.7735  tree=0.6775
[stl     b=10000  d=3 seed=9] building features...
    feats=4.79s  linear=0.8664  tree=0.7721

Feature builds: 10 (full sweep would be 10; fewer if any STL configuration hit its time budget)

Done. Results saved to: /share/ai-lab/adsiega/STLRocket/results/RacketSports_20260915_174701_16b8cb5f
