Task 190: dataset=StandWalkJump n_formulas=10000 depth_max=2 until_weight=1
Output directory: /share/ai-lab/adsiega/STLRocket/results/StandWalkJump_20260915_191809_74b3260f
Dataset: StandWalkJump  budgets: [10000]  depths: [2]  n_run: 10  cv: 5  config_budget: 28800.0s

Loading dataset...
  train: (12, 4, 2500)  test: (15, 4, 2500)
[stl     b=10000  d=2 seed=0] building features...
    feats=3667.37s  linear=0.3333  tree=0.4000
[stl     b=10000  d=2 seed=1] building features...
    feats=3663.61s  linear=0.3333  tree=0.3333
[stl     b=10000  d=2 seed=2] building features...
    feats=3505.00s  linear=0.2667  tree=0.3333
[stl     b=10000  d=2 seed=3] building features...
    feats=3642.77s  linear=0.3333  tree=0.3333
[stl     b=10000  d=2 seed=4] building features...
    feats=3661.49s  linear=0.3333  tree=0.3333
[stl     b=10000  d=2 seed=5] building features...
    feats=3649.38s  linear=0.3333  tree=0.2667
[stl     b=10000  d=2 seed=6] building features...
    feats=3707.29s  linear=0.3333  tree=0.2667
[stl     b=10000  d=2 seed=7] building features...
    feats=3534.49s  linear=0.3333  tree=0.3333

Feature builds: 8 (full sweep would be 10; fewer if any STL configuration hit its time budget)

Done. Results saved to: /share/ai-lab/adsiega/STLRocket/results/StandWalkJump_20260915_191809_74b3260f
