Task 164: dataset=RacketSports n_formulas=10 depth_max=2 until_weight=1
Output directory: /share/ai-lab/adsiega/STLRocket/results/RacketSports_20260915_182633_06cd14a3
Dataset: RacketSports  budgets: [10]  depths: [2]  n_run: 10  cv: 5  config_budget: 28800.0s

Loading dataset...
  train: (151, 6, 30)  test: (152, 6, 30)
[stl     b=10     d=2 seed=0] building features...
    feats=0.04s  linear=0.6716  tree=0.6584
[stl     b=10     d=2 seed=1] building features...
    feats=0.05s  linear=0.5557  tree=0.6229
[stl     b=10     d=2 seed=2] building features...
    feats=0.02s  linear=0.5194  tree=0.4847
[stl     b=10     d=2 seed=3] building features...
    feats=0.02s  linear=0.5837  tree=0.6295
[stl     b=10     d=2 seed=4] building features...
    feats=0.02s  linear=0.5582  tree=0.4921
[stl     b=10     d=2 seed=5] building features...
    feats=0.01s  linear=0.4878  tree=0.5309
[stl     b=10     d=2 seed=6] building features...
    feats=0.01s  linear=0.5725  tree=0.5887
[stl     b=10     d=2 seed=7] building features...
    feats=0.01s  linear=0.5683  tree=0.6165
[stl     b=10     d=2 seed=8] building features...
    feats=0.04s  linear=0.6425  tree=0.5794
[stl     b=10     d=2 seed=9] building features...
    feats=0.02s  linear=0.7181  tree=0.6561

Feature builds: 10 (full sweep would be 10; fewer if any STL configuration hit its time budget)

Done. Results saved to: /share/ai-lab/adsiega/STLRocket/results/RacketSports_20260915_182633_06cd14a3
