Task 100: dataset=StandWalkJump n_formulas=1000 depth_max=3 until_weight=0
Output directory: /share/ai-lab/adsiega/STLRocket/results/StandWalkJump_20260915_174502_87f62971
Dataset: StandWalkJump  budgets: [1000]  depths: [3]  n_run: 10  cv: 5  config_budget: 28800.0s

Loading dataset...
  train: (12, 4, 2500)  test: (15, 4, 2500)
[stl     b=1000   d=3 seed=0] building features...
    feats=0.83s  linear=0.3333  tree=0.2000
[stl     b=1000   d=3 seed=1] building features...
    feats=0.79s  linear=0.3333  tree=0.3333
[stl     b=1000   d=3 seed=2] building features...
    feats=0.76s  linear=0.3333  tree=0.3333
[stl     b=1000   d=3 seed=3] building features...
    feats=0.76s  linear=0.4667  tree=0.3333
[stl     b=1000   d=3 seed=4] building features...
    feats=0.73s  linear=0.3333  tree=0.3333
[stl     b=1000   d=3 seed=5] building features...
    feats=0.75s  linear=0.3333  tree=0.2667
[stl     b=1000   d=3 seed=6] building features...
    feats=0.71s  linear=0.3333  tree=0.3333
[stl     b=1000   d=3 seed=7] building features...
    feats=0.76s  linear=0.3333  tree=0.3333
[stl     b=1000   d=3 seed=8] building features...
    feats=0.71s  linear=0.3333  tree=0.4667
[stl     b=1000   d=3 seed=9] building features...
    feats=0.89s  linear=0.3333  tree=0.6000

Feature builds: 10 (full sweep would be 10; fewer if any STL configuration hit its time budget)

Done. Results saved to: /share/ai-lab/adsiega/STLRocket/results/StandWalkJump_20260915_174502_87f62971
