Task 218: dataset=Epilepsy n_formulas=100 depth_max=3 until_weight=1
Output directory: /share/ai-lab/adsiega/STLRocket/results/Epilepsy_20260915_211453_064da3a9
Dataset: Epilepsy  budgets: [100]  depths: [3]  n_run: 10  cv: 5  config_budget: 28800.0s

Loading dataset...
  train: (137, 3, 206)  test: (138, 3, 206)
[stl     b=100    d=3 seed=0] building features...
    feats=4.21s  linear=0.9300  tree=0.7443
[stl     b=100    d=3 seed=1] building features...
    feats=3.70s  linear=0.9205  tree=0.7060
[stl     b=100    d=3 seed=2] building features...
    feats=3.14s  linear=0.8871  tree=0.7449
[stl     b=100    d=3 seed=3] building features...
    feats=3.71s  linear=0.9199  tree=0.7829
[stl     b=100    d=3 seed=4] building features...
    feats=2.57s  linear=0.9221  tree=0.7749
[stl     b=100    d=3 seed=5] building features...
    feats=3.10s  linear=0.9159  tree=0.7687
[stl     b=100    d=3 seed=6] building features...
    feats=3.21s  linear=0.9144  tree=0.7892
[stl     b=100    d=3 seed=7] building features...
    feats=3.13s  linear=0.9279  tree=0.7335
[stl     b=100    d=3 seed=8] building features...
    feats=3.60s  linear=0.9221  tree=0.7330
[stl     b=100    d=3 seed=9] building features...
    feats=3.79s  linear=0.9503  tree=0.6764

Feature builds: 10 (full sweep would be 10; fewer if any STL configuration hit its time budget)

Done. Results saved to: /share/ai-lab/adsiega/STLRocket/results/Epilepsy_20260915_211453_064da3a9
