Task 51: dataset=ERing n_formulas=100 depth_max=2 until_weight=0
Output directory: /share/ai-lab/adsiega/STLRocket/results/ERing_20260915_173631_dd979e36
Dataset: ERing  budgets: [100]  depths: [2]  n_run: 10  cv: 5  config_budget: 28800.0s

Loading dataset...
  train: (30, 4, 65)  test: (270, 4, 65)
[stl     b=100    d=2 seed=0] building features...
    feats=2.03s  linear=0.9370  tree=0.7926
[stl     b=100    d=2 seed=1] building features...
    feats=2.10s  linear=0.9111  tree=0.7148
[stl     b=100    d=2 seed=2] building features...
    feats=0.04s  linear=0.9111  tree=0.7630
[stl     b=100    d=2 seed=3] building features...
    feats=0.24s  linear=0.8593  tree=0.8148
[stl     b=100    d=2 seed=4] building features...
    feats=0.05s  linear=0.8926  tree=0.8111
[stl     b=100    d=2 seed=5] building features...
    feats=0.05s  linear=0.8667  tree=0.8259
[stl     b=100    d=2 seed=6] building features...
    feats=0.05s  linear=0.8630  tree=0.6704
[stl     b=100    d=2 seed=7] building features...
    feats=0.05s  linear=0.8852  tree=0.7074
[stl     b=100    d=2 seed=8] building features...
    feats=0.05s  linear=0.9185  tree=0.8000
[stl     b=100    d=2 seed=9] building features...
    feats=0.05s  linear=0.8556  tree=0.6593

Feature builds: 10 (full sweep would be 10; fewer if any STL configuration hit its time budget)

Done. Results saved to: /share/ai-lab/adsiega/STLRocket/results/ERing_20260915_173631_dd979e36
