Task 24: dataset=RacketSports n_formulas=1000 depth_max=1 until_weight=0
Output directory: /share/ai-lab/adsiega/STLRocket/results/RacketSports_20260915_173230_5fbc6ee6
Dataset: RacketSports  budgets: [1000]  depths: [1]  n_run: 10  cv: 5  config_budget: 28800.0s

Loading dataset...
  train: (151, 6, 30)  test: (152, 6, 30)
[stl     b=1000   d=1 seed=0] building features...
    feats=0.33s  linear=0.8001  tree=0.7184
[stl     b=1000   d=1 seed=1] building features...
    feats=0.31s  linear=0.7487  tree=0.7836
[stl     b=1000   d=1 seed=2] building features...
    feats=0.31s  linear=0.7947  tree=0.6900
[stl     b=1000   d=1 seed=3] building features...
    feats=0.30s  linear=0.8251  tree=0.7602
[stl     b=1000   d=1 seed=4] building features...
    feats=0.31s  linear=0.7905  tree=0.6983
[stl     b=1000   d=1 seed=5] building features...
    feats=0.31s  linear=0.7880  tree=0.7787
[stl     b=1000   d=1 seed=6] building features...
    feats=0.31s  linear=0.7873  tree=0.7142
[stl     b=1000   d=1 seed=7] building features...
    feats=0.31s  linear=0.7563  tree=0.6683
[stl     b=1000   d=1 seed=8] building features...
    feats=0.31s  linear=0.8162  tree=0.7608
[stl     b=1000   d=1 seed=9] building features...
    feats=0.32s  linear=0.7981  tree=0.7047

Feature builds: 10 (full sweep would be 10; fewer if any STL configuration hit its time budget)

Done. Results saved to: /share/ai-lab/adsiega/STLRocket/results/RacketSports_20260915_173230_5fbc6ee6
