Task 111: dataset=ERing n_formulas=10000 depth_max=3 until_weight=0
Output directory: /share/ai-lab/adsiega/STLRocket/results/ERing_20260915_174640_d6d44964
Dataset: ERing  budgets: [10000]  depths: [3]  n_run: 10  cv: 5  config_budget: 28800.0s

Loading dataset...
  train: (30, 4, 65)  test: (270, 4, 65)
[stl     b=10000  d=3 seed=0] building features...
    feats=5.93s  linear=0.9074  tree=0.7852
[stl     b=10000  d=3 seed=1] building features...
    feats=5.42s  linear=0.8926  tree=0.8630
[stl     b=10000  d=3 seed=2] building features...
    feats=5.25s  linear=0.9074  tree=0.6481
[stl     b=10000  d=3 seed=3] building features...
    feats=5.30s  linear=0.7704  tree=0.7593
[stl     b=10000  d=3 seed=4] building features...
    feats=5.60s  linear=0.8444  tree=0.7074
[stl     b=10000  d=3 seed=5] building features...
    feats=5.28s  linear=0.9370  tree=0.7889
[stl     b=10000  d=3 seed=6] building features...
    feats=5.46s  linear=0.8296  tree=0.7556
[stl     b=10000  d=3 seed=7] building features...
    feats=5.07s  linear=0.7630  tree=0.7704
[stl     b=10000  d=3 seed=8] building features...
    feats=6.24s  linear=0.8852  tree=0.8185
[stl     b=10000  d=3 seed=9] building features...
    feats=5.30s  linear=0.9111  tree=0.7222

Feature builds: 10 (full sweep would be 10; fewer if any STL configuration hit its time budget)

Done. Results saved to: /share/ai-lab/adsiega/STLRocket/results/ERing_20260915_174640_d6d44964
