Task 96: dataset=Heartbeat n_formulas=100 depth_max=3 until_weight=0
Output directory: /share/ai-lab/adsiega/STLRocket/results/Heartbeat_20260915_174429_839029cc
Dataset: Heartbeat  budgets: [100]  depths: [3]  n_run: 10  cv: 5  config_budget: 28800.0s

Loading dataset...
  train: (204, 61, 405)  test: (205, 61, 405)
[stl     b=100    d=3 seed=0] building features...
    feats=0.26s  linear=0.6300  tree=0.6354
[stl     b=100    d=3 seed=1] building features...
    feats=0.13s  linear=0.6975  tree=0.5774
[stl     b=100    d=3 seed=2] building features...
    feats=0.14s  linear=0.6880  tree=0.6111
[stl     b=100    d=3 seed=3] building features...
    feats=0.89s  linear=0.6840  tree=0.5639
[stl     b=100    d=3 seed=4] building features...
    feats=1.92s  linear=0.6441  tree=0.6388
[stl     b=100    d=3 seed=5] building features...
    feats=1.70s  linear=0.6205  tree=0.5983
[stl     b=100    d=3 seed=6] building features...
    feats=0.16s  linear=0.6690  tree=0.6469
[stl     b=100    d=3 seed=7] building features...
    feats=0.14s  linear=0.6401  tree=0.5747
[stl     b=100    d=3 seed=8] building features...
    feats=0.17s  linear=0.6833  tree=0.6326
[stl     b=100    d=3 seed=9] building features...
    feats=0.13s  linear=0.6489  tree=0.6508

Feature builds: 10 (full sweep would be 10; fewer if any STL configuration hit its time budget)

Done. Results saved to: /share/ai-lab/adsiega/STLRocket/results/Heartbeat_20260915_174429_839029cc
