Task 234: dataset=RacketSports n_formulas=10000 depth_max=3 until_weight=1
Output directory: /share/ai-lab/adsiega/STLRocket/results/RacketSports_20260915_224054_87bc96e2
Dataset: RacketSports  budgets: [10000]  depths: [3]  n_run: 10  cv: 5  config_budget: 28800.0s

Loading dataset...
  train: (151, 6, 30)  test: (152, 6, 30)
[stl     b=10000  d=3 seed=0] building features...
    feats=24.01s  linear=0.8548  tree=0.7084
[stl     b=10000  d=3 seed=1] building features...
    feats=24.11s  linear=0.8702  tree=0.6864
[stl     b=10000  d=3 seed=2] building features...
    feats=23.74s  linear=0.8677  tree=0.6961
[stl     b=10000  d=3 seed=3] building features...
    feats=23.15s  linear=0.8423  tree=0.7308
[stl     b=10000  d=3 seed=4] building features...
    feats=23.67s  linear=0.8673  tree=0.7583
[stl     b=10000  d=3 seed=5] building features...
    feats=22.88s  linear=0.8584  tree=0.7104
[stl     b=10000  d=3 seed=6] building features...
    feats=23.18s  linear=0.8673  tree=0.7160
[stl     b=10000  d=3 seed=7] building features...
    feats=23.17s  linear=0.8794  tree=0.7901
[stl     b=10000  d=3 seed=8] building features...
    feats=22.92s  linear=0.8802  tree=0.6355
[stl     b=10000  d=3 seed=9] building features...
    feats=23.47s  linear=0.8619  tree=0.7426

Feature builds: 10 (full sweep would be 10; fewer if any STL configuration hit its time budget)

Done. Results saved to: /share/ai-lab/adsiega/STLRocket/results/RacketSports_20260915_224054_87bc96e2
