Task 81: dataset=ERing n_formulas=10 depth_max=3 until_weight=0
Output directory: /share/ai-lab/adsiega/STLRocket/results/ERing_20260915_174207_b5655708
Dataset: ERing  budgets: [10]  depths: [3]  n_run: 10  cv: 5  config_budget: 28800.0s

Loading dataset...
  train: (30, 4, 65)  test: (270, 4, 65)
[stl     b=10     d=3 seed=0] building features...
    feats=0.36s  linear=0.6741  tree=0.5222
[stl     b=10     d=3 seed=1] building features...
    feats=0.32s  linear=0.6815  tree=0.4519
[stl     b=10     d=3 seed=2] building features...
    feats=0.23s  linear=0.7852  tree=0.6741
[stl     b=10     d=3 seed=3] building features...
    feats=0.18s  linear=0.7407  tree=0.5704
[stl     b=10     d=3 seed=4] building features...
    feats=0.25s  linear=0.7111  tree=0.5852
[stl     b=10     d=3 seed=5] building features...
    feats=0.31s  linear=0.6296  tree=0.5963
[stl     b=10     d=3 seed=6] building features...
    feats=0.21s  linear=0.6519  tree=0.7667
[stl     b=10     d=3 seed=7] building features...
    feats=0.18s  linear=0.8370  tree=0.5481
[stl     b=10     d=3 seed=8] building features...
    feats=0.15s  linear=0.6556  tree=0.6815
[stl     b=10     d=3 seed=9] building features...
    feats=0.02s  linear=0.5963  tree=0.5741

Feature builds: 10 (full sweep would be 10; fewer if any STL configuration hit its time budget)

Done. Results saved to: /share/ai-lab/adsiega/STLRocket/results/ERing_20260915_174207_b5655708
