Task 26: dataset=Heartbeat n_formulas=1000 depth_max=1 until_weight=0
Output directory: /share/ai-lab/adsiega/STLRocket/results/Heartbeat_20260915_173234_eeb4cbdb
Dataset: Heartbeat  budgets: [1000]  depths: [1]  n_run: 10  cv: 5  config_budget: 28800.0s

Loading dataset...
  train: (204, 61, 405)  test: (205, 61, 405)
[stl     b=1000   d=1 seed=0] building features...
    feats=0.85s  linear=0.7035  tree=0.6050
[stl     b=1000   d=1 seed=1] building features...
    feats=0.90s  linear=0.6326  tree=0.6449
[stl     b=1000   d=1 seed=2] building features...
    feats=0.78s  linear=0.6172  tree=0.6287
[stl     b=1000   d=1 seed=3] building features...
    feats=0.71s  linear=0.6395  tree=0.6071
[stl     b=1000   d=1 seed=4] building features...
    feats=0.75s  linear=0.6967  tree=0.5747
[stl     b=1000   d=1 seed=5] building features...
    feats=0.76s  linear=0.6751  tree=0.6171
[stl     b=1000   d=1 seed=6] building features...
    feats=0.74s  linear=0.6570  tree=0.5895
[stl     b=1000   d=1 seed=7] building features...
    feats=0.84s  linear=0.6575  tree=0.5632
[stl     b=1000   d=1 seed=8] building features...
    feats=0.73s  linear=0.6955  tree=0.6184
[stl     b=1000   d=1 seed=9] building features...
    feats=0.75s  linear=0.6596  tree=0.5625

Feature builds: 10 (full sweep would be 10; fewer if any STL configuration hit its time budget)

Done. Results saved to: /share/ai-lab/adsiega/STLRocket/results/Heartbeat_20260915_173234_eeb4cbdb
