Task 186: dataset=Heartbeat n_formulas=1000 depth_max=2 until_weight=1
Output directory: /share/ai-lab/adsiega/STLRocket/results/Heartbeat_20260915_185254_47d794dc
Dataset: Heartbeat  budgets: [1000]  depths: [2]  n_run: 10  cv: 5  config_budget: 28800.0s

Loading dataset...
  train: (204, 61, 405)  test: (205, 61, 405)
[stl     b=1000   d=2 seed=0] building features...
    feats=151.27s  linear=0.6860  tree=0.6530
[stl     b=1000   d=2 seed=1] building features...
    feats=134.41s  linear=0.5888  tree=0.6408
[stl     b=1000   d=2 seed=2] building features...
    feats=138.11s  linear=0.6441  tree=0.5788
[stl     b=1000   d=2 seed=3] building features...
    feats=142.17s  linear=0.6610  tree=0.6320
[stl     b=1000   d=2 seed=4] building features...
    feats=151.31s  linear=0.6941  tree=0.6814
[stl     b=1000   d=2 seed=5] building features...
    feats=149.11s  linear=0.6245  tree=0.6044
[stl     b=1000   d=2 seed=6] building features...
    feats=142.03s  linear=0.6475  tree=0.6355
[stl     b=1000   d=2 seed=7] building features...
    feats=134.31s  linear=0.6623  tree=0.6422
[stl     b=1000   d=2 seed=8] building features...
    feats=143.37s  linear=0.6812  tree=0.6591
[stl     b=1000   d=2 seed=9] building features...
    feats=164.81s  linear=0.6604  tree=0.6502

Feature builds: 10 (full sweep would be 10; fewer if any STL configuration hit its time budget)

Done. Results saved to: /share/ai-lab/adsiega/STLRocket/results/Heartbeat_20260915_185254_47d794dc
