Task 141: dataset=ERing n_formulas=1000 depth_max=1 until_weight=1
Output directory: /share/ai-lab/adsiega/STLRocket/results/ERing_20260915_175315_f26f0aa1
Dataset: ERing  budgets: [1000]  depths: [1]  n_run: 10  cv: 5  config_budget: 28800.0s

Loading dataset...
  train: (30, 4, 65)  test: (270, 4, 65)
[stl     b=1000   d=1 seed=0] building features...
    feats=3.62s  linear=0.8037  tree=0.7259
[stl     b=1000   d=1 seed=1] building features...
    feats=3.59s  linear=0.8185  tree=0.7444
[stl     b=1000   d=1 seed=2] building features...
    feats=2.91s  linear=0.7000  tree=0.8148
[stl     b=1000   d=1 seed=3] building features...
    feats=3.86s  linear=0.9222  tree=0.6407
[stl     b=1000   d=1 seed=4] building features...
    feats=3.11s  linear=0.8815  tree=0.7074
[stl     b=1000   d=1 seed=5] building features...
    feats=3.34s  linear=0.8444  tree=0.7111
[stl     b=1000   d=1 seed=6] building features...
    feats=3.69s  linear=0.9000  tree=0.6481
[stl     b=1000   d=1 seed=7] building features...
    feats=3.49s  linear=0.8519  tree=0.6519
[stl     b=1000   d=1 seed=8] building features...
    feats=3.67s  linear=0.7926  tree=0.7815
[stl     b=1000   d=1 seed=9] building features...
    feats=3.57s  linear=0.8296  tree=0.6963

Feature builds: 10 (full sweep would be 10; fewer if any STL configuration hit its time budget)

Done. Results saved to: /share/ai-lab/adsiega/STLRocket/results/ERing_20260915_175315_f26f0aa1
