Task 101: dataset=ERing n_formulas=1000 depth_max=3 until_weight=0
Output directory: /share/ai-lab/adsiega/STLRocket/results/ERing_20260915_174503_ac4d39e2
Dataset: ERing  budgets: [1000]  depths: [3]  n_run: 10  cv: 5  config_budget: 28800.0s

Loading dataset...
  train: (30, 4, 65)  test: (270, 4, 65)
[stl     b=1000   d=3 seed=0] building features...
    feats=0.55s  linear=0.8778  tree=0.7259
[stl     b=1000   d=3 seed=1] building features...
    feats=0.52s  linear=0.9333  tree=0.8444
[stl     b=1000   d=3 seed=2] building features...
    feats=0.49s  linear=0.7741  tree=0.7185
[stl     b=1000   d=3 seed=3] building features...
    feats=0.49s  linear=0.7704  tree=0.6593
[stl     b=1000   d=3 seed=4] building features...
    feats=0.48s  linear=0.8296  tree=0.6889
[stl     b=1000   d=3 seed=5] building features...
    feats=0.48s  linear=0.8778  tree=0.7593
[stl     b=1000   d=3 seed=6] building features...
    feats=0.49s  linear=0.7630  tree=0.6519
[stl     b=1000   d=3 seed=7] building features...
    feats=0.51s  linear=0.9000  tree=0.7148
[stl     b=1000   d=3 seed=8] building features...
    feats=0.48s  linear=0.8222  tree=0.7444
[stl     b=1000   d=3 seed=9] building features...
    feats=0.50s  linear=0.7704  tree=0.8037

Feature builds: 10 (full sweep would be 10; fewer if any STL configuration hit its time budget)

Done. Results saved to: /share/ai-lab/adsiega/STLRocket/results/ERing_20260915_174503_ac4d39e2
