Task 152: dataset=BasicMotions n_formulas=10000 depth_max=1 until_weight=1
Output directory: /share/ai-lab/adsiega/STLRocket/results/BasicMotions_20260915_175828_b2533c7f
Dataset: BasicMotions  budgets: [10000]  depths: [1]  n_run: 10  cv: 5  config_budget: 28800.0s

Loading dataset...
  train: (40, 6, 100)  test: (40, 6, 100)
[stl     b=10000  d=1 seed=0] building features...
    feats=33.56s  linear=0.9750  tree=0.9250
[stl     b=10000  d=1 seed=1] building features...
    feats=32.85s  linear=1.0000  tree=0.7750
[stl     b=10000  d=1 seed=2] building features...
    feats=32.33s  linear=0.9750  tree=0.8250
[stl     b=10000  d=1 seed=3] building features...
    feats=32.18s  linear=0.9750  tree=0.8750
[stl     b=10000  d=1 seed=4] building features...
    feats=33.35s  linear=0.9750  tree=0.9000
[stl     b=10000  d=1 seed=5] building features...
    feats=31.42s  linear=0.9750  tree=0.8750
[stl     b=10000  d=1 seed=6] building features...
    feats=31.98s  linear=0.9500  tree=0.8250
[stl     b=10000  d=1 seed=7] building features...
    feats=31.79s  linear=0.9500  tree=0.9750
[stl     b=10000  d=1 seed=8] building features...
    feats=33.24s  linear=0.9750  tree=0.9000
[stl     b=10000  d=1 seed=9] building features...
    feats=31.69s  linear=0.9750  tree=0.8750

Feature builds: 10 (full sweep would be 10; fewer if any STL configuration hit its time budget)

Done. Results saved to: /share/ai-lab/adsiega/STLRocket/results/BasicMotions_20260915_175828_b2533c7f
