Task 128: dataset=Epilepsy n_formulas=10 depth_max=1 until_weight=1
Output directory: /share/ai-lab/adsiega/STLRocket/results/Epilepsy_20260915_175011_95a14676
Dataset: Epilepsy  budgets: [10]  depths: [1]  n_run: 10  cv: 5  config_budget: 28800.0s

Loading dataset...
  train: (137, 3, 206)  test: (138, 3, 206)
[stl     b=10     d=1 seed=0] building features...
    feats=0.63s  linear=0.7489  tree=0.5989
[stl     b=10     d=1 seed=1] building features...
    feats=0.20s  linear=0.7759  tree=0.6720
[stl     b=10     d=1 seed=2] building features...
    feats=1.03s  linear=0.7947  tree=0.6779
[stl     b=10     d=1 seed=3] building features...
    feats=0.21s  linear=0.8647  tree=0.7867
[stl     b=10     d=1 seed=4] building features...
    feats=0.05s  linear=0.9295  tree=0.7494
[stl     b=10     d=1 seed=5] building features...
    feats=0.11s  linear=0.8088  tree=0.7612
[stl     b=10     d=1 seed=6] building features...
    feats=0.01s  linear=0.7964  tree=0.7934
[stl     b=10     d=1 seed=7] building features...
    feats=0.22s  linear=0.8291  tree=0.7992
[stl     b=10     d=1 seed=8] building features...
    feats=0.14s  linear=0.8156  tree=0.7862
[stl     b=10     d=1 seed=9] building features...
    feats=0.18s  linear=0.8631  tree=0.6931

Feature builds: 10 (full sweep would be 10; fewer if any STL configuration hit its time budget)

Done. Results saved to: /share/ai-lab/adsiega/STLRocket/results/Epilepsy_20260915_175011_95a14676
