Task 18: dataset=Epilepsy n_formulas=100 depth_max=1 until_weight=0
Output directory: /share/ai-lab/adsiega/STLRocket/results/Epilepsy_20260915_173207_1899f7ab
Dataset: Epilepsy  budgets: [100]  depths: [1]  n_run: 10  cv: 5  config_budget: 28800.0s

Loading dataset...
  train: (137, 3, 206)  test: (138, 3, 206)
[stl     b=100    d=1 seed=0] building features...
    feats=0.06s  linear=0.9295  tree=0.7827
[stl     b=100    d=1 seed=1] building features...
    feats=0.05s  linear=0.8997  tree=0.7524
[stl     b=100    d=1 seed=2] building features...
    feats=0.05s  linear=0.8945  tree=0.7151
[stl     b=100    d=1 seed=3] building features...
    feats=0.05s  linear=0.9159  tree=0.7570
[stl     b=100    d=1 seed=4] building features...
    feats=0.04s  linear=0.9295  tree=0.7950
[stl     b=100    d=1 seed=5] building features...
    feats=0.05s  linear=0.8865  tree=0.7590
[stl     b=100    d=1 seed=6] building features...
    feats=0.05s  linear=0.9138  tree=0.7837
[stl     b=100    d=1 seed=7] building features...
    feats=0.04s  linear=0.9080  tree=0.7530
[stl     b=100    d=1 seed=8] building features...
    feats=0.04s  linear=0.9430  tree=0.7515
[stl     b=100    d=1 seed=9] building features...
    feats=0.05s  linear=0.8939  tree=0.7088

Feature builds: 10 (full sweep would be 10; fewer if any STL configuration hit its time budget)

Done. Results saved to: /share/ai-lab/adsiega/STLRocket/results/Epilepsy_20260915_173207_1899f7ab
