Task 193: dataset=DuckDuckGeese n_formulas=10000 depth_max=2 until_weight=1
Output directory: /share/ai-lab/adsiega/STLRocket/results/DuckDuckGeese_20260915_193508_cbcaef42
Dataset: DuckDuckGeese  budgets: [10000]  depths: [2]  n_run: 10  cv: 5  config_budget: 28800.0s

Loading dataset...
  train: (50, 1345, 270)  test: (50, 1345, 270)
[stl     b=10000  d=2 seed=0] building features...
    feats=177.26s  linear=0.5200  tree=0.4000
[stl     b=10000  d=2 seed=1] building features...
    feats=171.02s  linear=0.4000  tree=0.4600
[stl     b=10000  d=2 seed=2] building features...
    feats=168.73s  linear=0.4000  tree=0.4200
[stl     b=10000  d=2 seed=3] building features...
    feats=171.11s  linear=0.4600  tree=0.4800
[stl     b=10000  d=2 seed=4] building features...
    feats=172.80s  linear=0.7200  tree=0.5200
[stl     b=10000  d=2 seed=5] building features...
    feats=175.86s  linear=0.4200  tree=0.4400
[stl     b=10000  d=2 seed=6] building features...
    feats=167.48s  linear=0.5600  tree=0.4200
[stl     b=10000  d=2 seed=7] building features...
    feats=172.99s  linear=0.5200  tree=0.4600
[stl     b=10000  d=2 seed=8] building features...
    feats=168.97s  linear=0.5800  tree=0.4800
[stl     b=10000  d=2 seed=9] building features...
    feats=175.71s  linear=0.4400  tree=0.4000

Feature builds: 10 (full sweep would be 10; fewer if any STL configuration hit its time budget)

Done. Results saved to: /share/ai-lab/adsiega/STLRocket/results/DuckDuckGeese_20260915_193508_cbcaef42
