Task 178: dataset=Epilepsy n_formulas=100 depth_max=2 until_weight=1
Output directory: /share/ai-lab/adsiega/STLRocket/results/Epilepsy_20260915_184417_bb5aacf3
Dataset: Epilepsy  budgets: [100]  depths: [2]  n_run: 10  cv: 5  config_budget: 28800.0s

Loading dataset...
  train: (137, 3, 206)  test: (138, 3, 206)
[stl     b=100    d=2 seed=0] building features...
    feats=2.20s  linear=0.9487  tree=0.8486
[stl     b=100    d=2 seed=1] building features...
    feats=3.30s  linear=0.9215  tree=0.7034
[stl     b=100    d=2 seed=2] building features...
    feats=2.12s  linear=0.9215  tree=0.8012
[stl     b=100    d=2 seed=3] building features...
    feats=2.90s  linear=0.9656  tree=0.8391
[stl     b=100    d=2 seed=4] building features...
    feats=2.20s  linear=0.9503  tree=0.7428
[stl     b=100    d=2 seed=5] building features...
    feats=3.11s  linear=0.9515  tree=0.7882
[stl     b=100    d=2 seed=6] building features...
    feats=1.91s  linear=0.9426  tree=0.7795
[stl     b=100    d=2 seed=7] building features...
    feats=2.09s  linear=0.9147  tree=0.7854
[stl     b=100    d=2 seed=8] building features...
    feats=1.86s  linear=0.9205  tree=0.8198
[stl     b=100    d=2 seed=9] building features...
    feats=3.07s  linear=0.9650  tree=0.7865

Feature builds: 10 (full sweep would be 10; fewer if any STL configuration hit its time budget)

Done. Results saved to: /share/ai-lab/adsiega/STLRocket/results/Epilepsy_20260915_184417_bb5aacf3
