Task 161: dataset=ERing n_formulas=10 depth_max=2 until_weight=1
Output directory: /share/ai-lab/adsiega/STLRocket/results/ERing_20260915_182457_0f4820f1
Dataset: ERing  budgets: [10]  depths: [2]  n_run: 10  cv: 5  config_budget: 28800.0s

Loading dataset...
  train: (30, 4, 65)  test: (270, 4, 65)
[stl     b=10     d=2 seed=0] building features...
    feats=0.13s  linear=0.7481  tree=0.6926
[stl     b=10     d=2 seed=1] building features...
    feats=0.16s  linear=0.6963  tree=0.5148
[stl     b=10     d=2 seed=2] building features...
    feats=0.03s  linear=0.7074  tree=0.8148
[stl     b=10     d=2 seed=3] building features...
    feats=0.11s  linear=0.7519  tree=0.7630
[stl     b=10     d=2 seed=4] building features...
    feats=0.09s  linear=0.5630  tree=0.6926
[stl     b=10     d=2 seed=5] building features...
    feats=0.02s  linear=0.7667  tree=0.6370
[stl     b=10     d=2 seed=6] building features...
    feats=0.02s  linear=0.7593  tree=0.6111
[stl     b=10     d=2 seed=7] building features...
    feats=0.07s  linear=0.5185  tree=0.3926
[stl     b=10     d=2 seed=8] building features...
    feats=0.11s  linear=0.8593  tree=0.7185
[stl     b=10     d=2 seed=9] building features...
    feats=0.07s  linear=0.6370  tree=0.6481

Feature builds: 10 (full sweep would be 10; fewer if any STL configuration hit its time budget)

Done. Results saved to: /share/ai-lab/adsiega/STLRocket/results/ERing_20260915_182457_0f4820f1
