Task 4: dataset=RacketSports n_formulas=10 depth_max=1 until_weight=0
Output directory: /share/ai-lab/adsiega/STLRocket/results/RacketSports_20260915_173131_df3b50cc
Dataset: RacketSports  budgets: [10]  depths: [1]  n_run: 10  cv: 5  config_budget: 28800.0s

Loading dataset...
  train: (151, 6, 30)  test: (152, 6, 30)
[stl     b=10     d=1 seed=0] building features...
    feats=0.01s  linear=0.5364  tree=0.5385
[stl     b=10     d=1 seed=1] building features...
    feats=0.01s  linear=0.5207  tree=0.6201
[stl     b=10     d=1 seed=2] building features...
    feats=0.01s  linear=0.5841  tree=0.5970
[stl     b=10     d=1 seed=3] building features...
    feats=0.01s  linear=0.6404  tree=0.6857
[stl     b=10     d=1 seed=4] building features...
    feats=0.01s  linear=0.4760  tree=0.5603
[stl     b=10     d=1 seed=5] building features...
    feats=0.01s  linear=0.5543  tree=0.5405
[stl     b=10     d=1 seed=6] building features...
    feats=0.00s  linear=0.6585  tree=0.5168
[stl     b=10     d=1 seed=7] building features...
    feats=0.01s  linear=0.5890  tree=0.6465
[stl     b=10     d=1 seed=8] building features...
    feats=0.01s  linear=0.6262  tree=0.6178
[stl     b=10     d=1 seed=9] building features...
    feats=0.01s  linear=0.6085  tree=0.6772

Feature builds: 10 (full sweep would be 10; fewer if any STL configuration hit its time budget)

Done. Results saved to: /share/ai-lab/adsiega/STLRocket/results/RacketSports_20260915_173131_df3b50cc
