Task 43: dataset=DuckDuckGeese n_formulas=10 depth_max=2 until_weight=0
Output directory: /share/ai-lab/adsiega/STLRocket/results/DuckDuckGeese_20260915_173514_d822b584
Dataset: DuckDuckGeese  budgets: [10]  depths: [2]  n_run: 10  cv: 5  config_budget: 28800.0s

Loading dataset...
  train: (50, 1345, 270)  test: (50, 1345, 270)
[stl     b=10     d=2 seed=0] building features...
    feats=0.06s  linear=0.3200  tree=0.3800
[stl     b=10     d=2 seed=1] building features...
    feats=0.04s  linear=0.3000  tree=0.3800
[stl     b=10     d=2 seed=2] building features...
    feats=0.04s  linear=0.2200  tree=0.2400
[stl     b=10     d=2 seed=3] building features...
    feats=0.04s  linear=0.3400  tree=0.3400
[stl     b=10     d=2 seed=4] building features...
    feats=0.04s  linear=0.3400  tree=0.3200
[stl     b=10     d=2 seed=5] building features...
    feats=0.04s  linear=0.2800  tree=0.2600
[stl     b=10     d=2 seed=6] building features...
    feats=0.04s  linear=0.4400  tree=0.4200
[stl     b=10     d=2 seed=7] building features...
    feats=0.04s  linear=0.3400  tree=0.3000
[stl     b=10     d=2 seed=8] building features...
    feats=0.04s  linear=0.2600  tree=0.3800
[stl     b=10     d=2 seed=9] building features...
    feats=0.04s  linear=0.3000  tree=0.2600

Feature builds: 10 (full sweep would be 10; fewer if any STL configuration hit its time budget)

Done. Results saved to: /share/ai-lab/adsiega/STLRocket/results/DuckDuckGeese_20260915_173514_d822b584
