Task 149: dataset=Cricket n_formulas=1000 depth_max=1 until_weight=1
Output directory: /share/ai-lab/adsiega/STLRocket/results/Cricket_20260915_175459_661e588e
Dataset: Cricket  budgets: [1000]  depths: [1]  n_run: 10  cv: 5  config_budget: 28800.0s

Loading dataset...
  train: (108, 6, 1197)  test: (72, 6, 1197)
[stl     b=1000   d=1 seed=0] building features...
    feats=472.13s  linear=0.9444  tree=0.8611
[stl     b=1000   d=1 seed=1] building features...
    feats=399.29s  linear=0.9028  tree=0.8333
[stl     b=1000   d=1 seed=2] building features...
    feats=409.76s  linear=0.9722  tree=0.8889
[stl     b=1000   d=1 seed=3] building features...
    feats=419.48s  linear=0.9444  tree=0.7500
[stl     b=1000   d=1 seed=4] building features...
    feats=471.67s  linear=0.9167  tree=0.8472
[stl     b=1000   d=1 seed=5] building features...
    feats=473.75s  linear=0.9306  tree=0.8611
[stl     b=1000   d=1 seed=6] building features...
    feats=492.29s  linear=0.9583  tree=0.8889
[stl     b=1000   d=1 seed=7] building features...
    feats=409.39s  linear=0.8889  tree=0.9028
[stl     b=1000   d=1 seed=8] building features...
    feats=416.04s  linear=0.9306  tree=0.8056
[stl     b=1000   d=1 seed=9] building features...
    feats=508.94s  linear=0.9167  tree=0.8194

Feature builds: 10 (full sweep would be 10; fewer if any STL configuration hit its time budget)

Done. Results saved to: /share/ai-lab/adsiega/STLRocket/results/Cricket_20260915_175459_661e588e
