Task 74: dataset=RacketSports n_formulas=10000 depth_max=2 until_weight=0
Output directory: /share/ai-lab/adsiega/STLRocket/results/RacketSports_20260915_174026_d948bb2e
Dataset: RacketSports  budgets: [10000]  depths: [2]  n_run: 10  cv: 5  config_budget: 28800.0s

Loading dataset...
  train: (151, 6, 30)  test: (152, 6, 30)
[stl     b=10000  d=2 seed=0] building features...
    feats=4.35s  linear=0.8271  tree=0.7450
[stl     b=10000  d=2 seed=1] building features...
    feats=4.11s  linear=0.8794  tree=0.6675
[stl     b=10000  d=2 seed=2] building features...
    feats=4.12s  linear=0.8530  tree=0.7326
[stl     b=10000  d=2 seed=3] building features...
    feats=4.05s  linear=0.8615  tree=0.7430
[stl     b=10000  d=2 seed=4] building features...
    feats=4.07s  linear=0.8144  tree=0.7441
[stl     b=10000  d=2 seed=5] building features...
    feats=3.90s  linear=0.8506  tree=0.6868
[stl     b=10000  d=2 seed=6] building features...
    feats=4.17s  linear=0.8427  tree=0.7380
[stl     b=10000  d=2 seed=7] building features...
    feats=4.04s  linear=0.8718  tree=0.7045
[stl     b=10000  d=2 seed=8] building features...
    feats=3.99s  linear=0.8306  tree=0.6951
[stl     b=10000  d=2 seed=9] building features...
    feats=4.09s  linear=0.8295  tree=0.7475

Feature builds: 10 (full sweep would be 10; fewer if any STL configuration hit its time budget)

Done. Results saved to: /share/ai-lab/adsiega/STLRocket/results/RacketSports_20260915_174026_d948bb2e
