Task 69: dataset=Cricket n_formulas=1000 depth_max=2 until_weight=0
Output directory: /share/ai-lab/adsiega/STLRocket/results/Cricket_20260915_173940_36812cd4
Dataset: Cricket  budgets: [1000]  depths: [2]  n_run: 10  cv: 5  config_budget: 28800.0s

Loading dataset...
  train: (108, 6, 1197)  test: (72, 6, 1197)
[stl     b=1000   d=2 seed=0] building features...
    feats=1.23s  linear=0.8611  tree=0.8333
[stl     b=1000   d=2 seed=1] building features...
    feats=1.02s  linear=0.9583  tree=0.8194
[stl     b=1000   d=2 seed=2] building features...
    feats=0.98s  linear=0.9167  tree=0.8750
[stl     b=1000   d=2 seed=3] building features...
    feats=1.01s  linear=0.8889  tree=0.8056
[stl     b=1000   d=2 seed=4] building features...
    feats=0.92s  linear=0.9167  tree=0.8889
[stl     b=1000   d=2 seed=5] building features...
    feats=1.22s  linear=0.9028  tree=0.8056
[stl     b=1000   d=2 seed=6] building features...
    feats=1.01s  linear=0.9167  tree=0.7500
[stl     b=1000   d=2 seed=7] building features...
    feats=1.12s  linear=0.9306  tree=0.8056
[stl     b=1000   d=2 seed=8] building features...
    feats=1.21s  linear=0.8889  tree=0.8333
[stl     b=1000   d=2 seed=9] building features...
    feats=1.00s  linear=0.9167  tree=0.8472

Feature builds: 10 (full sweep would be 10; fewer if any STL configuration hit its time budget)

Done. Results saved to: /share/ai-lab/adsiega/STLRocket/results/Cricket_20260915_173940_36812cd4
