Task 48: dataset=Epilepsy n_formulas=10 depth_max=2 until_weight=0
Output directory: /share/ai-lab/adsiega/STLRocket/results/Epilepsy_20260915_173609_a3b38c12
Dataset: Epilepsy  budgets: [10]  depths: [2]  n_run: 10  cv: 5  config_budget: 28800.0s

Loading dataset...
  train: (137, 3, 206)  test: (138, 3, 206)
[stl     b=10     d=2 seed=0] building features...
    feats=0.29s  linear=0.8359  tree=0.7481
[stl     b=10     d=2 seed=1] building features...
    feats=0.20s  linear=0.7454  tree=0.7497
[stl     b=10     d=2 seed=2] building features...
    feats=0.05s  linear=0.7838  tree=0.7612
[stl     b=10     d=2 seed=3] building features...
    feats=0.25s  linear=0.7921  tree=0.7213
[stl     b=10     d=2 seed=4] building features...
    feats=0.15s  linear=0.8510  tree=0.6772
[stl     b=10     d=2 seed=5] building features...
    feats=0.09s  linear=0.8082  tree=0.7678
[stl     b=10     d=2 seed=6] building features...
    feats=0.07s  linear=0.7804  tree=0.7465
[stl     b=10     d=2 seed=7] building features...
    feats=0.01s  linear=0.8770  tree=0.7342
[stl     b=10     d=2 seed=8] building features...
    feats=0.01s  linear=0.8121  tree=0.7552
[stl     b=10     d=2 seed=9] building features...
    feats=0.06s  linear=0.9094  tree=0.7847

Feature builds: 10 (full sweep would be 10; fewer if any STL configuration hit its time budget)

Done. Results saved to: /share/ai-lab/adsiega/STLRocket/results/Epilepsy_20260915_173609_a3b38c12
