Task 5: dataset=HandMovementDirection n_formulas=10 depth_max=1 until_weight=0
Output directory: /share/ai-lab/adsiega/STLRocket/results/HandMovementDirection_20260915_173131_df96ab5f
Dataset: HandMovementDirection  budgets: [10]  depths: [1]  n_run: 10  cv: 5  config_budget: 28800.0s

Loading dataset...
  train: (160, 10, 400)  test: (74, 10, 400)
[stl     b=10     d=1 seed=0] building features...
    feats=0.02s  linear=0.2500  tree=0.2714
[stl     b=10     d=1 seed=1] building features...
    feats=0.01s  linear=0.2500  tree=0.2536
[stl     b=10     d=1 seed=2] building features...
    feats=0.01s  linear=0.2250  tree=0.2143
[stl     b=10     d=1 seed=3] building features...
    feats=0.01s  linear=0.2964  tree=0.2631
[stl     b=10     d=1 seed=4] building features...
    feats=0.01s  linear=0.2500  tree=0.2690
[stl     b=10     d=1 seed=5] building features...
    feats=0.01s  linear=0.3464  tree=0.3476
[stl     b=10     d=1 seed=6] building features...
    feats=0.01s  linear=0.2500  tree=0.2631
[stl     b=10     d=1 seed=7] building features...
    feats=0.01s  linear=0.3690  tree=0.1690
[stl     b=10     d=1 seed=8] building features...
    feats=0.01s  linear=0.2500  tree=0.2298
[stl     b=10     d=1 seed=9] building features...
    feats=0.01s  linear=0.3024  tree=0.3274

Feature builds: 10 (full sweep would be 10; fewer if any STL configuration hit its time budget)

Done. Results saved to: /share/ai-lab/adsiega/STLRocket/results/HandMovementDirection_20260915_173131_df96ab5f
