Task 58: dataset=Epilepsy n_formulas=100 depth_max=2 until_weight=0
Output directory: /share/ai-lab/adsiega/STLRocket/results/Epilepsy_20260915_173739_d27cc2bd
Dataset: Epilepsy  budgets: [100]  depths: [2]  n_run: 10  cv: 5  config_budget: 28800.0s

Loading dataset...
  train: (137, 3, 206)  test: (138, 3, 206)
[stl     b=100    d=2 seed=0] building features...
    feats=0.11s  linear=0.9074  tree=0.8383
[stl     b=100    d=2 seed=1] building features...
    feats=0.06s  linear=0.8939  tree=0.8254
[stl     b=100    d=2 seed=2] building features...
    feats=0.06s  linear=0.8991  tree=0.6848
[stl     b=100    d=2 seed=3] building features...
    feats=0.05s  linear=0.9239  tree=0.8701
[stl     b=100    d=2 seed=4] building features...
    feats=0.06s  linear=0.9356  tree=0.7277
[stl     b=100    d=2 seed=5] building features...
    feats=0.05s  linear=0.9362  tree=0.7301
[stl     b=100    d=2 seed=6] building features...
    feats=0.06s  linear=0.9064  tree=0.7459
[stl     b=100    d=2 seed=7] building features...
    feats=0.06s  linear=0.8859  tree=0.6561
[stl     b=100    d=2 seed=8] building features...
    feats=0.05s  linear=0.9285  tree=0.8216
[stl     b=100    d=2 seed=9] building features...
    feats=0.06s  linear=0.9493  tree=0.8115

Feature builds: 10 (full sweep would be 10; fewer if any STL configuration hit its time budget)

Done. Results saved to: /share/ai-lab/adsiega/STLRocket/results/Epilepsy_20260915_173739_d27cc2bd
