Task 123: dataset=DuckDuckGeese n_formulas=10 depth_max=1 until_weight=1
Output directory: /share/ai-lab/adsiega/STLRocket/results/DuckDuckGeese_20260915_174919_d638a2d7
Dataset: DuckDuckGeese  budgets: [10]  depths: [1]  n_run: 10  cv: 5  config_budget: 28800.0s

Loading dataset...
  train: (50, 1345, 270)  test: (50, 1345, 270)
[stl     b=10     d=1 seed=0] building features...
    feats=0.45s  linear=0.2600  tree=0.3400
[stl     b=10     d=1 seed=1] building features...
    feats=0.27s  linear=0.3400  tree=0.3200
[stl     b=10     d=1 seed=2] building features...
    feats=0.34s  linear=0.2000  tree=0.3000
[stl     b=10     d=1 seed=3] building features...
    feats=0.06s  linear=0.3600  tree=0.4600
[stl     b=10     d=1 seed=4] building features...
    feats=0.09s  linear=0.2600  tree=0.3400
[stl     b=10     d=1 seed=5] building features...
    feats=0.11s  linear=0.2400  tree=0.3200
[stl     b=10     d=1 seed=6] building features...
    feats=0.48s  linear=0.2800  tree=0.3600
[stl     b=10     d=1 seed=7] building features...
    feats=0.94s  linear=0.2600  tree=0.3000
[stl     b=10     d=1 seed=8] building features...
    feats=0.40s  linear=0.3800  tree=0.3000
[stl     b=10     d=1 seed=9] building features...
    feats=0.16s  linear=0.2800  tree=0.3400

Feature builds: 10 (full sweep would be 10; fewer if any STL configuration hit its time budget)

Done. Results saved to: /share/ai-lab/adsiega/STLRocket/results/DuckDuckGeese_20260915_174919_d638a2d7
