Task 177: dataset=UWaveGestureLibrary n_formulas=100 depth_max=2 until_weight=1
Output directory: /share/ai-lab/adsiega/STLRocket/results/UWaveGestureLibrary_20260915_184209_fc3541b8
Dataset: UWaveGestureLibrary  budgets: [100]  depths: [2]  n_run: 10  cv: 5  config_budget: 28800.0s

Loading dataset...
  train: (120, 3, 315)  test: (320, 3, 315)
[stl     b=100    d=2 seed=0] building features...
    feats=10.69s  linear=0.8656  tree=0.6250
[stl     b=100    d=2 seed=1] building features...
    feats=10.90s  linear=0.8562  tree=0.6594
[stl     b=100    d=2 seed=2] building features...
    feats=8.69s  linear=0.7719  tree=0.6188
[stl     b=100    d=2 seed=3] building features...
    feats=11.27s  linear=0.8562  tree=0.6750
[stl     b=100    d=2 seed=4] building features...
    feats=6.23s  linear=0.8438  tree=0.6875
[stl     b=100    d=2 seed=5] building features...
    feats=12.85s  linear=0.8594  tree=0.6031
[stl     b=100    d=2 seed=6] building features...
    feats=8.59s  linear=0.8219  tree=0.6031
[stl     b=100    d=2 seed=7] building features...
    feats=8.45s  linear=0.8156  tree=0.6469
[stl     b=100    d=2 seed=8] building features...
    feats=8.47s  linear=0.8469  tree=0.5656
[stl     b=100    d=2 seed=9] building features...
    feats=15.18s  linear=0.8031  tree=0.7219

Feature builds: 10 (full sweep would be 10; fewer if any STL configuration hit its time budget)

Done. Results saved to: /share/ai-lab/adsiega/STLRocket/results/UWaveGestureLibrary_20260915_184209_fc3541b8
