Task 8: dataset=Epilepsy n_formulas=10 depth_max=1 until_weight=0
Output directory: /share/ai-lab/adsiega/STLRocket/results/Epilepsy_20260915_173131_e8f0d4f2
Dataset: Epilepsy  budgets: [10]  depths: [1]  n_run: 10  cv: 5  config_budget: 28800.0s

Loading dataset...
  train: (137, 3, 206)  test: (138, 3, 206)
[stl     b=10     d=1 seed=0] building features...
    feats=0.21s  linear=0.8724  tree=0.7103
[stl     b=10     d=1 seed=1] building features...
    feats=0.20s  linear=0.8631  tree=0.7580
[stl     b=10     d=1 seed=2] building features...
    feats=0.10s  linear=0.8220  tree=0.7396
[stl     b=10     d=1 seed=3] building features...
    feats=0.30s  linear=0.7804  tree=0.7722
[stl     b=10     d=1 seed=4] building features...
    feats=0.22s  linear=0.8810  tree=0.7805
[stl     b=10     d=1 seed=5] building features...
    feats=0.16s  linear=0.8693  tree=0.7699
[stl     b=10     d=1 seed=6] building features...
    feats=0.36s  linear=0.8657  tree=0.8492
[stl     b=10     d=1 seed=7] building features...
    feats=0.27s  linear=0.7800  tree=0.7612
[stl     b=10     d=1 seed=8] building features...
    feats=0.15s  linear=0.8951  tree=0.8695
[stl     b=10     d=1 seed=9] building features...
    feats=0.15s  linear=0.8800  tree=0.7596

Feature builds: 10 (full sweep would be 10; fewer if any STL configuration hit its time budget)

Done. Results saved to: /share/ai-lab/adsiega/STLRocket/results/Epilepsy_20260915_173131_e8f0d4f2
