Task 213: dataset=DuckDuckGeese n_formulas=100 depth_max=3 until_weight=1
Output directory: /share/ai-lab/adsiega/STLRocket/results/DuckDuckGeese_20260915_210356_a9ac4560
Dataset: DuckDuckGeese  budgets: [100]  depths: [3]  n_run: 10  cv: 5  config_budget: 28800.0s

Loading dataset...
  train: (50, 1345, 270)  test: (50, 1345, 270)
[stl     b=100    d=3 seed=0] building features...
    feats=3.23s  linear=0.1800  tree=0.3800
[stl     b=100    d=3 seed=1] building features...
    feats=2.24s  linear=0.3800  tree=0.3200
[stl     b=100    d=3 seed=2] building features...
    feats=2.36s  linear=0.5000  tree=0.4800
[stl     b=100    d=3 seed=3] building features...
    feats=2.87s  linear=0.4600  tree=0.3400
[stl     b=100    d=3 seed=4] building features...
    feats=1.79s  linear=0.5000  tree=0.4200
[stl     b=100    d=3 seed=5] building features...
    feats=2.12s  linear=0.3600  tree=0.2800
[stl     b=100    d=3 seed=6] building features...
    feats=2.21s  linear=0.3600  tree=0.3600
[stl     b=100    d=3 seed=7] building features...
    feats=2.06s  linear=0.4200  tree=0.3400
[stl     b=100    d=3 seed=8] building features...
    feats=2.38s  linear=0.4200  tree=0.4600
[stl     b=100    d=3 seed=9] building features...
    feats=2.36s  linear=0.3800  tree=0.3200

Feature builds: 10 (full sweep would be 10; fewer if any STL configuration hit its time budget)

Done. Results saved to: /share/ai-lab/adsiega/STLRocket/results/DuckDuckGeese_20260915_210356_a9ac4560
