Task 79: dataset=Cricket n_formulas=10000 depth_max=2 until_weight=0
Output directory: /share/ai-lab/adsiega/STLRocket/results/Cricket_20260915_174142_78c55559
Dataset: Cricket  budgets: [10000]  depths: [2]  n_run: 10  cv: 5  config_budget: 28800.0s

Loading dataset...
  train: (108, 6, 1197)  test: (72, 6, 1197)
[stl     b=10000  d=2 seed=0] building features...
    feats=11.85s  linear=0.9306  tree=0.8750
[stl     b=10000  d=2 seed=1] building features...
    feats=12.60s  linear=0.9444  tree=0.8750
[stl     b=10000  d=2 seed=2] building features...
    feats=10.89s  linear=0.9167  tree=0.8333
[stl     b=10000  d=2 seed=3] building features...
    feats=10.48s  linear=0.9583  tree=0.8472
[stl     b=10000  d=2 seed=4] building features...
    feats=10.63s  linear=0.9306  tree=0.8056
[stl     b=10000  d=2 seed=5] building features...
    feats=10.62s  linear=0.9167  tree=0.7500
[stl     b=10000  d=2 seed=6] building features...
    feats=10.82s  linear=0.9028  tree=0.9028
[stl     b=10000  d=2 seed=7] building features...
    feats=10.80s  linear=0.9444  tree=0.8611
[stl     b=10000  d=2 seed=8] building features...
    feats=10.39s  linear=0.9167  tree=0.8056
[stl     b=10000  d=2 seed=9] building features...
    feats=11.02s  linear=0.9306  tree=0.8194

Feature builds: 10 (full sweep would be 10; fewer if any STL configuration hit its time budget)

Done. Results saved to: /share/ai-lab/adsiega/STLRocket/results/Cricket_20260915_174142_78c55559
