Task 25: dataset=HandMovementDirection n_formulas=1000 depth_max=1 until_weight=0
Output directory: /share/ai-lab/adsiega/STLRocket/results/HandMovementDirection_20260915_173234_0c95fbfc
Dataset: HandMovementDirection  budgets: [1000]  depths: [1]  n_run: 10  cv: 5  config_budget: 28800.0s

Loading dataset...
  train: (160, 10, 400)  test: (74, 10, 400)
[stl     b=1000   d=1 seed=0] building features...
    feats=0.60s  linear=0.5060  tree=0.3286
[stl     b=1000   d=1 seed=1] building features...
    feats=0.58s  linear=0.4548  tree=0.2607
[stl     b=1000   d=1 seed=2] building features...
    feats=0.54s  linear=0.3452  tree=0.1857
[stl     b=1000   d=1 seed=3] building features...
    feats=0.57s  linear=0.2500  tree=0.3988
[stl     b=1000   d=1 seed=4] building features...
    feats=0.51s  linear=0.4988  tree=0.2452
[stl     b=1000   d=1 seed=5] building features...
    feats=0.49s  linear=0.3536  tree=0.2024
[stl     b=1000   d=1 seed=6] building features...
    feats=0.55s  linear=0.4107  tree=0.3202
[stl     b=1000   d=1 seed=7] building features...
    feats=0.51s  linear=0.4381  tree=0.3310
[stl     b=1000   d=1 seed=8] building features...
    feats=0.57s  linear=0.4393  tree=0.1714
[stl     b=1000   d=1 seed=9] building features...
    feats=0.51s  linear=0.3798  tree=0.3226

Feature builds: 10 (full sweep would be 10; fewer if any STL configuration hit its time budget)

Done. Results saved to: /share/ai-lab/adsiega/STLRocket/results/HandMovementDirection_20260915_173234_0c95fbfc
