Task 106: dataset=Heartbeat n_formulas=1000 depth_max=3 until_weight=0
Output directory: /share/ai-lab/adsiega/STLRocket/results/Heartbeat_20260915_174531_c23a5d5c
Dataset: Heartbeat  budgets: [1000]  depths: [3]  n_run: 10  cv: 5  config_budget: 28800.0s

Loading dataset...
  train: (204, 61, 405)  test: (205, 61, 405)
[stl     b=1000   d=3 seed=0] building features...
    feats=1.12s  linear=0.6562  tree=0.5504
[stl     b=1000   d=3 seed=1] building features...
    feats=1.20s  linear=0.6415  tree=0.6313
[stl     b=1000   d=3 seed=2] building features...
    feats=1.06s  linear=0.6178  tree=0.6057
[stl     b=1000   d=3 seed=3] building features...
    feats=1.15s  linear=0.6745  tree=0.5848
[stl     b=1000   d=3 seed=4] building features...
    feats=1.06s  linear=0.6718  tree=0.5781
[stl     b=1000   d=3 seed=5] building features...
    feats=1.15s  linear=0.6569  tree=0.6083
[stl     b=1000   d=3 seed=6] building features...
    feats=1.05s  linear=0.6691  tree=0.5801
[stl     b=1000   d=3 seed=7] building features...
    feats=1.12s  linear=0.6347  tree=0.6409
[stl     b=1000   d=3 seed=8] building features...
    feats=1.03s  linear=0.6705  tree=0.5996
[stl     b=1000   d=3 seed=9] building features...
    feats=1.12s  linear=0.6185  tree=0.6679

Feature builds: 10 (full sweep would be 10; fewer if any STL configuration hit its time budget)

Done. Results saved to: /share/ai-lab/adsiega/STLRocket/results/Heartbeat_20260915_174531_c23a5d5c
