Task 166: dataset=Heartbeat n_formulas=10 depth_max=2 until_weight=1
Output directory: /share/ai-lab/adsiega/STLRocket/results/Heartbeat_20260915_182725_18973b11
Dataset: Heartbeat  budgets: [10]  depths: [2]  n_run: 10  cv: 5  config_budget: 28800.0s

Loading dataset...
  train: (204, 61, 405)  test: (205, 61, 405)
[stl     b=10     d=2 seed=0] building features...
    feats=2.04s  linear=0.6109  tree=0.6746
[stl     b=10     d=2 seed=1] building features...
    feats=2.18s  linear=0.6455  tree=0.5592
[stl     b=10     d=2 seed=2] building features...
    feats=1.37s  linear=0.6617  tree=0.6023
[stl     b=10     d=2 seed=3] building features...
    feats=5.13s  linear=0.6016  tree=0.5861
[stl     b=10     d=2 seed=4] building features...
    feats=1.02s  linear=0.6497  tree=0.6259
[stl     b=10     d=2 seed=5] building features...
    feats=1.94s  linear=0.6415  tree=0.6658
[stl     b=10     d=2 seed=6] building features...
    feats=1.11s  linear=0.6449  tree=0.5855
[stl     b=10     d=2 seed=7] building features...
    feats=1.37s  linear=0.5261  tree=0.5558
[stl     b=10     d=2 seed=8] building features...
    feats=2.17s  linear=0.5524  tree=0.6117
[stl     b=10     d=2 seed=9] building features...
    feats=1.49s  linear=0.5429  tree=0.6293

Feature builds: 10 (full sweep would be 10; fewer if any STL configuration hit its time budget)

Done. Results saved to: /share/ai-lab/adsiega/STLRocket/results/Heartbeat_20260915_182725_18973b11
