Task 217: dataset=UWaveGestureLibrary n_formulas=100 depth_max=3 until_weight=1
Output directory: /share/ai-lab/adsiega/STLRocket/results/UWaveGestureLibrary_20260915_211212_cf45cb07
Dataset: UWaveGestureLibrary  budgets: [100]  depths: [3]  n_run: 10  cv: 5  config_budget: 28800.0s

Loading dataset...
  train: (120, 3, 315)  test: (320, 3, 315)
[stl     b=100    d=3 seed=0] building features...
    feats=13.62s  linear=0.8438  tree=0.6969
[stl     b=100    d=3 seed=1] building features...
    feats=11.27s  linear=0.8375  tree=0.7156
[stl     b=100    d=3 seed=2] building features...
    feats=15.57s  linear=0.7875  tree=0.5531
[stl     b=100    d=3 seed=3] building features...
    feats=14.63s  linear=0.8469  tree=0.6000
[stl     b=100    d=3 seed=4] building features...
    feats=11.37s  linear=0.8219  tree=0.7063
[stl     b=100    d=3 seed=5] building features...
    feats=15.87s  linear=0.7875  tree=0.5844
[stl     b=100    d=3 seed=6] building features...
    feats=13.33s  linear=0.8344  tree=0.6063
[stl     b=100    d=3 seed=7] building features...
    feats=9.31s  linear=0.8625  tree=0.6937
[stl     b=100    d=3 seed=8] building features...
    feats=10.72s  linear=0.7938  tree=0.6594
[stl     b=100    d=3 seed=9] building features...
    feats=14.26s  linear=0.8187  tree=0.6687

Feature builds: 10 (full sweep would be 10; fewer if any STL configuration hit its time budget)

Done. Results saved to: /share/ai-lab/adsiega/STLRocket/results/UWaveGestureLibrary_20260915_211212_cf45cb07
