Task 129: dataset=Cricket n_formulas=10 depth_max=1 until_weight=1
Output directory: /share/ai-lab/adsiega/STLRocket/results/Cricket_20260915_175013_5341f48a
Dataset: Cricket  budgets: [10]  depths: [1]  n_run: 10  cv: 5  config_budget: 28800.0s

Loading dataset...
  train: (108, 6, 1197)  test: (72, 6, 1197)
[stl     b=10     d=1 seed=0] building features...
    feats=6.42s  linear=0.7778  tree=0.7500
[stl     b=10     d=1 seed=1] building features...
    feats=3.08s  linear=0.6944  tree=0.6389
[stl     b=10     d=1 seed=2] building features...
    feats=6.13s  linear=0.7778  tree=0.7222
[stl     b=10     d=1 seed=3] building features...
    feats=0.10s  linear=0.6528  tree=0.7500
[stl     b=10     d=1 seed=4] building features...
    feats=0.91s  linear=0.7500  tree=0.7639
[stl     b=10     d=1 seed=5] building features...
    feats=0.34s  linear=0.7500  tree=0.7778
[stl     b=10     d=1 seed=6] building features...
    feats=2.99s  linear=0.8889  tree=0.8056
[stl     b=10     d=1 seed=7] building features...
    feats=0.07s  linear=0.8750  tree=0.7639
[stl     b=10     d=1 seed=8] building features...
    feats=0.95s  linear=0.7917  tree=0.8750
[stl     b=10     d=1 seed=9] building features...
    feats=3.74s  linear=0.8194  tree=0.8056

Feature builds: 10 (full sweep would be 10; fewer if any STL configuration hit its time budget)

Done. Results saved to: /share/ai-lab/adsiega/STLRocket/results/Cricket_20260915_175013_5341f48a
