Task 233: dataset=DuckDuckGeese n_formulas=10000 depth_max=3 until_weight=1
Output directory: /share/ai-lab/adsiega/STLRocket/results/DuckDuckGeese_20260915_223519_830a0eeb
Dataset: DuckDuckGeese  budgets: [10000]  depths: [3]  n_run: 10  cv: 5  config_budget: 28800.0s

Loading dataset...
  train: (50, 1345, 270)  test: (50, 1345, 270)
[stl     b=10000  d=3 seed=0] building features...
    feats=232.72s  linear=0.5000  tree=0.4000
[stl     b=10000  d=3 seed=1] building features...
    feats=228.56s  linear=0.5400  tree=0.4200
[stl     b=10000  d=3 seed=2] building features...
    feats=230.97s  linear=0.5000  tree=0.4600
[stl     b=10000  d=3 seed=3] building features...
    feats=232.48s  linear=0.4400  tree=0.4000
[stl     b=10000  d=3 seed=4] building features...
    feats=244.91s  linear=0.4400  tree=0.4600
[stl     b=10000  d=3 seed=5] building features...
    feats=241.88s  linear=0.4400  tree=0.4800
[stl     b=10000  d=3 seed=6] building features...
    feats=240.24s  linear=0.4000  tree=0.3400
[stl     b=10000  d=3 seed=7] building features...
    feats=236.16s  linear=0.4200  tree=0.5000
[stl     b=10000  d=3 seed=8] building features...
    feats=236.76s  linear=0.4000  tree=0.4400
[stl     b=10000  d=3 seed=9] building features...
    feats=235.15s  linear=0.5000  tree=0.3800

Feature builds: 10 (full sweep would be 10; fewer if any STL configuration hit its time budget)

Done. Results saved to: /share/ai-lab/adsiega/STLRocket/results/DuckDuckGeese_20260915_223519_830a0eeb
