Task 121: dataset=ERing n_formulas=10 depth_max=1 until_weight=1
Output directory: /share/ai-lab/adsiega/STLRocket/results/ERing_20260915_174900_c4ff9e56
Dataset: ERing  budgets: [10]  depths: [1]  n_run: 10  cv: 5  config_budget: 28800.0s

Loading dataset...
  train: (30, 4, 65)  test: (270, 4, 65)
[stl     b=10     d=1 seed=0] building features...
    feats=0.14s  linear=0.7667  tree=0.7296
[stl     b=10     d=1 seed=1] building features...
    feats=0.14s  linear=0.8000  tree=0.6889
[stl     b=10     d=1 seed=2] building features...
    feats=0.05s  linear=0.8111  tree=0.7556
[stl     b=10     d=1 seed=3] building features...
    feats=0.02s  linear=0.7259  tree=0.5148
[stl     b=10     d=1 seed=4] building features...
    feats=0.04s  linear=0.7148  tree=0.6704
[stl     b=10     d=1 seed=5] building features...
    feats=0.02s  linear=0.6667  tree=0.5741
[stl     b=10     d=1 seed=6] building features...
    feats=0.01s  linear=0.7889  tree=0.6926
[stl     b=10     d=1 seed=7] building features...
    feats=0.03s  linear=0.6889  tree=0.5963
[stl     b=10     d=1 seed=8] building features...
    feats=0.06s  linear=0.9111  tree=0.7074
[stl     b=10     d=1 seed=9] building features...
    feats=0.05s  linear=0.7185  tree=0.7111

Feature builds: 10 (full sweep would be 10; fewer if any STL configuration hit its time budget)

Done. Results saved to: /share/ai-lab/adsiega/STLRocket/results/ERing_20260915_174900_c4ff9e56
