Task 181: dataset=ERing n_formulas=1000 depth_max=2 until_weight=1
Output directory: /share/ai-lab/adsiega/STLRocket/results/ERing_20260915_184539_c5359632
Dataset: ERing  budgets: [1000]  depths: [2]  n_run: 10  cv: 5  config_budget: 28800.0s

Loading dataset...
  train: (30, 4, 65)  test: (270, 4, 65)
[stl     b=1000   d=2 seed=0] building features...
    feats=4.70s  linear=0.8519  tree=0.7519
[stl     b=1000   d=2 seed=1] building features...
    feats=5.13s  linear=0.9148  tree=0.7889
[stl     b=1000   d=2 seed=2] building features...
    feats=4.85s  linear=0.9519  tree=0.5630
[stl     b=1000   d=2 seed=3] building features...
    feats=4.97s  linear=0.8444  tree=0.7704
[stl     b=1000   d=2 seed=4] building features...
    feats=4.98s  linear=0.9000  tree=0.6407
[stl     b=1000   d=2 seed=5] building features...
    feats=5.03s  linear=0.8222  tree=0.7037
[stl     b=1000   d=2 seed=6] building features...
    feats=5.31s  linear=0.8630  tree=0.6333
[stl     b=1000   d=2 seed=7] building features...
    feats=4.87s  linear=0.8296  tree=0.7222
[stl     b=1000   d=2 seed=8] building features...
    feats=4.87s  linear=0.8963  tree=0.7259
[stl     b=1000   d=2 seed=9] building features...
    feats=5.07s  linear=0.8630  tree=0.7926

Feature builds: 10 (full sweep would be 10; fewer if any STL configuration hit its time budget)

Done. Results saved to: /share/ai-lab/adsiega/STLRocket/results/ERing_20260915_184539_c5359632
