Task 98: dataset=Epilepsy n_formulas=100 depth_max=3 until_weight=0
Output directory: /share/ai-lab/adsiega/STLRocket/results/Epilepsy_20260915_174437_9192cc0f
Dataset: Epilepsy  budgets: [100]  depths: [3]  n_run: 10  cv: 5  config_budget: 28800.0s

Loading dataset...
  train: (137, 3, 206)  test: (138, 3, 206)
[stl     b=100    d=3 seed=0] building features...
    feats=0.08s  linear=0.9000  tree=0.7949
[stl     b=100    d=3 seed=1] building features...
    feats=0.07s  linear=0.9000  tree=0.7977
[stl     b=100    d=3 seed=2] building features...
    feats=0.07s  linear=0.9221  tree=0.7358
[stl     b=100    d=3 seed=3] building features...
    feats=0.07s  linear=0.9300  tree=0.8244
[stl     b=100    d=3 seed=4] building features...
    feats=0.06s  linear=0.9571  tree=0.8319
[stl     b=100    d=3 seed=5] building features...
    feats=0.06s  linear=0.9386  tree=0.7919
[stl     b=100    d=3 seed=6] building features...
    feats=0.07s  linear=0.9503  tree=0.8238
[stl     b=100    d=3 seed=7] building features...
    feats=0.07s  linear=0.9356  tree=0.7862
[stl     b=100    d=3 seed=8] building features...
    feats=0.07s  linear=0.9499  tree=0.8472
[stl     b=100    d=3 seed=9] building features...
    feats=0.06s  linear=0.9285  tree=0.7980

Feature builds: 10 (full sweep would be 10; fewer if any STL configuration hit its time budget)

Done. Results saved to: /share/ai-lab/adsiega/STLRocket/results/Epilepsy_20260915_174437_9192cc0f
