Task 66: dataset=Heartbeat n_formulas=1000 depth_max=2 until_weight=0
Output directory: /share/ai-lab/adsiega/STLRocket/results/Heartbeat_20260915_173854_c3228391
Dataset: Heartbeat  budgets: [1000]  depths: [2]  n_run: 10  cv: 5  config_budget: 28800.0s

Loading dataset...
  train: (204, 61, 405)  test: (205, 61, 405)
[stl     b=1000   d=2 seed=0] building features...
    feats=1.72s  linear=0.6624  tree=0.5659
[stl     b=1000   d=2 seed=1] building features...
    feats=1.38s  linear=0.6150  tree=0.6131
[stl     b=1000   d=2 seed=2] building features...
    feats=1.08s  linear=0.6401  tree=0.6267
[stl     b=1000   d=2 seed=3] building features...
    feats=2.81s  linear=0.6853  tree=0.5760
[stl     b=1000   d=2 seed=4] building features...
    feats=1.02s  linear=0.6488  tree=0.6144
[stl     b=1000   d=2 seed=5] building features...
    feats=0.96s  linear=0.6866  tree=0.5801
[stl     b=1000   d=2 seed=6] building features...
    feats=1.05s  linear=0.6732  tree=0.6206
[stl     b=1000   d=2 seed=7] building features...
    feats=1.12s  linear=0.6516  tree=0.5848
[stl     b=1000   d=2 seed=8] building features...
    feats=4.88s  linear=0.6718  tree=0.6036
[stl     b=1000   d=2 seed=9] building features...
    feats=1.28s  linear=0.6529  tree=0.6415

Feature builds: 10 (full sweep would be 10; fewer if any STL configuration hit its time budget)

Done. Results saved to: /share/ai-lab/adsiega/STLRocket/results/Heartbeat_20260915_173854_c3228391
