Task 200: dataset=StandWalkJump n_formulas=10 depth_max=3 until_weight=1
Output directory: /share/ai-lab/adsiega/STLRocket/results/StandWalkJump_20260915_204631_8b6bc172
Dataset: StandWalkJump  budgets: [10]  depths: [3]  n_run: 10  cv: 5  config_budget: 28800.0s

Loading dataset...
  train: (12, 4, 2500)  test: (15, 4, 2500)
[stl     b=10     d=3 seed=0] building features...
    feats=6.04s  linear=0.3333  tree=0.4000
[stl     b=10     d=3 seed=1] building features...
    feats=3.11s  linear=0.3333  tree=0.3333
[stl     b=10     d=3 seed=2] building features...
    feats=0.81s  linear=0.2000  tree=0.2667
[stl     b=10     d=3 seed=3] building features...
    feats=8.19s  linear=0.1333  tree=0.3333
[stl     b=10     d=3 seed=4] building features...
    feats=6.84s  linear=0.3333  tree=0.3333
[stl     b=10     d=3 seed=5] building features...
    feats=1.25s  linear=0.2667  tree=0.2667
[stl     b=10     d=3 seed=6] building features...
    feats=5.76s  linear=0.3333  tree=0.2667
[stl     b=10     d=3 seed=7] building features...
    feats=6.97s  linear=0.3333  tree=0.2667
[stl     b=10     d=3 seed=8] building features...
    feats=5.02s  linear=0.2667  tree=0.3333
[stl     b=10     d=3 seed=9] building features...
    feats=4.91s  linear=0.1333  tree=0.0667

Feature builds: 10 (full sweep would be 10; fewer if any STL configuration hit its time budget)

Done. Results saved to: /share/ai-lab/adsiega/STLRocket/results/StandWalkJump_20260915_204631_8b6bc172
