Task 130: dataset=StandWalkJump n_formulas=100 depth_max=1 until_weight=1
Output directory: /share/ai-lab/adsiega/STLRocket/results/StandWalkJump_20260915_175030_04f932ec
Dataset: StandWalkJump  budgets: [100]  depths: [1]  n_run: 10  cv: 5  config_budget: 28800.0s

Loading dataset...
  train: (12, 4, 2500)  test: (15, 4, 2500)
[stl     b=100    d=1 seed=0] building features...
    feats=35.89s  linear=0.3333  tree=0.2667
[stl     b=100    d=1 seed=1] building features...
    feats=30.58s  linear=0.3333  tree=0.4667
[stl     b=100    d=1 seed=2] building features...
    feats=18.75s  linear=0.3333  tree=0.4667
[stl     b=100    d=1 seed=3] building features...
    feats=22.40s  linear=0.1333  tree=0.2667
[stl     b=100    d=1 seed=4] building features...
    feats=18.63s  linear=0.3333  tree=0.3333
[stl     b=100    d=1 seed=5] building features...
    feats=10.13s  linear=0.3333  tree=0.2667
[stl     b=100    d=1 seed=6] building features...
    feats=31.70s  linear=0.3333  tree=0.2000
[stl     b=100    d=1 seed=7] building features...
    feats=11.56s  linear=0.3333  tree=0.2667
[stl     b=100    d=1 seed=8] building features...
    feats=19.42s  linear=0.3333  tree=0.2667
[stl     b=100    d=1 seed=9] building features...
    feats=33.10s  linear=0.3333  tree=0.5333

Feature builds: 10 (full sweep would be 10; fewer if any STL configuration hit its time budget)

Done. Results saved to: /share/ai-lab/adsiega/STLRocket/results/StandWalkJump_20260915_175030_04f932ec
