Task 148: dataset=Epilepsy n_formulas=1000 depth_max=1 until_weight=1
Output directory: /share/ai-lab/adsiega/STLRocket/results/Epilepsy_20260915_175440_8a970ea2
Dataset: Epilepsy  budgets: [1000]  depths: [1]  n_run: 10  cv: 5  config_budget: 28800.0s

Loading dataset...
  train: (137, 3, 206)  test: (138, 3, 206)
[stl     b=1000   d=1 seed=0] building features...
    feats=18.65s  linear=0.9442  tree=0.7799
[stl     b=1000   d=1 seed=1] building features...
    feats=16.59s  linear=0.9509  tree=0.7775
[stl     b=1000   d=1 seed=2] building features...
    feats=14.80s  linear=0.9644  tree=0.7493
[stl     b=1000   d=1 seed=3] building features...
    feats=19.12s  linear=0.9442  tree=0.6903
[stl     b=1000   d=1 seed=4] building features...
    feats=18.69s  linear=0.9583  tree=0.8232
[stl     b=1000   d=1 seed=5] building features...
    feats=17.87s  linear=0.9442  tree=0.6776
[stl     b=1000   d=1 seed=6] building features...
    feats=18.85s  linear=0.9352  tree=0.6939
[stl     b=1000   d=1 seed=7] building features...
    feats=16.80s  linear=0.9362  tree=0.6838
[stl     b=1000   d=1 seed=8] building features...
    feats=18.19s  linear=0.9442  tree=0.7664
[stl     b=1000   d=1 seed=9] building features...
    feats=18.27s  linear=0.9712  tree=0.7113

Feature builds: 10 (full sweep would be 10; fewer if any STL configuration hit its time budget)

Done. Results saved to: /share/ai-lab/adsiega/STLRocket/results/Epilepsy_20260915_175440_8a970ea2
