Task 31: dataset=ERing n_formulas=10000 depth_max=1 until_weight=0
Output directory: /share/ai-lab/adsiega/STLRocket/results/ERing_20260915_173254_b34c203b
Dataset: ERing  budgets: [10000]  depths: [1]  n_run: 10  cv: 5  config_budget: 28800.0s

Loading dataset...
  train: (30, 4, 65)  test: (270, 4, 65)
[stl     b=10000  d=1 seed=0] building features...
    feats=3.85s  linear=0.7407  tree=0.7185
[stl     b=10000  d=1 seed=1] building features...
    feats=4.04s  linear=0.9074  tree=0.7148
[stl     b=10000  d=1 seed=2] building features...
    feats=3.74s  linear=0.7370  tree=0.7185
[stl     b=10000  d=1 seed=3] building features...
    feats=3.61s  linear=0.9259  tree=0.7296
[stl     b=10000  d=1 seed=4] building features...
    feats=3.83s  linear=0.7481  tree=0.8111
[stl     b=10000  d=1 seed=5] building features...
    feats=3.53s  linear=0.7259  tree=0.7630
[stl     b=10000  d=1 seed=6] building features...
    feats=3.79s  linear=0.9037  tree=0.5778
[stl     b=10000  d=1 seed=7] building features...
    feats=3.66s  linear=0.7333  tree=0.8370
[stl     b=10000  d=1 seed=8] building features...
    feats=3.72s  linear=0.9222  tree=0.7481
[stl     b=10000  d=1 seed=9] building features...
    feats=3.66s  linear=0.9296  tree=0.7259

Feature builds: 10 (full sweep would be 10; fewer if any STL configuration hit its time budget)

Done. Results saved to: /share/ai-lab/adsiega/STLRocket/results/ERing_20260915_173254_b34c203b
