Task 232: dataset=BasicMotions n_formulas=10000 depth_max=3 until_weight=1
Output directory: /share/ai-lab/adsiega/STLRocket/results/BasicMotions_20260915_223150_6e254086
Dataset: BasicMotions  budgets: [10000]  depths: [3]  n_run: 10  cv: 5  config_budget: 28800.0s

Loading dataset...
  train: (40, 6, 100)  test: (40, 6, 100)
[stl     b=10000  d=3 seed=0] building features...
    feats=49.24s  linear=1.0000  tree=0.8250
[stl     b=10000  d=3 seed=1] building features...
    feats=48.17s  linear=0.9500  tree=0.8500
[stl     b=10000  d=3 seed=2] building features...
    feats=48.18s  linear=1.0000  tree=0.9750
[stl     b=10000  d=3 seed=3] building features...
    feats=48.49s  linear=0.9750  tree=0.8250
[stl     b=10000  d=3 seed=4] building features...
    feats=47.67s  linear=0.9250  tree=0.9250
[stl     b=10000  d=3 seed=5] building features...
    feats=47.79s  linear=1.0000  tree=0.9750
[stl     b=10000  d=3 seed=6] building features...
    feats=47.83s  linear=1.0000  tree=0.8750
[stl     b=10000  d=3 seed=7] building features...
    feats=48.26s  linear=0.9750  tree=0.8750
[stl     b=10000  d=3 seed=8] building features...
    feats=47.45s  linear=0.9750  tree=0.8250
[stl     b=10000  d=3 seed=9] building features...
    feats=48.25s  linear=1.0000  tree=0.9500

Feature builds: 10 (full sweep would be 10; fewer if any STL configuration hit its time budget)

Done. Results saved to: /share/ai-lab/adsiega/STLRocket/results/BasicMotions_20260915_223150_6e254086
