Task 44: dataset=RacketSports n_formulas=10 depth_max=2 until_weight=0
Output directory: /share/ai-lab/adsiega/STLRocket/results/RacketSports_20260915_173529_1c94de1d
Dataset: RacketSports  budgets: [10]  depths: [2]  n_run: 10  cv: 5  config_budget: 28800.0s

Loading dataset...
  train: (151, 6, 30)  test: (152, 6, 30)
[stl     b=10     d=2 seed=0] building features...
    feats=0.01s  linear=0.5160  tree=0.5851
[stl     b=10     d=2 seed=1] building features...
    feats=0.01s  linear=0.6003  tree=0.5432
[stl     b=10     d=2 seed=2] building features...
    feats=0.01s  linear=0.4492  tree=0.5267
[stl     b=10     d=2 seed=3] building features...
    feats=0.01s  linear=0.5383  tree=0.6892
[stl     b=10     d=2 seed=4] building features...
    feats=0.01s  linear=0.5744  tree=0.5655
[stl     b=10     d=2 seed=5] building features...
    feats=0.01s  linear=0.5123  tree=0.5529
[stl     b=10     d=2 seed=6] building features...
    feats=0.01s  linear=0.5762  tree=0.6337
[stl     b=10     d=2 seed=7] building features...
    feats=0.01s  linear=0.5828  tree=0.5696
[stl     b=10     d=2 seed=8] building features...
    feats=0.01s  linear=0.5975  tree=0.6951
[stl     b=10     d=2 seed=9] building features...
    feats=0.01s  linear=0.5807  tree=0.7175

Feature builds: 10 (full sweep would be 10; fewer if any STL configuration hit its time budget)

Done. Results saved to: /share/ai-lab/adsiega/STLRocket/results/RacketSports_20260915_173529_1c94de1d
