Task 211: dataset=ERing n_formulas=100 depth_max=3 until_weight=1
Output directory: /share/ai-lab/adsiega/STLRocket/results/ERing_20260915_210253_397553db
Dataset: ERing  budgets: [100]  depths: [3]  n_run: 10  cv: 5  config_budget: 28800.0s

Loading dataset...
  train: (30, 4, 65)  test: (270, 4, 65)
[stl     b=100    d=3 seed=0] building features...
    feats=0.95s  linear=0.9333  tree=0.7704
[stl     b=100    d=3 seed=1] building features...
    feats=0.88s  linear=0.8519  tree=0.7481
[stl     b=100    d=3 seed=2] building features...
    feats=0.89s  linear=0.8926  tree=0.7407
[stl     b=100    d=3 seed=3] building features...
    feats=1.00s  linear=0.8963  tree=0.8407
[stl     b=100    d=3 seed=4] building features...
    feats=0.67s  linear=0.9000  tree=0.6852
[stl     b=100    d=3 seed=5] building features...
    feats=0.99s  linear=0.8111  tree=0.8296
[stl     b=100    d=3 seed=6] building features...
    feats=0.82s  linear=0.7407  tree=0.5296
[stl     b=100    d=3 seed=7] building features...
    feats=0.94s  linear=0.9074  tree=0.7815
[stl     b=100    d=3 seed=8] building features...
    feats=0.65s  linear=0.8222  tree=0.6889
[stl     b=100    d=3 seed=9] building features...
    feats=1.02s  linear=0.7815  tree=0.6593

Feature builds: 10 (full sweep would be 10; fewer if any STL configuration hit its time budget)

Done. Results saved to: /share/ai-lab/adsiega/STLRocket/results/ERing_20260915_210253_397553db
