Task 208: dataset=Epilepsy n_formulas=10 depth_max=3 until_weight=1
Output directory: /share/ai-lab/adsiega/STLRocket/results/Epilepsy_20260915_205200_3e5f08b8
Dataset: Epilepsy  budgets: [10]  depths: [3]  n_run: 10  cv: 5  config_budget: 28800.0s

Loading dataset...
  train: (137, 3, 206)  test: (138, 3, 206)
[stl     b=10     d=3 seed=0] building features...
    feats=0.69s  linear=0.9029  tree=0.7958
[stl     b=10     d=3 seed=1] building features...
    feats=0.55s  linear=0.7085  tree=0.7500
[stl     b=10     d=3 seed=2] building features...
    feats=0.60s  linear=0.7495  tree=0.7934
[stl     b=10     d=3 seed=3] building features...
    feats=0.68s  linear=0.8373  tree=0.7372
[stl     b=10     d=3 seed=4] building features...
    feats=0.22s  linear=0.8524  tree=0.7179
[stl     b=10     d=3 seed=5] building features...
    feats=0.23s  linear=0.7540  tree=0.7192
[stl     b=10     d=3 seed=6] building features...
    feats=0.21s  linear=0.8126  tree=0.7010
[stl     b=10     d=3 seed=7] building features...
    feats=0.45s  linear=0.7244  tree=0.7223
[stl     b=10     d=3 seed=8] building features...
    feats=0.56s  linear=0.7625  tree=0.6705
[stl     b=10     d=3 seed=9] building features...
    feats=0.24s  linear=0.8742  tree=0.7638

Feature builds: 10 (full sweep would be 10; fewer if any STL configuration hit its time budget)

Done. Results saved to: /share/ai-lab/adsiega/STLRocket/results/Epilepsy_20260915_205200_3e5f08b8
