Task 21: dataset=ERing n_formulas=1000 depth_max=1 until_weight=0
Output directory: /share/ai-lab/adsiega/STLRocket/results/ERing_20260915_173218_f62cc68a
Dataset: ERing  budgets: [1000]  depths: [1]  n_run: 10  cv: 5  config_budget: 28800.0s

Loading dataset...
  train: (30, 4, 65)  test: (270, 4, 65)
[stl     b=1000   d=1 seed=0] building features...
    feats=0.39s  linear=0.7519  tree=0.5926
[stl     b=1000   d=1 seed=1] building features...
    feats=0.36s  linear=0.7778  tree=0.7111
[stl     b=1000   d=1 seed=2] building features...
    feats=0.33s  linear=0.8926  tree=0.8296
[stl     b=1000   d=1 seed=3] building features...
    feats=0.34s  linear=0.7593  tree=0.7926
[stl     b=1000   d=1 seed=4] building features...
    feats=0.34s  linear=0.8556  tree=0.7222
[stl     b=1000   d=1 seed=5] building features...
    feats=0.34s  linear=0.9037  tree=0.7667
[stl     b=1000   d=1 seed=6] building features...
    feats=0.37s  linear=0.9148  tree=0.7185
[stl     b=1000   d=1 seed=7] building features...
    feats=0.33s  linear=0.7815  tree=0.6852
[stl     b=1000   d=1 seed=8] building features...
    feats=0.33s  linear=0.9037  tree=0.7667
[stl     b=1000   d=1 seed=9] building features...
    feats=0.34s  linear=0.7852  tree=0.6704

Feature builds: 10 (full sweep would be 10; fewer if any STL configuration hit its time budget)

Done. Results saved to: /share/ai-lab/adsiega/STLRocket/results/ERing_20260915_173218_f62cc68a
