Task 135: dataset=HandMovementDirection n_formulas=100 depth_max=1 until_weight=1
Output directory: /share/ai-lab/adsiega/STLRocket/results/HandMovementDirection_20260915_175133_b80810c4
Dataset: HandMovementDirection  budgets: [100]  depths: [1]  n_run: 10  cv: 5  config_budget: 28800.0s

Loading dataset...
  train: (160, 10, 400)  test: (74, 10, 400)
[stl     b=100    d=1 seed=0] building features...
    feats=6.44s  linear=0.2298  tree=0.2714
[stl     b=100    d=1 seed=1] building features...
    feats=4.20s  linear=0.3738  tree=0.3369
[stl     b=100    d=1 seed=2] building features...
    feats=5.63s  linear=0.3667  tree=0.2095
[stl     b=100    d=1 seed=3] building features...
    feats=6.15s  linear=0.3726  tree=0.2786
[stl     b=100    d=1 seed=4] building features...
    feats=6.60s  linear=0.3190  tree=0.2905
[stl     b=100    d=1 seed=5] building features...
    feats=5.20s  linear=0.3143  tree=0.2548
[stl     b=100    d=1 seed=6] building features...
    feats=7.32s  linear=0.2583  tree=0.2702
[stl     b=100    d=1 seed=7] building features...
    feats=3.88s  linear=0.3524  tree=0.2476
[stl     b=100    d=1 seed=8] building features...
    feats=4.43s  linear=0.2750  tree=0.1929
[stl     b=100    d=1 seed=9] building features...
    feats=6.36s  linear=0.4310  tree=0.2024

Feature builds: 10 (full sweep would be 10; fewer if any STL configuration hit its time budget)

Done. Results saved to: /share/ai-lab/adsiega/STLRocket/results/HandMovementDirection_20260915_175133_b80810c4
