Task 175: dataset=HandMovementDirection n_formulas=100 depth_max=2 until_weight=1
Output directory: /share/ai-lab/adsiega/STLRocket/results/HandMovementDirection_20260915_184019_00e8ceaa
Dataset: HandMovementDirection  budgets: [100]  depths: [2]  n_run: 10  cv: 5  config_budget: 28800.0s

Loading dataset...
  train: (160, 10, 400)  test: (74, 10, 400)
[stl     b=100    d=2 seed=0] building features...
    feats=7.53s  linear=0.2500  tree=0.1857
[stl     b=100    d=2 seed=1] building features...
    feats=10.10s  linear=0.3238  tree=0.2893
[stl     b=100    d=2 seed=2] building features...
    feats=6.81s  linear=0.2667  tree=0.2345
[stl     b=100    d=2 seed=3] building features...
    feats=8.11s  linear=0.3798  tree=0.2548
[stl     b=100    d=2 seed=4] building features...
    feats=4.87s  linear=0.2798  tree=0.2440
[stl     b=100    d=2 seed=5] building features...
    feats=8.68s  linear=0.3131  tree=0.2690
[stl     b=100    d=2 seed=6] building features...
    feats=7.43s  linear=0.3131  tree=0.1798
[stl     b=100    d=2 seed=7] building features...
    feats=6.21s  linear=0.3119  tree=0.3810
[stl     b=100    d=2 seed=8] building features...
    feats=7.80s  linear=0.2417  tree=0.3405
[stl     b=100    d=2 seed=9] building features...
    feats=10.77s  linear=0.2655  tree=0.3190

Feature builds: 10 (full sweep would be 10; fewer if any STL configuration hit its time budget)

Done. Results saved to: /share/ai-lab/adsiega/STLRocket/results/HandMovementDirection_20260915_184019_00e8ceaa
