Task 221: dataset=ERing n_formulas=1000 depth_max=3 until_weight=1
Output directory: /share/ai-lab/adsiega/STLRocket/results/ERing_20260915_212729_a6273aad
Dataset: ERing  budgets: [1000]  depths: [3]  n_run: 10  cv: 5  config_budget: 28800.0s

Loading dataset...
  train: (30, 4, 65)  test: (270, 4, 65)
[stl     b=1000   d=3 seed=0] building features...
    feats=8.54s  linear=0.8704  tree=0.7778
[stl     b=1000   d=3 seed=1] building features...
    feats=7.17s  linear=0.8741  tree=0.6259
[stl     b=1000   d=3 seed=2] building features...
    feats=7.80s  linear=0.8444  tree=0.7778
[stl     b=1000   d=3 seed=3] building features...
    feats=7.43s  linear=0.9074  tree=0.7741
[stl     b=1000   d=3 seed=4] building features...
    feats=8.09s  linear=0.7926  tree=0.7889
[stl     b=1000   d=3 seed=5] building features...
    feats=7.51s  linear=0.9148  tree=0.8111
[stl     b=1000   d=3 seed=6] building features...
    feats=7.37s  linear=0.8778  tree=0.6444
[stl     b=1000   d=3 seed=7] building features...
    feats=6.78s  linear=0.8556  tree=0.7667
[stl     b=1000   d=3 seed=8] building features...
    feats=9.18s  linear=0.8704  tree=0.7630
[stl     b=1000   d=3 seed=9] building features...
    feats=7.61s  linear=0.8963  tree=0.6519

Feature builds: 10 (full sweep would be 10; fewer if any STL configuration hit its time budget)

Done. Results saved to: /share/ai-lab/adsiega/STLRocket/results/ERing_20260915_212729_a6273aad
