Task 206: dataset=Heartbeat n_formulas=10 depth_max=3 until_weight=1
Output directory: /share/ai-lab/adsiega/STLRocket/results/Heartbeat_20260915_205026_c4e76a37
Dataset: Heartbeat  budgets: [10]  depths: [3]  n_run: 10  cv: 5  config_budget: 28800.0s

Loading dataset...
  train: (204, 61, 405)  test: (205, 61, 405)
[stl     b=10     d=3 seed=0] building features...
    feats=1.29s  linear=0.6049  tree=0.6219
[stl     b=10     d=3 seed=1] building features...
    feats=3.59s  linear=0.6267  tree=0.6076
[stl     b=10     d=3 seed=2] building features...
    feats=3.50s  linear=0.5841  tree=0.6219
[stl     b=10     d=3 seed=3] building features...
    feats=3.35s  linear=0.6240  tree=0.6287
[stl     b=10     d=3 seed=4] building features...
    feats=1.11s  linear=0.6031  tree=0.6104
[stl     b=10     d=3 seed=5] building features...
    feats=1.01s  linear=0.6300  tree=0.5612
[stl     b=10     d=3 seed=6] building features...
    feats=2.23s  linear=0.6550  tree=0.6050
[stl     b=10     d=3 seed=7] building features...
    feats=2.55s  linear=0.6177  tree=0.5611
[stl     b=10     d=3 seed=8] building features...
    feats=1.99s  linear=0.5954  tree=0.5767
[stl     b=10     d=3 seed=9] building features...
    feats=0.17s  linear=0.5208  tree=0.6590

Feature builds: 10 (full sweep would be 10; fewer if any STL configuration hit its time budget)

Done. Results saved to: /share/ai-lab/adsiega/STLRocket/results/Heartbeat_20260915_205026_c4e76a37
