Task 61: dataset=ERing n_formulas=1000 depth_max=2 until_weight=0
Output directory: /share/ai-lab/adsiega/STLRocket/results/ERing_20260915_173825_ec5431e5
Dataset: ERing  budgets: [1000]  depths: [2]  n_run: 10  cv: 5  config_budget: 28800.0s

Loading dataset...
  train: (30, 4, 65)  test: (270, 4, 65)
[stl     b=1000   d=2 seed=0] building features...
    feats=1.23s  linear=0.8963  tree=0.7519
[stl     b=1000   d=2 seed=1] building features...
    feats=0.44s  linear=0.8704  tree=0.8296
[stl     b=1000   d=2 seed=2] building features...
    feats=0.43s  linear=0.9074  tree=0.7593
[stl     b=1000   d=2 seed=3] building features...
    feats=0.41s  linear=0.8815  tree=0.7556
[stl     b=1000   d=2 seed=4] building features...
    feats=0.47s  linear=0.8741  tree=0.8074
[stl     b=1000   d=2 seed=5] building features...
    feats=0.41s  linear=0.9037  tree=0.7741
[stl     b=1000   d=2 seed=6] building features...
    feats=0.41s  linear=0.8148  tree=0.6185
[stl     b=1000   d=2 seed=7] building features...
    feats=0.45s  linear=0.7889  tree=0.7148
[stl     b=1000   d=2 seed=8] building features...
    feats=0.42s  linear=0.8444  tree=0.7519
[stl     b=1000   d=2 seed=9] building features...
    feats=0.43s  linear=0.8852  tree=0.6926

Feature builds: 10 (full sweep would be 10; fewer if any STL configuration hit its time budget)

Done. Results saved to: /share/ai-lab/adsiega/STLRocket/results/ERing_20260915_173825_ec5431e5
