Task 188: dataset=Epilepsy n_formulas=1000 depth_max=2 until_weight=1
Output directory: /share/ai-lab/adsiega/STLRocket/results/Epilepsy_20260915_191102_c29c3562
Dataset: Epilepsy  budgets: [1000]  depths: [2]  n_run: 10  cv: 5  config_budget: 28800.0s

Loading dataset...
  train: (137, 3, 206)  test: (138, 3, 206)
[stl     b=1000   d=2 seed=0] building features...
    feats=26.95s  linear=0.9650  tree=0.8496
[stl     b=1000   d=2 seed=1] building features...
    feats=23.23s  linear=0.9712  tree=0.8453
[stl     b=1000   d=2 seed=2] building features...
    feats=23.96s  linear=0.9718  tree=0.7777
[stl     b=1000   d=2 seed=3] building features...
    feats=27.99s  linear=0.9583  tree=0.8352
[stl     b=1000   d=2 seed=4] building features...
    feats=27.03s  linear=0.9644  tree=0.8007
[stl     b=1000   d=2 seed=5] building features...
    feats=26.33s  linear=0.9374  tree=0.7747
[stl     b=1000   d=2 seed=6] building features...
    feats=24.53s  linear=0.9712  tree=0.7539
[stl     b=1000   d=2 seed=7] building features...
    feats=23.11s  linear=0.9086  tree=0.8037
[stl     b=1000   d=2 seed=8] building features...
    feats=24.63s  linear=0.9644  tree=0.7771
[stl     b=1000   d=2 seed=9] building features...
    feats=25.01s  linear=0.9859  tree=0.8197

Feature builds: 10 (full sweep would be 10; fewer if any STL configuration hit its time budget)

Done. Results saved to: /share/ai-lab/adsiega/STLRocket/results/Epilepsy_20260915_191102_c29c3562
