Task 173: dataset=DuckDuckGeese n_formulas=100 depth_max=2 until_weight=1
Output directory: /share/ai-lab/adsiega/STLRocket/results/DuckDuckGeese_20260915_183843_505d9793
Dataset: DuckDuckGeese  budgets: [100]  depths: [2]  n_run: 10  cv: 5  config_budget: 28800.0s

Loading dataset...
  train: (50, 1345, 270)  test: (50, 1345, 270)
[stl     b=100    d=2 seed=0] building features...
    feats=1.86s  linear=0.4600  tree=0.4000
[stl     b=100    d=2 seed=1] building features...
    feats=1.81s  linear=0.3000  tree=0.4800
[stl     b=100    d=2 seed=2] building features...
    feats=1.94s  linear=0.3200  tree=0.4600
[stl     b=100    d=2 seed=3] building features...
    feats=2.20s  linear=0.5200  tree=0.4200
[stl     b=100    d=2 seed=4] building features...
    feats=1.31s  linear=0.2400  tree=0.5000
[stl     b=100    d=2 seed=5] building features...
    feats=1.51s  linear=0.4400  tree=0.2800
[stl     b=100    d=2 seed=6] building features...
    feats=1.34s  linear=0.4000  tree=0.3200
[stl     b=100    d=2 seed=7] building features...
    feats=1.29s  linear=0.5000  tree=0.3800
[stl     b=100    d=2 seed=8] building features...
    feats=1.35s  linear=0.4600  tree=0.3600
[stl     b=100    d=2 seed=9] building features...
    feats=2.27s  linear=0.5400  tree=0.1800

Feature builds: 10 (full sweep would be 10; fewer if any STL configuration hit its time budget)

Done. Results saved to: /share/ai-lab/adsiega/STLRocket/results/DuckDuckGeese_20260915_183843_505d9793
