Task 137: dataset=UWaveGestureLibrary n_formulas=100 depth_max=1 until_weight=1
Output directory: /share/ai-lab/adsiega/STLRocket/results/UWaveGestureLibrary_20260915_175210_d71350cd
Dataset: UWaveGestureLibrary  budgets: [100]  depths: [1]  n_run: 10  cv: 5  config_budget: 28800.0s

Loading dataset...
  train: (120, 3, 315)  test: (320, 3, 315)
[stl     b=100    d=1 seed=0] building features...
    feats=10.02s  linear=0.8500  tree=0.6781
[stl     b=100    d=1 seed=1] building features...
    feats=5.26s  linear=0.8469  tree=0.5531
[stl     b=100    d=1 seed=2] building features...
    feats=8.45s  linear=0.8656  tree=0.6969
[stl     b=100    d=1 seed=3] building features...
    feats=4.49s  linear=0.8906  tree=0.6469
[stl     b=100    d=1 seed=4] building features...
    feats=8.22s  linear=0.8438  tree=0.6344
[stl     b=100    d=1 seed=5] building features...
    feats=10.06s  linear=0.8438  tree=0.5781
[stl     b=100    d=1 seed=6] building features...
    feats=6.64s  linear=0.8281  tree=0.6312
[stl     b=100    d=1 seed=7] building features...
    feats=3.69s  linear=0.8656  tree=0.6875
[stl     b=100    d=1 seed=8] building features...
    feats=5.64s  linear=0.8344  tree=0.6469
[stl     b=100    d=1 seed=9] building features...
    feats=9.34s  linear=0.8562  tree=0.7625

Feature builds: 10 (full sweep would be 10; fewer if any STL configuration hit its time budget)

Done. Results saved to: /share/ai-lab/adsiega/STLRocket/results/UWaveGestureLibrary_20260915_175210_d71350cd
