Task 107: dataset=UWaveGestureLibrary n_formulas=1000 depth_max=3 until_weight=0
Output directory: /share/ai-lab/adsiega/STLRocket/results/UWaveGestureLibrary_20260915_174548_1904d323
Dataset: UWaveGestureLibrary  budgets: [1000]  depths: [3]  n_run: 10  cv: 5  config_budget: 28800.0s

Loading dataset...
  train: (120, 3, 315)  test: (320, 3, 315)
[stl     b=1000   d=3 seed=0] building features...
    feats=0.98s  linear=0.8125  tree=0.7031
[stl     b=1000   d=3 seed=1] building features...
    feats=0.96s  linear=0.7656  tree=0.7563
[stl     b=1000   d=3 seed=2] building features...
    feats=1.05s  linear=0.8656  tree=0.6344
[stl     b=1000   d=3 seed=3] building features...
    feats=0.95s  linear=0.8500  tree=0.7188
[stl     b=1000   d=3 seed=4] building features...
    feats=0.90s  linear=0.8750  tree=0.6313
[stl     b=1000   d=3 seed=5] building features...
    feats=0.87s  linear=0.8125  tree=0.6781
[stl     b=1000   d=3 seed=6] building features...
    feats=0.91s  linear=0.8313  tree=0.6937
[stl     b=1000   d=3 seed=7] building features...
    feats=0.93s  linear=0.8375  tree=0.6375
[stl     b=1000   d=3 seed=8] building features...
    feats=0.93s  linear=0.8625  tree=0.6813
[stl     b=1000   d=3 seed=9] building features...
    feats=0.91s  linear=0.8063  tree=0.6344

Feature builds: 10 (full sweep would be 10; fewer if any STL configuration hit its time budget)

Done. Results saved to: /share/ai-lab/adsiega/STLRocket/results/UWaveGestureLibrary_20260915_174548_1904d323
