Task 47: dataset=UWaveGestureLibrary n_formulas=10 depth_max=2 until_weight=0
Output directory: /share/ai-lab/adsiega/STLRocket/results/UWaveGestureLibrary_20260915_173605_645b8eb8
Dataset: UWaveGestureLibrary  budgets: [10]  depths: [2]  n_run: 10  cv: 5  config_budget: 28800.0s

Loading dataset...
  train: (120, 3, 315)  test: (320, 3, 315)
[stl     b=10     d=2 seed=0] building features...
    feats=0.02s  linear=0.6187  tree=0.5094
[stl     b=10     d=2 seed=1] building features...
    feats=0.01s  linear=0.5719  tree=0.4750
[stl     b=10     d=2 seed=2] building features...
    feats=0.01s  linear=0.6375  tree=0.5312
[stl     b=10     d=2 seed=3] building features...
    feats=0.01s  linear=0.5688  tree=0.4594
[stl     b=10     d=2 seed=4] building features...
    feats=0.01s  linear=0.6094  tree=0.5094
[stl     b=10     d=2 seed=5] building features...
    feats=0.01s  linear=0.5969  tree=0.5656
[stl     b=10     d=2 seed=6] building features...
    feats=0.01s  linear=0.6844  tree=0.5500
[stl     b=10     d=2 seed=7] building features...
    feats=0.01s  linear=0.5875  tree=0.6219
[stl     b=10     d=2 seed=8] building features...
    feats=0.01s  linear=0.6062  tree=0.5000
[stl     b=10     d=2 seed=9] building features...
    feats=0.01s  linear=0.5750  tree=0.4125

Feature builds: 10 (full sweep would be 10; fewer if any STL configuration hit its time budget)

Done. Results saved to: /share/ai-lab/adsiega/STLRocket/results/UWaveGestureLibrary_20260915_173605_645b8eb8
