Task 180: dataset=StandWalkJump n_formulas=1000 depth_max=2 until_weight=1
Output directory: /share/ai-lab/adsiega/STLRocket/results/StandWalkJump_20260915_184508_57128909
Dataset: StandWalkJump  budgets: [1000]  depths: [2]  n_run: 10  cv: 5  config_budget: 28800.0s

Loading dataset...
  train: (12, 4, 2500)  test: (15, 4, 2500)
[stl     b=1000   d=2 seed=0] building features...
    feats=368.31s  linear=0.3333  tree=0.3333
[stl     b=1000   d=2 seed=1] building features...
    feats=375.98s  linear=0.3333  tree=0.2667
[stl     b=1000   d=2 seed=2] building features...
    feats=314.22s  linear=0.3333  tree=0.5333
[stl     b=1000   d=2 seed=3] building features...
    feats=369.55s  linear=0.3333  tree=0.4667
[stl     b=1000   d=2 seed=4] building features...
    feats=392.56s  linear=0.3333  tree=0.2000
[stl     b=1000   d=2 seed=5] building features...
    feats=372.17s  linear=0.3333  tree=0.5333
[stl     b=1000   d=2 seed=6] building features...
    feats=375.62s  linear=0.3333  tree=0.2000
[stl     b=1000   d=2 seed=7] building features...
    feats=356.00s  linear=0.3333  tree=0.3333
[stl     b=1000   d=2 seed=8] building features...
    feats=332.30s  linear=0.4000  tree=0.2667
[stl     b=1000   d=2 seed=9] building features...
    feats=351.43s  linear=0.2667  tree=0.2667

Feature builds: 10 (full sweep would be 10; fewer if any STL configuration hit its time budget)

Done. Results saved to: /share/ai-lab/adsiega/STLRocket/results/StandWalkJump_20260915_184508_57128909
