Task 156: dataset=Heartbeat n_formulas=10000 depth_max=1 until_weight=1
Output directory: /share/ai-lab/adsiega/STLRocket/results/Heartbeat_20260915_180542_c2553db8
Dataset: Heartbeat  budgets: [10000]  depths: [1]  n_run: 10  cv: 5  config_budget: 28800.0s

Loading dataset...
  train: (204, 61, 405)  test: (205, 61, 405)
[stl     b=10000  d=1 seed=0] building features...
    feats=1165.21s  linear=0.6907  tree=0.5618
[stl     b=10000  d=1 seed=1] building features...
    feats=1206.58s  linear=0.6482  tree=0.5693
[stl     b=10000  d=1 seed=2] building features...
    feats=1156.60s  linear=0.6610  tree=0.5827
[stl     b=10000  d=1 seed=3] building features...
    feats=1080.38s  linear=0.6428  tree=0.5929
[stl     b=10000  d=1 seed=4] building features...
    feats=1114.07s  linear=0.6941  tree=0.5801
[stl     b=10000  d=1 seed=5] building features...
    feats=1055.81s  linear=0.6225  tree=0.6341
[stl     b=10000  d=1 seed=6] building features...
    feats=1143.82s  linear=0.6860  tree=0.6280
[stl     b=10000  d=1 seed=7] building features...
    feats=1098.05s  linear=0.6529  tree=0.5773
[stl     b=10000  d=1 seed=8] building features...
    feats=1072.80s  linear=0.6394  tree=0.6097
[stl     b=10000  d=1 seed=9] building features...
    feats=1146.19s  linear=0.6697  tree=0.6145

Feature builds: 10 (full sweep would be 10; fewer if any STL configuration hit its time budget)

Done. Results saved to: /share/ai-lab/adsiega/STLRocket/results/Heartbeat_20260915_180542_c2553db8
