Task 127: dataset=UWaveGestureLibrary n_formulas=10 depth_max=1 until_weight=1
Output directory: /share/ai-lab/adsiega/STLRocket/results/UWaveGestureLibrary_20260915_175000_1d54ed01
Dataset: UWaveGestureLibrary  budgets: [10]  depths: [1]  n_run: 10  cv: 5  config_budget: 28800.0s

Loading dataset...
  train: (120, 3, 315)  test: (320, 3, 315)
[stl     b=10     d=1 seed=0] building features...
    feats=1.61s  linear=0.6500  tree=0.5406
[stl     b=10     d=1 seed=1] building features...
    feats=0.55s  linear=0.5719  tree=0.4500
[stl     b=10     d=1 seed=2] building features...
    feats=1.10s  linear=0.7500  tree=0.6688
[stl     b=10     d=1 seed=3] building features...
    feats=0.17s  linear=0.6125  tree=0.5156
[stl     b=10     d=1 seed=4] building features...
    feats=0.17s  linear=0.6562  tree=0.4844
[stl     b=10     d=1 seed=5] building features...
    feats=0.07s  linear=0.6562  tree=0.5281
[stl     b=10     d=1 seed=6] building features...
    feats=0.55s  linear=0.7000  tree=0.5563
[stl     b=10     d=1 seed=7] building features...
    feats=0.03s  linear=0.5281  tree=0.4438
[stl     b=10     d=1 seed=8] building features...
    feats=0.20s  linear=0.6062  tree=0.5437
[stl     b=10     d=1 seed=9] building features...
    feats=0.64s  linear=0.4938  tree=0.4469

Feature builds: 10 (full sweep would be 10; fewer if any STL configuration hit its time budget)

Done. Results saved to: /share/ai-lab/adsiega/STLRocket/results/UWaveGestureLibrary_20260915_175000_1d54ed01
