Task 194: dataset=RacketSports n_formulas=10000 depth_max=2 until_weight=1
Output directory: /share/ai-lab/adsiega/STLRocket/results/RacketSports_20260915_194115_0ff79469
Dataset: RacketSports  budgets: [10000]  depths: [2]  n_run: 10  cv: 5  config_budget: 28800.0s

Loading dataset...
  train: (151, 6, 30)  test: (152, 6, 30)
[stl     b=10000  d=2 seed=0] building features...
    feats=19.70s  linear=0.8474  tree=0.7536
[stl     b=10000  d=2 seed=1] building features...
    feats=19.54s  linear=0.8914  tree=0.6899
[stl     b=10000  d=2 seed=2] building features...
    feats=19.24s  linear=0.8610  tree=0.7232
[stl     b=10000  d=2 seed=3] building features...
    feats=18.47s  linear=0.8919  tree=0.7658
[stl     b=10000  d=2 seed=4] building features...
    feats=19.72s  linear=0.8744  tree=0.6901
[stl     b=10000  d=2 seed=5] building features...
    feats=19.94s  linear=0.8481  tree=0.7098
[stl     b=10000  d=2 seed=6] building features...
    feats=19.42s  linear=0.8677  tree=0.8046
[stl     b=10000  d=2 seed=7] building features...
    feats=20.13s  linear=0.8503  tree=0.7047
[stl     b=10000  d=2 seed=8] building features...
    feats=19.83s  linear=0.8266  tree=0.7240
[stl     b=10000  d=2 seed=9] building features...
    feats=20.19s  linear=0.8507  tree=0.7146

Feature builds: 10 (full sweep would be 10; fewer if any STL configuration hit its time budget)

Done. Results saved to: /share/ai-lab/adsiega/STLRocket/results/RacketSports_20260915_194115_0ff79469
