Task 57: dataset=UWaveGestureLibrary n_formulas=100 depth_max=2 until_weight=0
Output directory: /share/ai-lab/adsiega/STLRocket/results/UWaveGestureLibrary_20260915_173735_b790b58e
Dataset: UWaveGestureLibrary  budgets: [100]  depths: [2]  n_run: 10  cv: 5  config_budget: 28800.0s

Loading dataset...
  train: (120, 3, 315)  test: (320, 3, 315)
[stl     b=100    d=2 seed=0] building features...
    feats=0.10s  linear=0.8656  tree=0.7156
[stl     b=100    d=2 seed=1] building features...
    feats=0.09s  linear=0.7562  tree=0.5344
[stl     b=100    d=2 seed=2] building features...
    feats=0.08s  linear=0.8344  tree=0.5969
[stl     b=100    d=2 seed=3] building features...
    feats=0.08s  linear=0.8063  tree=0.6562
[stl     b=100    d=2 seed=4] building features...
    feats=0.08s  linear=0.8250  tree=0.6250
[stl     b=100    d=2 seed=5] building features...
    feats=0.07s  linear=0.8469  tree=0.5594
[stl     b=100    d=2 seed=6] building features...
    feats=0.09s  linear=0.8344  tree=0.6625
[stl     b=100    d=2 seed=7] building features...
    feats=0.08s  linear=0.8594  tree=0.6000
[stl     b=100    d=2 seed=8] building features...
    feats=0.08s  linear=0.8000  tree=0.5844
[stl     b=100    d=2 seed=9] building features...
    feats=0.09s  linear=0.8188  tree=0.6062

Feature builds: 10 (full sweep would be 10; fewer if any STL configuration hit its time budget)

Done. Results saved to: /share/ai-lab/adsiega/STLRocket/results/UWaveGestureLibrary_20260915_173735_b790b58e
