Task 134: dataset=RacketSports n_formulas=100 depth_max=1 until_weight=1
Output directory: /share/ai-lab/adsiega/STLRocket/results/RacketSports_20260915_175122_ab8d2ae6
Dataset: RacketSports  budgets: [100]  depths: [1]  n_run: 10  cv: 5  config_budget: 28800.0s

Loading dataset...
  train: (151, 6, 30)  test: (152, 6, 30)
[stl     b=100    d=1 seed=0] building features...
    feats=0.15s  linear=0.8108  tree=0.7519
[stl     b=100    d=1 seed=1] building features...
    feats=0.11s  linear=0.8085  tree=0.7042
[stl     b=100    d=1 seed=2] building features...
    feats=0.14s  linear=0.7647  tree=0.7108
[stl     b=100    d=1 seed=3] building features...
    feats=0.11s  linear=0.7179  tree=0.6785
[stl     b=100    d=1 seed=4] building features...
    feats=0.12s  linear=0.7364  tree=0.7341
[stl     b=100    d=1 seed=5] building features...
    feats=0.12s  linear=0.7536  tree=0.6797
[stl     b=100    d=1 seed=6] building features...
    feats=0.12s  linear=0.7966  tree=0.7662
[stl     b=100    d=1 seed=7] building features...
    feats=0.09s  linear=0.7420  tree=0.6966
[stl     b=100    d=1 seed=8] building features...
    feats=0.12s  linear=0.8041  tree=0.5528
[stl     b=100    d=1 seed=9] building features...
    feats=0.11s  linear=0.7718  tree=0.7785

Feature builds: 10 (full sweep would be 10; fewer if any STL configuration hit its time budget)

Done. Results saved to: /share/ai-lab/adsiega/STLRocket/results/RacketSports_20260915_175122_ab8d2ae6
