Task 207: dataset=UWaveGestureLibrary n_formulas=10 depth_max=3 until_weight=1
Output directory: /share/ai-lab/adsiega/STLRocket/results/UWaveGestureLibrary_20260915_205117_8eee489f
Dataset: UWaveGestureLibrary  budgets: [10]  depths: [3]  n_run: 10  cv: 5  config_budget: 28800.0s

Loading dataset...
  train: (120, 3, 315)  test: (320, 3, 315)
[stl     b=10     d=3 seed=0] building features...
    feats=2.37s  linear=0.6219  tree=0.5500
[stl     b=10     d=3 seed=1] building features...
    feats=1.72s  linear=0.5375  tree=0.5500
[stl     b=10     d=3 seed=2] building features...
    feats=0.86s  linear=0.6000  tree=0.4781
[stl     b=10     d=3 seed=3] building features...
    feats=2.69s  linear=0.7063  tree=0.6000
[stl     b=10     d=3 seed=4] building features...
    feats=0.77s  linear=0.6937  tree=0.4750
[stl     b=10     d=3 seed=5] building features...
    feats=0.91s  linear=0.5437  tree=0.4813
[stl     b=10     d=3 seed=6] building features...
    feats=0.64s  linear=0.6344  tree=0.5031
[stl     b=10     d=3 seed=7] building features...
    feats=1.02s  linear=0.6719  tree=0.5031
[stl     b=10     d=3 seed=8] building features...
    feats=1.60s  linear=0.5906  tree=0.4469
[stl     b=10     d=3 seed=9] building features...
    feats=1.00s  linear=0.5125  tree=0.4406

Feature builds: 10 (full sweep would be 10; fewer if any STL configuration hit its time budget)

Done. Results saved to: /share/ai-lab/adsiega/STLRocket/results/UWaveGestureLibrary_20260915_205117_8eee489f
