Task 9: dataset=Cricket n_formulas=10 depth_max=1 until_weight=0
Output directory: /share/ai-lab/adsiega/STLRocket/results/Cricket_20260915_173148_ceeb6e42
Dataset: Cricket  budgets: [10]  depths: [1]  n_run: 10  cv: 5  config_budget: 28800.0s

Loading dataset...
  train: (108, 6, 1197)  test: (72, 6, 1197)
[stl     b=10     d=1 seed=0] building features...
    feats=0.03s  linear=0.7639  tree=0.7917
[stl     b=10     d=1 seed=1] building features...
    feats=0.01s  linear=0.6944  tree=0.6667
[stl     b=10     d=1 seed=2] building features...
    feats=0.01s  linear=0.8472  tree=0.7917
[stl     b=10     d=1 seed=3] building features...
    feats=0.01s  linear=0.8194  tree=0.7361
[stl     b=10     d=1 seed=4] building features...
    feats=0.01s  linear=0.7917  tree=0.7778
[stl     b=10     d=1 seed=5] building features...
    feats=0.01s  linear=0.7361  tree=0.6944
[stl     b=10     d=1 seed=6] building features...
    feats=0.01s  linear=0.8750  tree=0.8194
[stl     b=10     d=1 seed=7] building features...
    feats=0.01s  linear=0.6806  tree=0.5139
[stl     b=10     d=1 seed=8] building features...
    feats=0.01s  linear=0.6250  tree=0.7222
[stl     b=10     d=1 seed=9] building features...
    feats=0.01s  linear=0.7639  tree=0.6389

Feature builds: 10 (full sweep would be 10; fewer if any STL configuration hit its time budget)

Done. Results saved to: /share/ai-lab/adsiega/STLRocket/results/Cricket_20260915_173148_ceeb6e42
