Task 126: dataset=Heartbeat n_formulas=10 depth_max=1 until_weight=1
Output directory: /share/ai-lab/adsiega/STLRocket/results/Heartbeat_20260915_174943_75f2e74d
Dataset: Heartbeat  budgets: [10]  depths: [1]  n_run: 10  cv: 5  config_budget: 28800.0s

Loading dataset...
  train: (204, 61, 405)  test: (205, 61, 405)
[stl     b=10     d=1 seed=0] building features...
    feats=0.87s  linear=0.6793  tree=0.6146
[stl     b=10     d=1 seed=1] building features...
    feats=0.85s  linear=0.5000  tree=0.5126
[stl     b=10     d=1 seed=2] building features...
    feats=0.88s  linear=0.6048  tree=0.5989
[stl     b=10     d=1 seed=3] building features...
    feats=0.89s  linear=0.5929  tree=0.6050
[stl     b=10     d=1 seed=4] building features...
    feats=0.98s  linear=0.6489  tree=0.5875
[stl     b=10     d=1 seed=5] building features...
    feats=0.11s  linear=0.6347  tree=0.5862
[stl     b=10     d=1 seed=6] building features...
    feats=0.02s  linear=0.5751  tree=0.6509
[stl     b=10     d=1 seed=7] building features...
    feats=0.84s  linear=0.5099  tree=0.5457
[stl     b=10     d=1 seed=8] building features...
    feats=0.22s  linear=0.5665  tree=0.5787
[stl     b=10     d=1 seed=9] building features...
    feats=0.14s  linear=0.5976  tree=0.6158

Feature builds: 10 (full sweep would be 10; fewer if any STL configuration hit its time budget)

Done. Results saved to: /share/ai-lab/adsiega/STLRocket/results/Heartbeat_20260915_174943_75f2e74d
