Task 131: dataset=ERing n_formulas=100 depth_max=1 until_weight=1
Output directory: /share/ai-lab/adsiega/STLRocket/results/ERing_20260915_175036_84193ea8
Dataset: ERing  budgets: [100]  depths: [1]  n_run: 10  cv: 5  config_budget: 28800.0s

Loading dataset...
  train: (30, 4, 65)  test: (270, 4, 65)
[stl     b=100    d=1 seed=0] building features...
    feats=0.64s  linear=0.8296  tree=0.5741
[stl     b=100    d=1 seed=1] building features...
    feats=0.48s  linear=0.8111  tree=0.6407
[stl     b=100    d=1 seed=2] building features...
    feats=0.65s  linear=0.8667  tree=0.7037
[stl     b=100    d=1 seed=3] building features...
    feats=0.38s  linear=0.9000  tree=0.7741
[stl     b=100    d=1 seed=4] building features...
    feats=0.46s  linear=0.8778  tree=0.6704
[stl     b=100    d=1 seed=5] building features...
    feats=0.37s  linear=0.8667  tree=0.7296
[stl     b=100    d=1 seed=6] building features...
    feats=0.80s  linear=0.8556  tree=0.5481
[stl     b=100    d=1 seed=7] building features...
    feats=0.27s  linear=0.8815  tree=0.6000
[stl     b=100    d=1 seed=8] building features...
    feats=0.25s  linear=0.8852  tree=0.7444
[stl     b=100    d=1 seed=9] building features...
    feats=0.52s  linear=0.7519  tree=0.7667

Feature builds: 10 (full sweep would be 10; fewer if any STL configuration hit its time budget)

Done. Results saved to: /share/ai-lab/adsiega/STLRocket/results/ERing_20260915_175036_84193ea8
