Task 54: dataset=RacketSports n_formulas=100 depth_max=2 until_weight=0
Output directory: /share/ai-lab/adsiega/STLRocket/results/RacketSports_20260915_173656_3cab7919
Dataset: RacketSports  budgets: [100]  depths: [2]  n_run: 10  cv: 5  config_budget: 28800.0s

Loading dataset...
  train: (151, 6, 30)  test: (152, 6, 30)
[stl     b=100    d=2 seed=0] building features...
    feats=0.66s  linear=0.7835  tree=0.6525
[stl     b=100    d=2 seed=1] building features...
    feats=0.04s  linear=0.7326  tree=0.6989
[stl     b=100    d=2 seed=2] building features...
    feats=0.04s  linear=0.7605  tree=0.6788
[stl     b=100    d=2 seed=3] building features...
    feats=0.04s  linear=0.7121  tree=0.7131
[stl     b=100    d=2 seed=4] building features...
    feats=0.05s  linear=0.7127  tree=0.6696
[stl     b=100    d=2 seed=5] building features...
    feats=0.04s  linear=0.7339  tree=0.6826
[stl     b=100    d=2 seed=6] building features...
    feats=0.61s  linear=0.7565  tree=0.5945
[stl     b=100    d=2 seed=7] building features...
    feats=0.04s  linear=0.7040  tree=0.7118
[stl     b=100    d=2 seed=8] building features...
    feats=0.04s  linear=0.6921  tree=0.6969
[stl     b=100    d=2 seed=9] building features...
    feats=0.04s  linear=0.8000  tree=0.6674

Feature builds: 10 (full sweep would be 10; fewer if any STL configuration hit its time budget)

Done. Results saved to: /share/ai-lab/adsiega/STLRocket/results/RacketSports_20260915_173656_3cab7919
