Task 85: dataset=HandMovementDirection n_formulas=10 depth_max=3 until_weight=0
Output directory: /share/ai-lab/adsiega/STLRocket/results/HandMovementDirection_20260915_174253_ae7f014f
Dataset: HandMovementDirection  budgets: [10]  depths: [3]  n_run: 10  cv: 5  config_budget: 28800.0s

Loading dataset...
  train: (160, 10, 400)  test: (74, 10, 400)
[stl     b=10     d=3 seed=0] building features...
    feats=0.03s  linear=0.2500  tree=0.3119
[stl     b=10     d=3 seed=1] building features...
    feats=0.01s  linear=0.2500  tree=0.3036
[stl     b=10     d=3 seed=2] building features...
    feats=0.01s  linear=0.2631  tree=0.3024
[stl     b=10     d=3 seed=3] building features...
    feats=0.30s  linear=0.2500  tree=0.2952
[stl     b=10     d=3 seed=4] building features...
    feats=0.01s  linear=0.3214  tree=0.3702
[stl     b=10     d=3 seed=5] building features...
    feats=0.01s  linear=0.2833  tree=0.2917
[stl     b=10     d=3 seed=6] building features...
    feats=0.01s  linear=0.2500  tree=0.2286
[stl     b=10     d=3 seed=7] building features...
    feats=0.01s  linear=0.2083  tree=0.1881
[stl     b=10     d=3 seed=8] building features...
    feats=0.01s  linear=0.3262  tree=0.1833
[stl     b=10     d=3 seed=9] building features...
    feats=0.01s  linear=0.2548  tree=0.2202

Feature builds: 10 (full sweep would be 10; fewer if any STL configuration hit its time budget)

Done. Results saved to: /share/ai-lab/adsiega/STLRocket/results/HandMovementDirection_20260915_174253_ae7f014f
