Task 151: dataset=ERing n_formulas=10000 depth_max=1 until_weight=1
Output directory: /share/ai-lab/adsiega/STLRocket/results/ERing_20260915_175703_2d63c8f4
Dataset: ERing  budgets: [10000]  depths: [1]  n_run: 10  cv: 5  config_budget: 28800.0s

Loading dataset...
  train: (30, 4, 65)  test: (270, 4, 65)
[stl     b=10000  d=1 seed=0] building features...
    feats=40.95s  linear=0.8926  tree=0.6889
[stl     b=10000  d=1 seed=1] building features...
    feats=41.31s  linear=0.8444  tree=0.7259
[stl     b=10000  d=1 seed=2] building features...
    feats=40.52s  linear=0.7111  tree=0.7333
[stl     b=10000  d=1 seed=3] building features...
    feats=35.22s  linear=0.8370  tree=0.7407
[stl     b=10000  d=1 seed=4] building features...
    feats=38.59s  linear=0.8630  tree=0.7704
[stl     b=10000  d=1 seed=5] building features...
    feats=39.36s  linear=0.8704  tree=0.5815
[stl     b=10000  d=1 seed=6] building features...
    feats=40.85s  linear=0.8741  tree=0.7074
[stl     b=10000  d=1 seed=7] building features...
    feats=39.75s  linear=0.9148  tree=0.8111
[stl     b=10000  d=1 seed=8] building features...
    feats=38.41s  linear=0.8370  tree=0.7519
[stl     b=10000  d=1 seed=9] building features...
    feats=38.70s  linear=0.7667  tree=0.7926

Feature builds: 10 (full sweep would be 10; fewer if any STL configuration hit its time budget)

Done. Results saved to: /share/ai-lab/adsiega/STLRocket/results/ERing_20260915_175703_2d63c8f4
