Task 7: dataset=UWaveGestureLibrary n_formulas=10 depth_max=1 until_weight=0
Output directory: /share/ai-lab/adsiega/STLRocket/results/UWaveGestureLibrary_20260915_173131_4a6677f2
Dataset: UWaveGestureLibrary  budgets: [10]  depths: [1]  n_run: 10  cv: 5  config_budget: 28800.0s

Loading dataset...
  train: (120, 3, 315)  test: (320, 3, 315)
[stl     b=10     d=1 seed=0] building features...
    feats=0.02s  linear=0.6438  tree=0.4688
[stl     b=10     d=1 seed=1] building features...
    feats=0.01s  linear=0.7094  tree=0.5531
[stl     b=10     d=1 seed=2] building features...
    feats=0.01s  linear=0.5563  tree=0.5437
[stl     b=10     d=1 seed=3] building features...
    feats=0.01s  linear=0.6094  tree=0.4906
[stl     b=10     d=1 seed=4] building features...
    feats=0.01s  linear=0.6656  tree=0.6031
[stl     b=10     d=1 seed=5] building features...
    feats=0.01s  linear=0.5750  tree=0.5531
[stl     b=10     d=1 seed=6] building features...
    feats=0.01s  linear=0.6344  tree=0.6062
[stl     b=10     d=1 seed=7] building features...
    feats=0.01s  linear=0.5062  tree=0.4875
[stl     b=10     d=1 seed=8] building features...
    feats=0.01s  linear=0.5219  tree=0.4906
[stl     b=10     d=1 seed=9] building features...
    feats=0.01s  linear=0.4188  tree=0.3531

Feature builds: 10 (full sweep would be 10; fewer if any STL configuration hit its time budget)

Done. Results saved to: /share/ai-lab/adsiega/STLRocket/results/UWaveGestureLibrary_20260915_173131_4a6677f2
