Task 62: dataset=BasicMotions n_formulas=1000 depth_max=2 until_weight=0
Output directory: /share/ai-lab/adsiega/STLRocket/results/BasicMotions_20260915_173827_e5955281
Dataset: BasicMotions  budgets: [1000]  depths: [2]  n_run: 10  cv: 5  config_budget: 28800.0s

Loading dataset...
  train: (40, 6, 100)  test: (40, 6, 100)
[stl     b=1000   d=2 seed=0] building features...
    feats=0.37s  linear=0.2500  tree=0.7000
[stl     b=1000   d=2 seed=1] building features...
    feats=0.35s  linear=1.0000  tree=0.8500
[stl     b=1000   d=2 seed=2] building features...
    feats=0.36s  linear=1.0000  tree=0.9000
[stl     b=1000   d=2 seed=3] building features...
    feats=0.35s  linear=0.9500  tree=0.9750
[stl     b=1000   d=2 seed=4] building features...
    feats=0.35s  linear=1.0000  tree=0.8250
[stl     b=1000   d=2 seed=5] building features...
    feats=0.35s  linear=0.9500  tree=0.9750
[stl     b=1000   d=2 seed=6] building features...
    feats=0.36s  linear=0.9250  tree=0.8750
[stl     b=1000   d=2 seed=7] building features...
    feats=0.35s  linear=0.9500  tree=0.8750
[stl     b=1000   d=2 seed=8] building features...
    feats=0.35s  linear=0.9750  tree=0.8750
[stl     b=1000   d=2 seed=9] building features...
    feats=0.36s  linear=0.9750  tree=0.9500

Feature builds: 10 (full sweep would be 10; fewer if any STL configuration hit its time budget)

Done. Results saved to: /share/ai-lab/adsiega/STLRocket/results/BasicMotions_20260915_173827_e5955281
