Task 118: dataset=Epilepsy n_formulas=10000 depth_max=3 until_weight=0
Output directory: /share/ai-lab/adsiega/STLRocket/results/Epilepsy_20260915_174826_3aea7384
Dataset: Epilepsy  budgets: [10000]  depths: [3]  n_run: 10  cv: 5  config_budget: 28800.0s

Loading dataset...
  train: (137, 3, 206)  test: (138, 3, 206)
[stl     b=10000  d=3 seed=0] building features...
    feats=7.12s  linear=0.9650  tree=0.8714
[stl     b=10000  d=3 seed=1] building features...
    feats=9.43s  linear=0.9650  tree=0.7924
[stl     b=10000  d=3 seed=2] building features...
    feats=6.99s  linear=0.9791  tree=0.8560
[stl     b=10000  d=3 seed=3] building features...
    feats=7.14s  linear=0.9442  tree=0.8526
[stl     b=10000  d=3 seed=4] building features...
    feats=6.83s  linear=0.9432  tree=0.8494
[stl     b=10000  d=3 seed=5] building features...
    feats=6.98s  linear=0.9583  tree=0.9221
[stl     b=10000  d=3 seed=6] building features...
    feats=7.49s  linear=0.9515  tree=0.8455
[stl     b=10000  d=3 seed=7] building features...
    feats=7.04s  linear=0.9718  tree=0.8717
[stl     b=10000  d=3 seed=8] building features...
    feats=8.14s  linear=0.9718  tree=0.8858
[stl     b=10000  d=3 seed=9] building features...
    feats=7.91s  linear=0.9718  tree=0.7630

Feature builds: 10 (full sweep would be 10; fewer if any STL configuration hit its time budget)

Done. Results saved to: /share/ai-lab/adsiega/STLRocket/results/Epilepsy_20260915_174826_3aea7384
