Task 71: dataset=ERing n_formulas=10000 depth_max=2 until_weight=0
Output directory: /share/ai-lab/adsiega/STLRocket/results/ERing_20260915_173954_6196301f
Dataset: ERing  budgets: [10000]  depths: [2]  n_run: 10  cv: 5  config_budget: 28800.0s

Loading dataset...
  train: (30, 4, 65)  test: (270, 4, 65)
[stl     b=10000  d=2 seed=0] building features...
    feats=4.65s  linear=0.8556  tree=0.6407
[stl     b=10000  d=2 seed=1] building features...
    feats=4.72s  linear=0.8889  tree=0.7296
[stl     b=10000  d=2 seed=2] building features...
    feats=4.40s  linear=0.8185  tree=0.7556
[stl     b=10000  d=2 seed=3] building features...
    feats=4.81s  linear=0.6852  tree=0.6852
[stl     b=10000  d=2 seed=4] building features...
    feats=4.23s  linear=0.8444  tree=0.6111
[stl     b=10000  d=2 seed=5] building features...
    feats=4.53s  linear=0.9000  tree=0.7593
[stl     b=10000  d=2 seed=6] building features...
    feats=4.23s  linear=0.7296  tree=0.6704
[stl     b=10000  d=2 seed=7] building features...
    feats=4.62s  linear=0.8889  tree=0.5815
[stl     b=10000  d=2 seed=8] building features...
    feats=4.69s  linear=0.8111  tree=0.7852
[stl     b=10000  d=2 seed=9] building features...
    feats=4.36s  linear=0.8852  tree=0.7296

Feature builds: 10 (full sweep would be 10; fewer if any STL configuration hit its time budget)

Done. Results saved to: /share/ai-lab/adsiega/STLRocket/results/ERing_20260915_173954_6196301f
