Task 112: dataset=BasicMotions n_formulas=10000 depth_max=3 until_weight=0
Output directory: /share/ai-lab/adsiega/STLRocket/results/BasicMotions_20260915_174642_31f0a99d
Dataset: BasicMotions  budgets: [10000]  depths: [3]  n_run: 10  cv: 5  config_budget: 28800.0s

Loading dataset...
  train: (40, 6, 100)  test: (40, 6, 100)
[stl     b=10000  d=3 seed=0] building features...
    feats=4.94s  linear=0.9500  tree=0.9500
[stl     b=10000  d=3 seed=1] building features...
    feats=4.48s  linear=0.9750  tree=0.9250
[stl     b=10000  d=3 seed=2] building features...
    feats=4.40s  linear=0.9750  tree=0.9250
[stl     b=10000  d=3 seed=3] building features...
    feats=4.53s  linear=0.9750  tree=0.8000
[stl     b=10000  d=3 seed=4] building features...
    feats=4.90s  linear=0.9750  tree=0.9000
[stl     b=10000  d=3 seed=5] building features...
    feats=4.42s  linear=0.9750  tree=0.9750
[stl     b=10000  d=3 seed=6] building features...
    feats=4.36s  linear=0.9750  tree=0.8250
[stl     b=10000  d=3 seed=7] building features...
    feats=4.42s  linear=0.9500  tree=0.9500
[stl     b=10000  d=3 seed=8] building features...
    feats=6.48s  linear=1.0000  tree=0.9250
[stl     b=10000  d=3 seed=9] building features...
    feats=4.46s  linear=0.9500  tree=0.9500

Feature builds: 10 (full sweep would be 10; fewer if any STL configuration hit its time budget)

Done. Results saved to: /share/ai-lab/adsiega/STLRocket/results/BasicMotions_20260915_174642_31f0a99d
