Task 46: dataset=Heartbeat n_formulas=10 depth_max=2 until_weight=0
Output directory: /share/ai-lab/adsiega/STLRocket/results/Heartbeat_20260915_173602_9e32292f
Dataset: Heartbeat  budgets: [10]  depths: [2]  n_run: 10  cv: 5  config_budget: 28800.0s

Loading dataset...
  train: (204, 61, 405)  test: (205, 61, 405)
[stl     b=10     d=2 seed=0] building features...
    feats=0.04s  linear=0.6596  tree=0.6645
[stl     b=10     d=2 seed=1] building features...
    feats=0.02s  linear=0.6746  tree=0.6536
[stl     b=10     d=2 seed=2] building features...
    feats=0.02s  linear=0.6112  tree=0.6091
[stl     b=10     d=2 seed=3] building features...
    feats=0.02s  linear=0.5901  tree=0.6679
[stl     b=10     d=2 seed=4] building features...
    feats=0.02s  linear=0.5138  tree=0.5821
[stl     b=10     d=2 seed=5] building features...
    feats=0.02s  linear=0.6955  tree=0.6638
[stl     b=10     d=2 seed=6] building features...
    feats=0.02s  linear=0.6537  tree=0.5801
[stl     b=10     d=2 seed=7] building features...
    feats=0.02s  linear=0.5854  tree=0.5456
[stl     b=10     d=2 seed=8] building features...
    feats=0.02s  linear=0.5915  tree=0.6246
[stl     b=10     d=2 seed=9] building features...
    feats=0.02s  linear=0.5983  tree=0.5558

Feature builds: 10 (full sweep would be 10; fewer if any STL configuration hit its time budget)

Done. Results saved to: /share/ai-lab/adsiega/STLRocket/results/Heartbeat_20260915_173602_9e32292f
