Task 88: dataset=Epilepsy n_formulas=10 depth_max=3 until_weight=0
Output directory: /share/ai-lab/adsiega/STLRocket/results/Epilepsy_20260915_174317_e52f7734
Dataset: Epilepsy  budgets: [10]  depths: [3]  n_run: 10  cv: 5  config_budget: 28800.0s

Loading dataset...
  train: (137, 3, 206)  test: (138, 3, 206)
[stl     b=10     d=3 seed=0] building features...
    feats=0.39s  linear=0.7091  tree=0.7031
[stl     b=10     d=3 seed=1] building features...
    feats=0.11s  linear=0.7242  tree=0.7824
[stl     b=10     d=3 seed=2] building features...
    feats=0.01s  linear=0.7870  tree=0.6858
[stl     b=10     d=3 seed=3] building features...
    feats=0.01s  linear=0.8214  tree=0.8870
[stl     b=10     d=3 seed=4] building features...
    feats=0.01s  linear=0.7737  tree=0.7739
[stl     b=10     d=3 seed=5] building features...
    feats=0.20s  linear=0.7985  tree=0.7428
[stl     b=10     d=3 seed=6] building features...
    feats=0.11s  linear=0.8256  tree=0.7781
[stl     b=10     d=3 seed=7] building features...
    feats=0.01s  linear=0.7158  tree=0.7378
[stl     b=10     d=3 seed=8] building features...
    feats=0.01s  linear=0.7179  tree=0.7411
[stl     b=10     d=3 seed=9] building features...
    feats=0.01s  linear=0.7300  tree=0.7574

Feature builds: 10 (full sweep would be 10; fewer if any STL configuration hit its time budget)

Done. Results saved to: /share/ai-lab/adsiega/STLRocket/results/Epilepsy_20260915_174317_e52f7734
