Task 104: dataset=RacketSports n_formulas=1000 depth_max=3 until_weight=0
Output directory: /share/ai-lab/adsiega/STLRocket/results/RacketSports_20260915_174526_3faaf609
Dataset: RacketSports  budgets: [1000]  depths: [3]  n_run: 10  cv: 5  config_budget: 28800.0s

Loading dataset...
  train: (151, 6, 30)  test: (152, 6, 30)
[stl     b=1000   d=3 seed=0] building features...
    feats=0.47s  linear=0.8309  tree=0.6452
[stl     b=1000   d=3 seed=1] building features...
    feats=0.47s  linear=0.8847  tree=0.6977
[stl     b=1000   d=3 seed=2] building features...
    feats=0.46s  linear=0.8009  tree=0.6972
[stl     b=1000   d=3 seed=3] building features...
    feats=0.46s  linear=0.8410  tree=0.6669
[stl     b=1000   d=3 seed=4] building features...
    feats=0.45s  linear=0.8293  tree=0.6584
[stl     b=1000   d=3 seed=5] building features...
    feats=0.45s  linear=0.8208  tree=0.7492
[stl     b=1000   d=3 seed=6] building features...
    feats=0.45s  linear=0.7931  tree=0.6559
[stl     b=1000   d=3 seed=7] building features...
    feats=0.46s  linear=0.8304  tree=0.7373
[stl     b=1000   d=3 seed=8] building features...
    feats=0.46s  linear=0.8237  tree=0.7122
[stl     b=1000   d=3 seed=9] building features...
    feats=0.48s  linear=0.8067  tree=0.6786

Feature builds: 10 (full sweep would be 10; fewer if any STL configuration hit its time budget)

Done. Results saved to: /share/ai-lab/adsiega/STLRocket/results/RacketSports_20260915_174526_3faaf609
