Task 11: dataset=ERing n_formulas=100 depth_max=1 until_weight=0
Output directory: /share/ai-lab/adsiega/STLRocket/results/ERing_20260915_173149_4c08c297
Dataset: ERing  budgets: [100]  depths: [1]  n_run: 10  cv: 5  config_budget: 28800.0s

Loading dataset...
  train: (30, 4, 65)  test: (270, 4, 65)
[stl     b=100    d=1 seed=0] building features...
    feats=0.05s  linear=0.8407  tree=0.6889
[stl     b=100    d=1 seed=1] building features...
    feats=0.04s  linear=0.7778  tree=0.7370
[stl     b=100    d=1 seed=2] building features...
    feats=0.03s  linear=0.8074  tree=0.6852
[stl     b=100    d=1 seed=3] building features...
    feats=0.03s  linear=0.8926  tree=0.6519
[stl     b=100    d=1 seed=4] building features...
    feats=0.03s  linear=0.8667  tree=0.6556
[stl     b=100    d=1 seed=5] building features...
    feats=0.03s  linear=0.8889  tree=0.7741
[stl     b=100    d=1 seed=6] building features...
    feats=0.04s  linear=0.9333  tree=0.7519
[stl     b=100    d=1 seed=7] building features...
    feats=0.03s  linear=0.7852  tree=0.6630
[stl     b=100    d=1 seed=8] building features...
    feats=0.03s  linear=0.8778  tree=0.7111
[stl     b=100    d=1 seed=9] building features...
    feats=0.04s  linear=0.9074  tree=0.7704

Feature builds: 10 (full sweep would be 10; fewer if any STL configuration hit its time budget)

Done. Results saved to: /share/ai-lab/adsiega/STLRocket/results/ERing_20260915_173149_4c08c297
