Task 167: dataset=UWaveGestureLibrary n_formulas=10 depth_max=2 until_weight=1
Output directory: /share/ai-lab/adsiega/STLRocket/results/UWaveGestureLibrary_20260915_182813_202e0854
Dataset: UWaveGestureLibrary  budgets: [10]  depths: [2]  n_run: 10  cv: 5  config_budget: 28800.0s

Loading dataset...
  train: (120, 3, 315)  test: (320, 3, 315)
[stl     b=10     d=2 seed=0] building features...
    feats=2.20s  linear=0.6562  tree=0.4969
[stl     b=10     d=2 seed=1] building features...
    feats=1.79s  linear=0.5844  tree=0.5406
[stl     b=10     d=2 seed=2] building features...
    feats=0.13s  linear=0.6375  tree=0.4813
[stl     b=10     d=2 seed=3] building features...
    feats=2.36s  linear=0.6375  tree=0.5562
[stl     b=10     d=2 seed=4] building features...
    feats=0.81s  linear=0.6062  tree=0.5188
[stl     b=10     d=2 seed=5] building features...
    feats=0.05s  linear=0.6250  tree=0.5094
[stl     b=10     d=2 seed=6] building features...
    feats=0.36s  linear=0.6781  tree=0.5469
[stl     b=10     d=2 seed=7] building features...
    feats=0.40s  linear=0.6813  tree=0.5875
[stl     b=10     d=2 seed=8] building features...
    feats=1.31s  linear=0.5031  tree=0.4625
[stl     b=10     d=2 seed=9] building features...
    feats=1.08s  linear=0.5969  tree=0.4156

Feature builds: 10 (full sweep would be 10; fewer if any STL configuration hit its time budget)

Done. Results saved to: /share/ai-lab/adsiega/STLRocket/results/UWaveGestureLibrary_20260915_182813_202e0854
