Task 168: dataset=Epilepsy n_formulas=10 depth_max=2 until_weight=1
Output directory: /share/ai-lab/adsiega/STLRocket/results/Epilepsy_20260915_182851_37a81417
Dataset: Epilepsy  budgets: [10]  depths: [2]  n_run: 10  cv: 5  config_budget: 28800.0s

Loading dataset...
  train: (137, 3, 206)  test: (138, 3, 206)
[stl     b=10     d=2 seed=0] building features...
    feats=0.50s  linear=0.7878  tree=0.7157
[stl     b=10     d=2 seed=1] building features...
    feats=0.53s  linear=0.7751  tree=0.6541
[stl     b=10     d=2 seed=2] building features...
    feats=0.07s  linear=0.7399  tree=0.8423
[stl     b=10     d=2 seed=3] building features...
    feats=0.78s  linear=0.8961  tree=0.7964
[stl     b=10     d=2 seed=4] building features...
    feats=0.21s  linear=0.6953  tree=0.7457
[stl     b=10     d=2 seed=5] building features...
    feats=0.32s  linear=0.7812  tree=0.7388
[stl     b=10     d=2 seed=6] building features...
    feats=0.21s  linear=0.8601  tree=0.7654
[stl     b=10     d=2 seed=7] building features...
    feats=0.12s  linear=0.7319  tree=0.7138
[stl     b=10     d=2 seed=8] building features...
    feats=0.44s  linear=0.7418  tree=0.7284
[stl     b=10     d=2 seed=9] building features...
    feats=0.36s  linear=0.6932  tree=0.6927

Feature builds: 10 (full sweep would be 10; fewer if any STL configuration hit its time budget)

Done. Results saved to: /share/ai-lab/adsiega/STLRocket/results/Epilepsy_20260915_182851_37a81417
