Task 205: dataset=HandMovementDirection n_formulas=10 depth_max=3 until_weight=1
Output directory: /share/ai-lab/adsiega/STLRocket/results/HandMovementDirection_20260915_204953_9810dec8
Dataset: HandMovementDirection  budgets: [10]  depths: [3]  n_run: 10  cv: 5  config_budget: 28800.0s

Loading dataset...
  train: (160, 10, 400)  test: (74, 10, 400)
[stl     b=10     d=3 seed=0] building features...
    feats=1.44s  linear=0.3798  tree=0.2190
[stl     b=10     d=3 seed=1] building features...
    feats=1.67s  linear=0.2500  tree=0.3286
[stl     b=10     d=3 seed=2] building features...
    feats=1.57s  linear=0.2417  tree=0.1929
[stl     b=10     d=3 seed=3] building features...
    feats=1.34s  linear=0.2917  tree=0.2190
[stl     b=10     d=3 seed=4] building features...
    feats=0.57s  linear=0.2333  tree=0.2762
[stl     b=10     d=3 seed=5] building features...
    feats=0.69s  linear=0.2500  tree=0.2833
[stl     b=10     d=3 seed=6] building features...
    feats=0.83s  linear=0.2881  tree=0.3310
[stl     b=10     d=3 seed=7] building features...
    feats=0.41s  linear=0.2500  tree=0.3310
[stl     b=10     d=3 seed=8] building features...
    feats=1.59s  linear=0.2500  tree=0.2131
[stl     b=10     d=3 seed=9] building features...
    feats=0.56s  linear=0.2500  tree=0.2690

Feature builds: 10 (full sweep would be 10; fewer if any STL configuration hit its time budget)

Done. Results saved to: /share/ai-lab/adsiega/STLRocket/results/HandMovementDirection_20260915_204953_9810dec8
