Task 219: dataset=Cricket n_formulas=100 depth_max=3 until_weight=1
Output directory: /share/ai-lab/adsiega/STLRocket/results/Cricket_20260915_211557_1873ddb5
Dataset: Cricket  budgets: [100]  depths: [3]  n_run: 10  cv: 5  config_budget: 28800.0s

Loading dataset...
  train: (108, 6, 1197)  test: (72, 6, 1197)
[stl     b=100    d=3 seed=0] building features...
    feats=84.71s  linear=0.9444  tree=0.8472
[stl     b=100    d=3 seed=1] building features...
    feats=60.06s  linear=0.9444  tree=0.8333
[stl     b=100    d=3 seed=2] building features...
    feats=69.85s  linear=0.9306  tree=0.8194
[stl     b=100    d=3 seed=3] building features...
    feats=85.29s  linear=0.9306  tree=0.8611
[stl     b=100    d=3 seed=4] building features...
    feats=38.07s  linear=0.9167  tree=0.8194
[stl     b=100    d=3 seed=5] building features...
    feats=87.53s  linear=0.9167  tree=0.8472
[stl     b=100    d=3 seed=6] building features...
    feats=55.23s  linear=0.8472  tree=0.8472
[stl     b=100    d=3 seed=7] building features...
    feats=50.70s  linear=0.8611  tree=0.7639
[stl     b=100    d=3 seed=8] building features...
    feats=59.05s  linear=0.9306  tree=0.8194
[stl     b=100    d=3 seed=9] building features...
    feats=69.42s  linear=0.8472  tree=0.8056

Feature builds: 10 (full sweep would be 10; fewer if any STL configuration hit its time budget)

Done. Results saved to: /share/ai-lab/adsiega/STLRocket/results/Cricket_20260915_211557_1873ddb5
