Task 198: dataset=Epilepsy n_formulas=10000 depth_max=2 until_weight=1
Output directory: /share/ai-lab/adsiega/STLRocket/results/Epilepsy_20260915_200537_ebdd1b65
Dataset: Epilepsy  budgets: [10000]  depths: [2]  n_run: 10  cv: 5  config_budget: 28800.0s

Loading dataset...
  train: (137, 3, 206)  test: (138, 3, 206)
[stl     b=10000  d=2 seed=0] building features...
    feats=231.50s  linear=0.9577  tree=0.8246
[stl     b=10000  d=2 seed=1] building features...
    feats=223.52s  linear=0.9724  tree=0.8933
[stl     b=10000  d=2 seed=2] building features...
    feats=224.14s  linear=0.9650  tree=0.8361
[stl     b=10000  d=2 seed=3] building features...
    feats=222.00s  linear=0.9724  tree=0.8486
[stl     b=10000  d=2 seed=4] building features...
    feats=218.53s  linear=0.9718  tree=0.8790
[stl     b=10000  d=2 seed=5] building features...
    feats=225.44s  linear=0.9092  tree=0.7989
[stl     b=10000  d=2 seed=6] building features...
    feats=222.49s  linear=0.9589  tree=0.8478
[stl     b=10000  d=2 seed=7] building features...
    feats=224.02s  linear=0.9448  tree=0.8417
[stl     b=10000  d=2 seed=8] building features...
    feats=216.57s  linear=0.9644  tree=0.8663
[stl     b=10000  d=2 seed=9] building features...
    feats=215.21s  linear=0.9791  tree=0.8782

Feature builds: 10 (full sweep would be 10; fewer if any STL configuration hit its time budget)

Done. Results saved to: /share/ai-lab/adsiega/STLRocket/results/Epilepsy_20260915_200537_ebdd1b65
