Task 124: dataset=RacketSports n_formulas=10 depth_max=1 until_weight=1
Output directory: /share/ai-lab/adsiega/STLRocket/results/RacketSports_20260915_174924_cf8342ff
Dataset: RacketSports  budgets: [10]  depths: [1]  n_run: 10  cv: 5  config_budget: 28800.0s

Loading dataset...
  train: (151, 6, 30)  test: (152, 6, 30)
[stl     b=10     d=1 seed=0] building features...
    feats=0.04s  linear=0.6493  tree=0.5585
[stl     b=10     d=1 seed=1] building features...
    feats=0.02s  linear=0.5422  tree=0.5862
[stl     b=10     d=1 seed=2] building features...
    feats=0.02s  linear=0.5359  tree=0.5199
[stl     b=10     d=1 seed=3] building features...
    feats=0.01s  linear=0.5634  tree=0.7168
[stl     b=10     d=1 seed=4] building features...
    feats=0.01s  linear=0.6037  tree=0.5936
[stl     b=10     d=1 seed=5] building features...
    feats=0.01s  linear=0.4608  tree=0.5568
[stl     b=10     d=1 seed=6] building features...
    feats=0.01s  linear=0.6484  tree=0.5521
[stl     b=10     d=1 seed=7] building features...
    feats=0.01s  linear=0.6883  tree=0.6498
[stl     b=10     d=1 seed=8] building features...
    feats=0.02s  linear=0.6801  tree=0.5462
[stl     b=10     d=1 seed=9] building features...
    feats=0.01s  linear=0.6449  tree=0.6164

Feature builds: 10 (full sweep would be 10; fewer if any STL configuration hit its time budget)

Done. Results saved to: /share/ai-lab/adsiega/STLRocket/results/RacketSports_20260915_174924_cf8342ff
