Task 172: dataset=BasicMotions n_formulas=100 depth_max=2 until_weight=1
Output directory: /share/ai-lab/adsiega/STLRocket/results/BasicMotions_20260915_183818_3220b7f6
Dataset: BasicMotions  budgets: [100]  depths: [2]  n_run: 10  cv: 5  config_budget: 28800.0s

Loading dataset...
  train: (40, 6, 100)  test: (40, 6, 100)
[stl     b=100    d=2 seed=0] building features...
    feats=0.45s  linear=0.9250  tree=0.9000
[stl     b=100    d=2 seed=1] building features...
    feats=0.44s  linear=0.9250  tree=0.9250
[stl     b=100    d=2 seed=2] building features...
    feats=0.48s  linear=0.9250  tree=0.8750
[stl     b=100    d=2 seed=3] building features...
    feats=0.46s  linear=0.9500  tree=1.0000
[stl     b=100    d=2 seed=4] building features...
    feats=0.38s  linear=1.0000  tree=0.9250
[stl     b=100    d=2 seed=5] building features...
    feats=0.47s  linear=0.9000  tree=0.9250
[stl     b=100    d=2 seed=6] building features...
    feats=0.41s  linear=1.0000  tree=0.9250
[stl     b=100    d=2 seed=7] building features...
    feats=0.37s  linear=0.9500  tree=0.9250
[stl     b=100    d=2 seed=8] building features...
    feats=0.34s  linear=0.9250  tree=0.9250
[stl     b=100    d=2 seed=9] building features...
    feats=0.44s  linear=1.0000  tree=0.9750

Feature builds: 10 (full sweep would be 10; fewer if any STL configuration hit its time budget)

Done. Results saved to: /share/ai-lab/adsiega/STLRocket/results/BasicMotions_20260915_183818_3220b7f6
