Task 116: dataset=Heartbeat n_formulas=10000 depth_max=3 until_weight=0
Output directory: /share/ai-lab/adsiega/STLRocket/results/Heartbeat_20260915_174704_b671aa10
Dataset: Heartbeat  budgets: [10000]  depths: [3]  n_run: 10  cv: 5  config_budget: 28800.0s

Loading dataset...
  train: (204, 61, 405)  test: (205, 61, 405)
[stl     b=10000  d=3 seed=0] building features...
    feats=12.62s  linear=0.6677  tree=0.5794
[stl     b=10000  d=3 seed=1] building features...
    feats=12.26s  linear=0.6488  tree=0.6172
[stl     b=10000  d=3 seed=2] building features...
    feats=11.20s  linear=0.6705  tree=0.6598
[stl     b=10000  d=3 seed=3] building features...
    feats=11.11s  linear=0.6853  tree=0.5680
[stl     b=10000  d=3 seed=4] building features...
    feats=11.84s  linear=0.6300  tree=0.6354
[stl     b=10000  d=3 seed=5] building features...
    feats=11.57s  linear=0.6320  tree=0.6530
[stl     b=10000  d=3 seed=6] building features...
    feats=11.14s  linear=0.6523  tree=0.5660
[stl     b=10000  d=3 seed=7] building features...
    feats=11.58s  linear=0.6347  tree=0.5733
[stl     b=10000  d=3 seed=8] building features...
    feats=12.59s  linear=0.6759  tree=0.5949
[stl     b=10000  d=3 seed=9] building features...
    feats=12.26s  linear=0.6455  tree=0.5983

Feature builds: 10 (full sweep would be 10; fewer if any STL configuration hit its time budget)

Done. Results saved to: /share/ai-lab/adsiega/STLRocket/results/Heartbeat_20260915_174704_b671aa10
