Task 138: dataset=Epilepsy n_formulas=100 depth_max=1 until_weight=1
Output directory: /share/ai-lab/adsiega/STLRocket/results/Epilepsy_20260915_175233_9142151c
Dataset: Epilepsy  budgets: [100]  depths: [1]  n_run: 10  cv: 5  config_budget: 28800.0s

Loading dataset...
  train: (137, 3, 206)  test: (138, 3, 206)
[stl     b=100    d=1 seed=0] building features...
    feats=2.08s  linear=0.9227  tree=0.7821
[stl     b=100    d=1 seed=1] building features...
    feats=1.40s  linear=0.8865  tree=0.7671
[stl     b=100    d=1 seed=2] building features...
    feats=1.86s  linear=0.9432  tree=0.8322
[stl     b=100    d=1 seed=3] building features...
    feats=1.28s  linear=0.8772  tree=0.7485
[stl     b=100    d=1 seed=4] building features...
    feats=2.36s  linear=0.9589  tree=0.7810
[stl     b=100    d=1 seed=5] building features...
    feats=1.44s  linear=0.9432  tree=0.7521
[stl     b=100    d=1 seed=6] building features...
    feats=1.98s  linear=0.9215  tree=0.7823
[stl     b=100    d=1 seed=7] building features...
    feats=0.92s  linear=0.8945  tree=0.7140
[stl     b=100    d=1 seed=8] building features...
    feats=1.56s  linear=0.9509  tree=0.7400
[stl     b=100    d=1 seed=9] building features...
    feats=1.52s  linear=0.9442  tree=0.7513

Feature builds: 10 (full sweep would be 10; fewer if any STL configuration hit its time budget)

Done. Results saved to: /share/ai-lab/adsiega/STLRocket/results/Epilepsy_20260915_175233_9142151c
