Task 146: dataset=Heartbeat n_formulas=1000 depth_max=1 until_weight=1
Output directory: /share/ai-lab/adsiega/STLRocket/results/Heartbeat_20260915_175413_6093d618
Dataset: Heartbeat  budgets: [1000]  depths: [1]  n_run: 10  cv: 5  config_budget: 28800.0s

Loading dataset...
  train: (204, 61, 405)  test: (205, 61, 405)
[stl     b=1000   d=1 seed=0] building features...
    feats=121.71s  linear=0.6711  tree=0.6152
[stl     b=1000   d=1 seed=1] building features...
    feats=114.43s  linear=0.6482  tree=0.5935
[stl     b=1000   d=1 seed=2] building features...
    feats=112.14s  linear=0.6712  tree=0.6442
[stl     b=1000   d=1 seed=3] building features...
    feats=117.74s  linear=0.6428  tree=0.6172
[stl     b=1000   d=1 seed=4] building features...
    feats=128.09s  linear=0.7002  tree=0.6293
[stl     b=1000   d=1 seed=5] building features...
    feats=115.78s  linear=0.6732  tree=0.6139
[stl     b=1000   d=1 seed=6] building features...
    feats=135.81s  linear=0.6388  tree=0.6259
[stl     b=1000   d=1 seed=7] building features...
    feats=102.28s  linear=0.6252  tree=0.6246
[stl     b=1000   d=1 seed=8] building features...
    feats=125.63s  linear=0.6556  tree=0.6131
[stl     b=1000   d=1 seed=9] building features...
    feats=124.69s  linear=0.6562  tree=0.6638

Feature builds: 10 (full sweep would be 10; fewer if any STL configuration hit its time budget)

Done. Results saved to: /share/ai-lab/adsiega/STLRocket/results/Heartbeat_20260915_175413_6093d618
