Task 76: dataset=Heartbeat n_formulas=10000 depth_max=2 until_weight=0
Output directory: /share/ai-lab/adsiega/STLRocket/results/Heartbeat_20260915_174053_66b6153f
Dataset: Heartbeat  budgets: [10000]  depths: [2]  n_run: 10  cv: 5  config_budget: 28800.0s

Loading dataset...
  train: (204, 61, 405)  test: (205, 61, 405)
[stl     b=10000  d=2 seed=0] building features...
    feats=10.63s  linear=0.6684  tree=0.6111
[stl     b=10000  d=2 seed=1] building features...
    feats=10.18s  linear=0.6677  tree=0.6435
[stl     b=10000  d=2 seed=2] building features...
    feats=9.92s  linear=0.6030  tree=0.5909
[stl     b=10000  d=2 seed=3] building features...
    feats=9.29s  linear=0.6184  tree=0.6192
[stl     b=10000  d=2 seed=4] building features...
    feats=9.15s  linear=0.6475  tree=0.6098
[stl     b=10000  d=2 seed=5] building features...
    feats=9.48s  linear=0.6887  tree=0.5997
[stl     b=10000  d=2 seed=6] building features...
    feats=8.97s  linear=0.6542  tree=0.6111
[stl     b=10000  d=2 seed=7] building features...
    feats=9.69s  linear=0.6576  tree=0.6354
[stl     b=10000  d=2 seed=8] building features...
    feats=9.35s  linear=0.6576  tree=0.5888
[stl     b=10000  d=2 seed=9] building features...
    feats=8.99s  linear=0.6340  tree=0.5835

Feature builds: 10 (full sweep would be 10; fewer if any STL configuration hit its time budget)

Done. Results saved to: /share/ai-lab/adsiega/STLRocket/results/Heartbeat_20260915_174053_66b6153f
