Task 136: dataset=Heartbeat n_formulas=100 depth_max=1 until_weight=1
Output directory: /share/ai-lab/adsiega/STLRocket/results/Heartbeat_20260915_175147_d1c7ce6c
Dataset: Heartbeat  budgets: [100]  depths: [1]  n_run: 10  cv: 5  config_budget: 28800.0s

Loading dataset...
  train: (204, 61, 405)  test: (205, 61, 405)
[stl     b=100    d=1 seed=0] building features...
    feats=10.62s  linear=0.6482  tree=0.6510
[stl     b=100    d=1 seed=1] building features...
    feats=7.89s  linear=0.6650  tree=0.6529
[stl     b=100    d=1 seed=2] building features...
    feats=9.83s  linear=0.6556  tree=0.6037
[stl     b=100    d=1 seed=3] building features...
    feats=13.98s  linear=0.6193  tree=0.6185
[stl     b=100    d=1 seed=4] building features...
    feats=10.65s  linear=0.6273  tree=0.6024
[stl     b=100    d=1 seed=5] building features...
    feats=6.68s  linear=0.6239  tree=0.6078
[stl     b=100    d=1 seed=6] building features...
    feats=11.70s  linear=0.6280  tree=0.6064
[stl     b=100    d=1 seed=7] building features...
    feats=8.19s  linear=0.6738  tree=0.6989
[stl     b=100    d=1 seed=8] building features...
    feats=11.77s  linear=0.6475  tree=0.6118
[stl     b=100    d=1 seed=9] building features...
    feats=9.37s  linear=0.6617  tree=0.6604

Feature builds: 10 (full sweep would be 10; fewer if any STL configuration hit its time budget)

Done. Results saved to: /share/ai-lab/adsiega/STLRocket/results/Heartbeat_20260915_175147_d1c7ce6c
