Task 160: dataset=StandWalkJump n_formulas=10 depth_max=2 until_weight=1
Output directory: /share/ai-lab/adsiega/STLRocket/results/StandWalkJump_20260915_182404_a4e70a89
Dataset: StandWalkJump  budgets: [10]  depths: [2]  n_run: 10  cv: 5  config_budget: 28800.0s

Loading dataset...
  train: (12, 4, 2500)  test: (15, 4, 2500)
[stl     b=10     d=2 seed=0] building features...
    feats=3.49s  linear=0.3333  tree=0.1333
[stl     b=10     d=2 seed=1] building features...
    feats=7.09s  linear=0.3333  tree=0.2667
[stl     b=10     d=2 seed=2] building features...
    feats=0.42s  linear=0.3333  tree=0.2667
[stl     b=10     d=2 seed=3] building features...
    feats=2.57s  linear=0.2000  tree=0.2667
[stl     b=10     d=2 seed=4] building features...
    feats=6.35s  linear=0.1333  tree=0.2667
[stl     b=10     d=2 seed=5] building features...
    feats=0.76s  linear=0.3333  tree=0.2667
[stl     b=10     d=2 seed=6] building features...
    feats=0.80s  linear=0.2667  tree=0.3333
[stl     b=10     d=2 seed=7] building features...
    feats=0.69s  linear=0.3333  tree=0.3333
[stl     b=10     d=2 seed=8] building features...
    feats=5.67s  linear=0.3333  tree=0.4000
[stl     b=10     d=2 seed=9] building features...
    feats=4.97s  linear=0.0667  tree=0.4667

Feature builds: 10 (full sweep would be 10; fewer if any STL configuration hit its time budget)

Done. Results saved to: /share/ai-lab/adsiega/STLRocket/results/StandWalkJump_20260915_182404_a4e70a89
