Task 86: dataset=Heartbeat n_formulas=10 depth_max=3 until_weight=0
Output directory: /share/ai-lab/adsiega/STLRocket/results/Heartbeat_20260915_174257_428384fc
Dataset: Heartbeat  budgets: [10]  depths: [3]  n_run: 10  cv: 5  config_budget: 28800.0s

Loading dataset...
  train: (204, 61, 405)  test: (205, 61, 405)
[stl     b=10     d=3 seed=0] building features...
    feats=0.04s  linear=0.5801  tree=0.5456
[stl     b=10     d=3 seed=1] building features...
    feats=0.02s  linear=0.6144  tree=0.5720
[stl     b=10     d=3 seed=2] building features...
    feats=0.02s  linear=0.6374  tree=0.5666
[stl     b=10     d=3 seed=3] building features...
    feats=0.02s  linear=0.5737  tree=0.5611
[stl     b=10     d=3 seed=4] building features...
    feats=0.02s  linear=0.6123  tree=0.6078
[stl     b=10     d=3 seed=5] building features...
    feats=0.02s  linear=0.5788  tree=0.5172
[stl     b=10     d=3 seed=6] building features...
    feats=0.02s  linear=0.7029  tree=0.5914
[stl     b=10     d=3 seed=7] building features...
    feats=0.02s  linear=0.5618  tree=0.5598
[stl     b=10     d=3 seed=8] building features...
    feats=0.02s  linear=0.5690  tree=0.5315
[stl     b=10     d=3 seed=9] building features...
    feats=0.02s  linear=0.6341  tree=0.6326

Feature builds: 10 (full sweep would be 10; fewer if any STL configuration hit its time budget)

Done. Results saved to: /share/ai-lab/adsiega/STLRocket/results/Heartbeat_20260915_174257_428384fc
