Task 150: dataset=StandWalkJump n_formulas=10000 depth_max=1 until_weight=1
Output directory: /share/ai-lab/adsiega/STLRocket/results/StandWalkJump_20260915_175553_95d12439
Dataset: StandWalkJump  budgets: [10000]  depths: [1]  n_run: 10  cv: 5  config_budget: 28800.0s

Loading dataset...
  train: (12, 4, 2500)  test: (15, 4, 2500)
[stl     b=10000  d=1 seed=0] building features...
    feats=3112.03s  linear=0.2667  tree=0.3333
[stl     b=10000  d=1 seed=1] building features...
    feats=3129.43s  linear=0.2667  tree=0.3333
[stl     b=10000  d=1 seed=2] building features...
    feats=2880.83s  linear=0.2000  tree=0.5333
[stl     b=10000  d=1 seed=3] building features...
    feats=2906.00s  linear=0.3333  tree=0.5333
[stl     b=10000  d=1 seed=4] building features...
    feats=3009.69s  linear=0.3333  tree=0.2667
[stl     b=10000  d=1 seed=5] building features...
    feats=2928.84s  linear=0.3333  tree=0.2667
[stl     b=10000  d=1 seed=6] building features...
    feats=3065.03s  linear=0.2667  tree=0.2667
[stl     b=10000  d=1 seed=7] building features...
    feats=3091.91s  linear=0.1333  tree=0.5333
[stl     b=10000  d=1 seed=8] building features...
    feats=2987.70s  linear=0.3333  tree=0.4667
[stl     b=10000  d=1 seed=9] building features...
    feats=2669.90s  linear=0.3333  tree=0.5333

Feature builds: 10 (full sweep would be 10; fewer if any STL configuration hit its time budget)

Done. Results saved to: /share/ai-lab/adsiega/STLRocket/results/StandWalkJump_20260915_175553_95d12439
