Task 45: dataset=HandMovementDirection n_formulas=10 depth_max=2 until_weight=0
Output directory: /share/ai-lab/adsiega/STLRocket/results/HandMovementDirection_20260915_173547_77181700
Dataset: HandMovementDirection  budgets: [10]  depths: [2]  n_run: 10  cv: 5  config_budget: 28800.0s

Loading dataset...
  train: (160, 10, 400)  test: (74, 10, 400)
[stl     b=10     d=2 seed=0] building features...
    feats=0.03s  linear=0.3405  tree=0.2012
[stl     b=10     d=2 seed=1] building features...
    feats=0.01s  linear=0.2500  tree=0.3262
[stl     b=10     d=2 seed=2] building features...
    feats=0.01s  linear=0.2762  tree=0.2583
[stl     b=10     d=2 seed=3] building features...
    feats=0.01s  linear=0.2500  tree=0.2190
[stl     b=10     d=2 seed=4] building features...
    feats=0.01s  linear=0.2500  tree=0.2226
[stl     b=10     d=2 seed=5] building features...
    feats=0.01s  linear=0.2500  tree=0.3190
[stl     b=10     d=2 seed=6] building features...
    feats=0.01s  linear=0.2500  tree=0.2690
[stl     b=10     d=2 seed=7] building features...
    feats=0.01s  linear=0.2976  tree=0.1702
[stl     b=10     d=2 seed=8] building features...
    feats=0.01s  linear=0.3643  tree=0.2369
[stl     b=10     d=2 seed=9] building features...
    feats=0.01s  linear=0.2274  tree=0.2250

Feature builds: 10 (full sweep would be 10; fewer if any STL configuration hit its time budget)

Done. Results saved to: /share/ai-lab/adsiega/STLRocket/results/HandMovementDirection_20260915_173547_77181700
