Task 77: dataset=UWaveGestureLibrary n_formulas=10000 depth_max=2 until_weight=0
Output directory: /share/ai-lab/adsiega/STLRocket/results/UWaveGestureLibrary_20260915_174119_aa855c99
Dataset: UWaveGestureLibrary  budgets: [10000]  depths: [2]  n_run: 10  cv: 5  config_budget: 28800.0s

Loading dataset...
  train: (120, 3, 315)  test: (320, 3, 315)
[stl     b=10000  d=2 seed=0] building features...
    feats=9.72s  linear=0.8500  tree=0.6406
[stl     b=10000  d=2 seed=1] building features...
    feats=8.82s  linear=0.8406  tree=0.6844
[stl     b=10000  d=2 seed=2] building features...
    feats=8.00s  linear=0.8594  tree=0.6250
[stl     b=10000  d=2 seed=3] building features...
    feats=7.88s  linear=0.8844  tree=0.7125
[stl     b=10000  d=2 seed=4] building features...
    feats=7.95s  linear=0.8062  tree=0.6469
[stl     b=10000  d=2 seed=5] building features...
    feats=8.00s  linear=0.8563  tree=0.7469
[stl     b=10000  d=2 seed=6] building features...
    feats=8.00s  linear=0.8438  tree=0.6625
[stl     b=10000  d=2 seed=7] building features...
    feats=7.87s  linear=0.8469  tree=0.7219
[stl     b=10000  d=2 seed=8] building features...
    feats=7.86s  linear=0.8844  tree=0.6438
[stl     b=10000  d=2 seed=9] building features...
    feats=8.06s  linear=0.8687  tree=0.6562

Feature builds: 10 (full sweep would be 10; fewer if any STL configuration hit its time budget)

Done. Results saved to: /share/ai-lab/adsiega/STLRocket/results/UWaveGestureLibrary_20260915_174119_aa855c99
