Task 94: dataset=RacketSports n_formulas=100 depth_max=3 until_weight=0
Output directory: /share/ai-lab/adsiega/STLRocket/results/RacketSports_20260915_174401_b69f88fe
Dataset: RacketSports  budgets: [100]  depths: [3]  n_run: 10  cv: 5  config_budget: 28800.0s

Loading dataset...
  train: (151, 6, 30)  test: (152, 6, 30)
[stl     b=100    d=3 seed=0] building features...
    feats=0.63s  linear=0.7683  tree=0.6849
[stl     b=100    d=3 seed=1] building features...
    feats=0.05s  linear=0.7793  tree=0.6079
[stl     b=100    d=3 seed=2] building features...
    feats=0.07s  linear=0.7147  tree=0.6386
[stl     b=100    d=3 seed=3] building features...
    feats=0.06s  linear=0.7836  tree=0.7192
[stl     b=100    d=3 seed=4] building features...
    feats=0.05s  linear=0.7459  tree=0.6691
[stl     b=100    d=3 seed=5] building features...
    feats=0.09s  linear=0.7746  tree=0.7273
[stl     b=100    d=3 seed=6] building features...
    feats=0.05s  linear=0.7985  tree=0.7224
[stl     b=100    d=3 seed=7] building features...
    feats=0.06s  linear=0.7701  tree=0.6473
[stl     b=100    d=3 seed=8] building features...
    feats=0.21s  linear=0.7772  tree=0.6703
[stl     b=100    d=3 seed=9] building features...
    feats=0.27s  linear=0.7722  tree=0.7553

Feature builds: 10 (full sweep would be 10; fewer if any STL configuration hit its time budget)

Done. Results saved to: /share/ai-lab/adsiega/STLRocket/results/RacketSports_20260915_174401_b69f88fe
