Task 68: dataset=Epilepsy n_formulas=1000 depth_max=2 until_weight=0
Output directory: /share/ai-lab/adsiega/STLRocket/results/Epilepsy_20260915_173938_527d5f94
Dataset: Epilepsy  budgets: [1000]  depths: [2]  n_run: 10  cv: 5  config_budget: 28800.0s

Loading dataset...
  train: (137, 3, 206)  test: (138, 3, 206)
[stl     b=1000   d=2 seed=0] building features...
    feats=0.62s  linear=0.9295  tree=0.8522
[stl     b=1000   d=2 seed=1] building features...
    feats=0.61s  linear=0.9295  tree=0.7614
[stl     b=1000   d=2 seed=2] building features...
    feats=0.57s  linear=0.9509  tree=0.8401
[stl     b=1000   d=2 seed=3] building features...
    feats=0.63s  linear=0.9497  tree=0.9066
[stl     b=1000   d=2 seed=4] building features...
    feats=0.58s  linear=0.9448  tree=0.8650
[stl     b=1000   d=2 seed=5] building features...
    feats=0.56s  linear=0.9583  tree=0.7839
[stl     b=1000   d=2 seed=6] building features...
    feats=0.54s  linear=0.9791  tree=0.8295
[stl     b=1000   d=2 seed=7] building features...
    feats=0.57s  linear=0.9430  tree=0.7678
[stl     b=1000   d=2 seed=8] building features...
    feats=0.55s  linear=0.9577  tree=0.7780
[stl     b=1000   d=2 seed=9] building features...
    feats=0.55s  linear=0.9718  tree=0.8490

Feature builds: 10 (full sweep would be 10; fewer if any STL configuration hit its time budget)

Done. Results saved to: /share/ai-lab/adsiega/STLRocket/results/Epilepsy_20260915_173938_527d5f94
