Task 171: dataset=ERing n_formulas=100 depth_max=2 until_weight=1
Output directory: /share/ai-lab/adsiega/STLRocket/results/ERing_20260915_183752_81a8b062
Dataset: ERing  budgets: [100]  depths: [2]  n_run: 10  cv: 5  config_budget: 28800.0s

Loading dataset...
  train: (30, 4, 65)  test: (270, 4, 65)
[stl     b=100    d=2 seed=0] building features...
    feats=0.50s  linear=0.8778  tree=0.6926
[stl     b=100    d=2 seed=1] building features...
    feats=0.41s  linear=0.8222  tree=0.7000
[stl     b=100    d=2 seed=2] building features...
    feats=0.56s  linear=0.8741  tree=0.7148
[stl     b=100    d=2 seed=3] building features...
    feats=0.52s  linear=0.8815  tree=0.7333
[stl     b=100    d=2 seed=4] building features...
    feats=0.45s  linear=0.8704  tree=0.6481
[stl     b=100    d=2 seed=5] building features...
    feats=0.54s  linear=0.8593  tree=0.6630
[stl     b=100    d=2 seed=6] building features...
    feats=0.48s  linear=0.9296  tree=0.7296
[stl     b=100    d=2 seed=7] building features...
    feats=0.46s  linear=0.8593  tree=0.7889
[stl     b=100    d=2 seed=8] building features...
    feats=0.52s  linear=0.9000  tree=0.7704
[stl     b=100    d=2 seed=9] building features...
    feats=0.61s  linear=0.6667  tree=0.7074

Feature builds: 10 (full sweep would be 10; fewer if any STL configuration hit its time budget)

Done. Results saved to: /share/ai-lab/adsiega/STLRocket/results/ERing_20260915_183752_81a8b062
