Task 157: dataset=UWaveGestureLibrary n_formulas=10000 depth_max=1 until_weight=1
Output directory: /share/ai-lab/adsiega/STLRocket/results/UWaveGestureLibrary_20260915_180704_dcc4fca9
Dataset: UWaveGestureLibrary  budgets: [10000]  depths: [1]  n_run: 10  cv: 5  config_budget: 28800.0s

Loading dataset...
  train: (120, 3, 315)  test: (320, 3, 315)
[stl     b=10000  d=1 seed=0] building features...
    feats=748.12s  linear=0.8781  tree=0.6781
[stl     b=10000  d=1 seed=1] building features...
    feats=559.42s  linear=0.8906  tree=0.6313
[stl     b=10000  d=1 seed=2] building features...
    feats=555.52s  linear=0.8375  tree=0.6813
[stl     b=10000  d=1 seed=3] building features...
    feats=591.60s  linear=0.8656  tree=0.6500
[stl     b=10000  d=1 seed=4] building features...
    feats=575.86s  linear=0.8656  tree=0.6656
[stl     b=10000  d=1 seed=5] building features...
    feats=640.37s  linear=0.8687  tree=0.6906
[stl     b=10000  d=1 seed=6] building features...
    feats=606.91s  linear=0.8688  tree=0.6906
[stl     b=10000  d=1 seed=7] building features...
    feats=551.38s  linear=0.8719  tree=0.7156
[stl     b=10000  d=1 seed=8] building features...
    feats=638.82s  linear=0.8594  tree=0.6625
[stl     b=10000  d=1 seed=9] building features...
    feats=533.81s  linear=0.8594  tree=0.6531

Feature builds: 10 (full sweep would be 10; fewer if any STL configuration hit its time budget)

Done. Results saved to: /share/ai-lab/adsiega/STLRocket/results/UWaveGestureLibrary_20260915_180704_dcc4fca9
