Task 174: dataset=RacketSports n_formulas=100 depth_max=2 until_weight=1
Output directory: /share/ai-lab/adsiega/STLRocket/results/RacketSports_20260915_183950_91cf0a36
Dataset: RacketSports  budgets: [100]  depths: [2]  n_run: 10  cv: 5  config_budget: 28800.0s

Loading dataset...
  train: (151, 6, 30)  test: (152, 6, 30)
[stl     b=100    d=2 seed=0] building features...
    feats=0.16s  linear=0.7683  tree=0.6921
[stl     b=100    d=2 seed=1] building features...
    feats=0.21s  linear=0.7798  tree=0.6500
[stl     b=100    d=2 seed=2] building features...
    feats=0.18s  linear=0.8251  tree=0.6329
[stl     b=100    d=2 seed=3] building features...
    feats=0.27s  linear=0.7641  tree=0.5915
[stl     b=100    d=2 seed=4] building features...
    feats=0.16s  linear=0.7221  tree=0.6911
[stl     b=100    d=2 seed=5] building features...
    feats=0.25s  linear=0.7628  tree=0.6693
[stl     b=100    d=2 seed=6] building features...
    feats=0.18s  linear=0.7927  tree=0.6798
[stl     b=100    d=2 seed=7] building features...
    feats=0.14s  linear=0.7621  tree=0.7199
[stl     b=100    d=2 seed=8] building features...
    feats=0.15s  linear=0.8134  tree=0.7366
[stl     b=100    d=2 seed=9] building features...
    feats=0.22s  linear=0.8065  tree=0.7386

Feature builds: 10 (full sweep would be 10; fewer if any STL configuration hit its time budget)

Done. Results saved to: /share/ai-lab/adsiega/STLRocket/results/RacketSports_20260915_183950_91cf0a36
