Task 222: dataset=BasicMotions n_formulas=1000 depth_max=3 until_weight=1
Output directory: /share/ai-lab/adsiega/STLRocket/results/BasicMotions_20260915_212913_1a384749
Dataset: BasicMotions  budgets: [1000]  depths: [3]  n_run: 10  cv: 5  config_budget: 28800.0s

Loading dataset...
  train: (40, 6, 100)  test: (40, 6, 100)
[stl     b=1000   d=3 seed=0] building features...
    feats=6.04s  linear=0.9500  tree=0.8750
[stl     b=1000   d=3 seed=1] building features...
    feats=5.38s  linear=0.9250  tree=1.0000
[stl     b=1000   d=3 seed=2] building features...
    feats=5.29s  linear=1.0000  tree=0.9500
[stl     b=1000   d=3 seed=3] building features...
    feats=5.69s  linear=1.0000  tree=0.8000
[stl     b=1000   d=3 seed=4] building features...
    feats=5.92s  linear=0.9500  tree=0.9500
[stl     b=1000   d=3 seed=5] building features...
    feats=5.67s  linear=0.9750  tree=0.9000
[stl     b=1000   d=3 seed=6] building features...
    feats=5.35s  linear=0.9750  tree=0.8750
[stl     b=1000   d=3 seed=7] building features...
    feats=5.84s  linear=1.0000  tree=0.9750
[stl     b=1000   d=3 seed=8] building features...
    feats=5.85s  linear=0.9250  tree=0.9000
[stl     b=1000   d=3 seed=9] building features...
    feats=6.02s  linear=0.9750  tree=0.9250

Feature builds: 10 (full sweep would be 10; fewer if any STL configuration hit its time budget)

Done. Results saved to: /share/ai-lab/adsiega/STLRocket/results/BasicMotions_20260915_212913_1a384749
