Task 87: dataset=UWaveGestureLibrary n_formulas=10 depth_max=3 until_weight=0
Output directory: /share/ai-lab/adsiega/STLRocket/results/UWaveGestureLibrary_20260915_174310_2eadfd16
Dataset: UWaveGestureLibrary  budgets: [10]  depths: [3]  n_run: 10  cv: 5  config_budget: 28800.0s

Loading dataset...
  train: (120, 3, 315)  test: (320, 3, 315)
[stl     b=10     d=3 seed=0] building features...
    feats=0.03s  linear=0.6562  tree=0.5031
[stl     b=10     d=3 seed=1] building features...
    feats=0.01s  linear=0.5563  tree=0.5062
[stl     b=10     d=3 seed=2] building features...
    feats=0.01s  linear=0.4781  tree=0.3875
[stl     b=10     d=3 seed=3] building features...
    feats=0.01s  linear=0.5844  tree=0.4625
[stl     b=10     d=3 seed=4] building features...
    feats=0.01s  linear=0.6219  tree=0.4531
[stl     b=10     d=3 seed=5] building features...
    feats=0.01s  linear=0.6094  tree=0.5250
[stl     b=10     d=3 seed=6] building features...
    feats=0.01s  linear=0.6344  tree=0.5094
[stl     b=10     d=3 seed=7] building features...
    feats=0.01s  linear=0.5938  tree=0.4688
[stl     b=10     d=3 seed=8] building features...
    feats=0.01s  linear=0.5906  tree=0.4813
[stl     b=10     d=3 seed=9] building features...
    feats=0.01s  linear=0.5781  tree=0.5406

Feature builds: 10 (full sweep would be 10; fewer if any STL configuration hit its time budget)

Done. Results saved to: /share/ai-lab/adsiega/STLRocket/results/UWaveGestureLibrary_20260915_174310_2eadfd16
