Task 65: dataset=HandMovementDirection n_formulas=1000 depth_max=2 until_weight=0
Output directory: /share/ai-lab/adsiega/STLRocket/results/HandMovementDirection_20260915_173852_b7661c82
Dataset: HandMovementDirection  budgets: [1000]  depths: [2]  n_run: 10  cv: 5  config_budget: 28800.0s

Loading dataset...
  train: (160, 10, 400)  test: (74, 10, 400)
[stl     b=1000   d=2 seed=0] building features...
    feats=0.73s  linear=0.4952  tree=0.3333
[stl     b=1000   d=2 seed=1] building features...
    feats=0.72s  linear=0.3345  tree=0.2667
[stl     b=1000   d=2 seed=2] building features...
    feats=0.67s  linear=0.3548  tree=0.3690
[stl     b=1000   d=2 seed=3] building features...
    feats=0.69s  linear=0.4440  tree=0.3488
[stl     b=1000   d=2 seed=4] building features...
    feats=0.66s  linear=0.3964  tree=0.2893
[stl     b=1000   d=2 seed=5] building features...
    feats=0.63s  linear=0.4607  tree=0.1274
[stl     b=1000   d=2 seed=6] building features...
    feats=0.69s  linear=0.4524  tree=0.2929
[stl     b=1000   d=2 seed=7] building features...
    feats=0.64s  linear=0.3250  tree=0.3250
[stl     b=1000   d=2 seed=8] building features...
    feats=0.65s  linear=0.3083  tree=0.2107
[stl     b=1000   d=2 seed=9] building features...
    feats=0.81s  linear=0.4310  tree=0.3190

Feature builds: 10 (full sweep would be 10; fewer if any STL configuration hit its time budget)

Done. Results saved to: /share/ai-lab/adsiega/STLRocket/results/HandMovementDirection_20260915_173852_b7661c82
