Task 238: dataset=Epilepsy n_formulas=10000 depth_max=3 until_weight=1
Output directory: /share/ai-lab/adsiega/STLRocket/results/Epilepsy_20260915_235852_7560b5d0
Dataset: Epilepsy  budgets: [10000]  depths: [3]  n_run: 10  cv: 5  config_budget: 28800.0s

Loading dataset...
  train: (137, 3, 206)  test: (138, 3, 206)
[stl     b=10000  d=3 seed=0] building features...
    feats=278.81s  linear=0.9577  tree=0.8830
[stl     b=10000  d=3 seed=1] building features...
    feats=262.39s  linear=0.9589  tree=0.8536
[stl     b=10000  d=3 seed=2] building features...
    feats=257.49s  linear=0.9791  tree=0.9182
[stl     b=10000  d=3 seed=3] building features...
    feats=261.73s  linear=0.9644  tree=0.7590
[stl     b=10000  d=3 seed=4] building features...
    feats=265.21s  linear=0.9589  tree=0.8997
[stl     b=10000  d=3 seed=5] building features...
    feats=260.39s  linear=0.9239  tree=0.8708
[stl     b=10000  d=3 seed=6] building features...
    feats=260.33s  linear=0.9503  tree=0.7813
[stl     b=10000  d=3 seed=7] building features...
    feats=258.98s  linear=0.9300  tree=0.8540
[stl     b=10000  d=3 seed=8] building features...
    feats=263.89s  linear=0.9724  tree=0.8226
[stl     b=10000  d=3 seed=9] building features...
    feats=262.04s  linear=0.9650  tree=0.8611

Feature builds: 10 (full sweep would be 10; fewer if any STL configuration hit its time budget)

Done. Results saved to: /share/ai-lab/adsiega/STLRocket/results/Epilepsy_20260915_235852_7560b5d0
