Task 179: dataset=Cricket n_formulas=100 depth_max=2 until_weight=1
Output directory: /share/ai-lab/adsiega/STLRocket/results/Cricket_20260915_184417_bb7f029c
Dataset: Cricket  budgets: [100]  depths: [2]  n_run: 10  cv: 5  config_budget: 28800.0s

Loading dataset...
  train: (108, 6, 1197)  test: (72, 6, 1197)
[stl     b=100    d=2 seed=0] building features...
    feats=45.79s  linear=0.9583  tree=0.8889
[stl     b=100    d=2 seed=1] building features...
    feats=61.37s  linear=0.8889  tree=0.8056
[stl     b=100    d=2 seed=2] building features...
    feats=46.49s  linear=0.9306  tree=0.8472
[stl     b=100    d=2 seed=3] building features...
    feats=52.69s  linear=0.9028  tree=0.8611
[stl     b=100    d=2 seed=4] building features...
    feats=35.70s  linear=0.8750  tree=0.8472
[stl     b=100    d=2 seed=5] building features...
    feats=50.38s  linear=0.9028  tree=0.7778
[stl     b=100    d=2 seed=6] building features...
    feats=37.57s  linear=0.9306  tree=0.7917
[stl     b=100    d=2 seed=7] building features...
    feats=34.01s  linear=0.8750  tree=0.8889
[stl     b=100    d=2 seed=8] building features...
    feats=42.47s  linear=0.9167  tree=0.8611
[stl     b=100    d=2 seed=9] building features...
    feats=72.63s  linear=0.8750  tree=0.8750

Feature builds: 10 (full sweep would be 10; fewer if any STL configuration hit its time budget)

Done. Results saved to: /share/ai-lab/adsiega/STLRocket/results/Cricket_20260915_184417_bb7f029c
