Task 235: dataset=HandMovementDirection n_formulas=10000 depth_max=3 until_weight=1
Output directory: /share/ai-lab/adsiega/STLRocket/results/HandMovementDirection_20260915_224846_81815f1e
Dataset: HandMovementDirection  budgets: [10000]  depths: [3]  n_run: 10  cv: 5  config_budget: 28800.0s

Loading dataset...
  train: (160, 10, 400)  test: (74, 10, 400)
[stl     b=10000  d=3 seed=0] building features...
    feats=902.31s  linear=0.5512  tree=0.4083
[stl     b=10000  d=3 seed=1] building features...
    feats=911.28s  linear=0.4976  tree=0.2107
[stl     b=10000  d=3 seed=2] building features...
    feats=954.10s  linear=0.4833  tree=0.3369
[stl     b=10000  d=3 seed=3] building features...
    feats=897.59s  linear=0.4560  tree=0.2917
[stl     b=10000  d=3 seed=4] building features...
    feats=941.03s  linear=0.4548  tree=0.2702
[stl     b=10000  d=3 seed=5] building features...
    feats=937.92s  linear=0.4643  tree=0.2726
[stl     b=10000  d=3 seed=6] building features...
    feats=948.87s  linear=0.4988  tree=0.2702
[stl     b=10000  d=3 seed=7] building features...
    feats=881.34s  linear=0.5155  tree=0.3786
[stl     b=10000  d=3 seed=8] building features...
    feats=930.91s  linear=0.2500  tree=0.2500
[stl     b=10000  d=3 seed=9] building features...
    feats=937.50s  linear=0.5405  tree=0.3405

Feature builds: 10 (full sweep would be 10; fewer if any STL configuration hit its time budget)

Done. Results saved to: /share/ai-lab/adsiega/STLRocket/results/HandMovementDirection_20260915_224846_81815f1e
