Task 192: dataset=BasicMotions n_formulas=10000 depth_max=2 until_weight=1
Output directory: /share/ai-lab/adsiega/STLRocket/results/BasicMotions_20260915_193324_e4ab7ef9
Dataset: BasicMotions  budgets: [10000]  depths: [2]  n_run: 10  cv: 5  config_budget: 28800.0s

Loading dataset...
  train: (40, 6, 100)  test: (40, 6, 100)
[stl     b=10000  d=2 seed=0] building features...
    feats=41.95s  linear=0.9750  tree=0.9000
[stl     b=10000  d=2 seed=1] building features...
    feats=40.59s  linear=0.9750  tree=1.0000
[stl     b=10000  d=2 seed=2] building features...
    feats=40.86s  linear=0.9750  tree=0.8750
[stl     b=10000  d=2 seed=3] building features...
    feats=41.42s  linear=0.9000  tree=0.8750
[stl     b=10000  d=2 seed=4] building features...
    feats=40.17s  linear=0.8500  tree=0.9750
[stl     b=10000  d=2 seed=5] building features...
    feats=40.97s  linear=0.9250  tree=0.9250
[stl     b=10000  d=2 seed=6] building features...
    feats=40.45s  linear=0.9750  tree=0.9250
[stl     b=10000  d=2 seed=7] building features...
    feats=40.91s  linear=1.0000  tree=0.8500
[stl     b=10000  d=2 seed=8] building features...
    feats=40.10s  linear=0.9500  tree=0.9250
[stl     b=10000  d=2 seed=9] building features...
    feats=40.68s  linear=1.0000  tree=0.9750

Feature builds: 10 (full sweep would be 10; fewer if any STL configuration hit its time budget)

Done. Results saved to: /share/ai-lab/adsiega/STLRocket/results/BasicMotions_20260915_193324_e4ab7ef9
