Task 117: dataset=UWaveGestureLibrary n_formulas=10000 depth_max=3 until_weight=0
Output directory: /share/ai-lab/adsiega/STLRocket/results/UWaveGestureLibrary_20260915_174731_bcff8f99
Dataset: UWaveGestureLibrary  budgets: [10000]  depths: [3]  n_run: 10  cv: 5  config_budget: 28800.0s

Loading dataset...
  train: (120, 3, 315)  test: (320, 3, 315)
[stl     b=10000  d=3 seed=0] building features...
    feats=10.13s  linear=0.8500  tree=0.6656
[stl     b=10000  d=3 seed=1] building features...
    feats=10.02s  linear=0.8625  tree=0.6719
[stl     b=10000  d=3 seed=2] building features...
    feats=9.91s  linear=0.8719  tree=0.7219
[stl     b=10000  d=3 seed=3] building features...
    feats=9.17s  linear=0.8594  tree=0.7281
[stl     b=10000  d=3 seed=4] building features...
    feats=9.41s  linear=0.8500  tree=0.6812
[stl     b=10000  d=3 seed=5] building features...
    feats=9.13s  linear=0.8719  tree=0.7000
[stl     b=10000  d=3 seed=6] building features...
    feats=9.87s  linear=0.8375  tree=0.6625
[stl     b=10000  d=3 seed=7] building features...
    feats=9.34s  linear=0.8344  tree=0.6188
[stl     b=10000  d=3 seed=8] building features...
    feats=9.36s  linear=0.8562  tree=0.6906
[stl     b=10000  d=3 seed=9] building features...
    feats=9.66s  linear=0.8625  tree=0.6531

Feature builds: 10 (full sweep would be 10; fewer if any STL configuration hit its time budget)

Done. Results saved to: /share/ai-lab/adsiega/STLRocket/results/UWaveGestureLibrary_20260915_174731_bcff8f99
