Task 185: dataset=HandMovementDirection n_formulas=1000 depth_max=2 until_weight=1
Output directory: /share/ai-lab/adsiega/STLRocket/results/HandMovementDirection_20260915_185243_e601d4a9
Dataset: HandMovementDirection  budgets: [1000]  depths: [2]  n_run: 10  cv: 5  config_budget: 28800.0s

Loading dataset...
  train: (160, 10, 400)  test: (74, 10, 400)
[stl     b=1000   d=2 seed=0] building features...
    feats=75.79s  linear=0.4702  tree=0.3131
[stl     b=1000   d=2 seed=1] building features...
    feats=85.81s  linear=0.4583  tree=0.3429
[stl     b=1000   d=2 seed=2] building features...
    feats=75.42s  linear=0.2500  tree=0.2298
[stl     b=1000   d=2 seed=3] building features...
    feats=85.73s  linear=0.3690  tree=0.3821
[stl     b=1000   d=2 seed=4] building features...
    feats=86.54s  linear=0.3988  tree=0.2548
[stl     b=1000   d=2 seed=5] building features...
    feats=77.11s  linear=0.4214  tree=0.2643
[stl     b=1000   d=2 seed=6] building features...
    feats=84.15s  linear=0.3226  tree=0.3226
[stl     b=1000   d=2 seed=7] building features...
    feats=76.18s  linear=0.4405  tree=0.2548
[stl     b=1000   d=2 seed=8] building features...
    feats=76.12s  linear=0.2500  tree=0.2929
[stl     b=1000   d=2 seed=9] building features...
    feats=89.73s  linear=0.4405  tree=0.2286

Feature builds: 10 (full sweep would be 10; fewer if any STL configuration hit its time budget)

Done. Results saved to: /share/ai-lab/adsiega/STLRocket/results/HandMovementDirection_20260915_185243_e601d4a9
