Task 158: dataset=Epilepsy n_formulas=10000 depth_max=1 until_weight=1
Output directory: /share/ai-lab/adsiega/STLRocket/results/Epilepsy_20260915_181117_bdcb2e6b
Dataset: Epilepsy  budgets: [10000]  depths: [1]  n_run: 10  cv: 5  config_budget: 28800.0s

Loading dataset...
  train: (137, 3, 206)  test: (138, 3, 206)
[stl     b=10000  d=1 seed=0] building features...
    feats=196.95s  linear=0.9644  tree=0.8023
[stl     b=10000  d=1 seed=1] building features...
    feats=177.65s  linear=0.9644  tree=0.7626
[stl     b=10000  d=1 seed=2] building features...
    feats=168.78s  linear=0.9420  tree=0.7269
[stl     b=10000  d=1 seed=3] building features...
    feats=175.33s  linear=0.9503  tree=0.7970
[stl     b=10000  d=1 seed=4] building features...
    feats=173.37s  linear=0.9583  tree=0.7787
[stl     b=10000  d=1 seed=5] building features...
    feats=165.57s  linear=0.9509  tree=0.7680
[stl     b=10000  d=1 seed=6] building features...
    feats=182.03s  linear=0.9577  tree=0.7757
[stl     b=10000  d=1 seed=7] building features...
    feats=174.22s  linear=0.9362  tree=0.7801
[stl     b=10000  d=1 seed=8] building features...
    feats=166.22s  linear=0.9577  tree=0.7589
[stl     b=10000  d=1 seed=9] building features...
    feats=164.40s  linear=0.9436  tree=0.6919

Feature builds: 10 (full sweep would be 10; fewer if any STL configuration hit its time budget)

Done. Results saved to: /share/ai-lab/adsiega/STLRocket/results/Epilepsy_20260915_181117_bdcb2e6b
