Task 203: dataset=DuckDuckGeese n_formulas=10 depth_max=3 until_weight=1
Output directory: /share/ai-lab/adsiega/STLRocket/results/DuckDuckGeese_20260915_204833_5ac3fd20
Dataset: DuckDuckGeese  budgets: [10]  depths: [3]  n_run: 10  cv: 5  config_budget: 28800.0s

Loading dataset...
  train: (50, 1345, 270)  test: (50, 1345, 270)
[stl     b=10     d=3 seed=0] building features...
    feats=0.47s  linear=0.2400  tree=0.1800
[stl     b=10     d=3 seed=1] building features...
    feats=0.40s  linear=0.1800  tree=0.2000
[stl     b=10     d=3 seed=2] building features...
    feats=0.26s  linear=0.3200  tree=0.2600
[stl     b=10     d=3 seed=3] building features...
    feats=0.68s  linear=0.3400  tree=0.2600
[stl     b=10     d=3 seed=4] building features...
    feats=0.28s  linear=0.4800  tree=0.3600
[stl     b=10     d=3 seed=5] building features...
    feats=0.18s  linear=0.2800  tree=0.3000
[stl     b=10     d=3 seed=6] building features...
    feats=0.39s  linear=0.3400  tree=0.3800
[stl     b=10     d=3 seed=7] building features...
    feats=0.32s  linear=0.3600  tree=0.3200
[stl     b=10     d=3 seed=8] building features...
    feats=0.52s  linear=0.3400  tree=0.3000
[stl     b=10     d=3 seed=9] building features...
    feats=0.08s  linear=0.2600  tree=0.2400

Feature builds: 10 (full sweep would be 10; fewer if any STL configuration hit its time budget)

Done. Results saved to: /share/ai-lab/adsiega/STLRocket/results/DuckDuckGeese_20260915_204833_5ac3fd20
