Task 212: dataset=BasicMotions n_formulas=100 depth_max=3 until_weight=1
Output directory: /share/ai-lab/adsiega/STLRocket/results/BasicMotions_20260915_210326_9108b8d5
Dataset: BasicMotions  budgets: [100]  depths: [3]  n_run: 10  cv: 5  config_budget: 28800.0s

Loading dataset...
  train: (40, 6, 100)  test: (40, 6, 100)
[stl     b=100    d=3 seed=0] building features...
    feats=0.68s  linear=0.9500  tree=0.8500
[stl     b=100    d=3 seed=1] building features...
    feats=0.56s  linear=0.8750  tree=0.8750
[stl     b=100    d=3 seed=2] building features...
    feats=0.58s  linear=0.8500  tree=0.9250
[stl     b=100    d=3 seed=3] building features...
    feats=0.63s  linear=0.9750  tree=0.9500
[stl     b=100    d=3 seed=4] building features...
    feats=0.50s  linear=0.9750  tree=1.0000
[stl     b=100    d=3 seed=5] building features...
    feats=0.43s  linear=0.9000  tree=0.8250
[stl     b=100    d=3 seed=6] building features...
    feats=0.72s  linear=0.9000  tree=0.9750
[stl     b=100    d=3 seed=7] building features...
    feats=0.64s  linear=0.9000  tree=0.9500
[stl     b=100    d=3 seed=8] building features...
    feats=0.53s  linear=0.9250  tree=0.9250
[stl     b=100    d=3 seed=9] building features...
    feats=0.76s  linear=0.9750  tree=1.0000

Feature builds: 10 (full sweep would be 10; fewer if any STL configuration hit its time budget)

Done. Results saved to: /share/ai-lab/adsiega/STLRocket/results/BasicMotions_20260915_210326_9108b8d5
