Task 97: dataset=UWaveGestureLibrary n_formulas=100 depth_max=3 until_weight=0
Output directory: /share/ai-lab/adsiega/STLRocket/results/UWaveGestureLibrary_20260915_174437_c8331d5f
Dataset: UWaveGestureLibrary  budgets: [100]  depths: [3]  n_run: 10  cv: 5  config_budget: 28800.0s

Loading dataset...
  train: (120, 3, 315)  test: (320, 3, 315)
[stl     b=100    d=3 seed=0] building features...
    feats=0.10s  linear=0.8344  tree=0.6062
[stl     b=100    d=3 seed=1] building features...
    feats=0.10s  linear=0.8313  tree=0.6375
[stl     b=100    d=3 seed=2] building features...
    feats=0.10s  linear=0.7906  tree=0.6219
[stl     b=100    d=3 seed=3] building features...
    feats=0.10s  linear=0.7969  tree=0.6063
[stl     b=100    d=3 seed=4] building features...
    feats=0.11s  linear=0.8344  tree=0.6031
[stl     b=100    d=3 seed=5] building features...
    feats=0.10s  linear=0.8375  tree=0.7188
[stl     b=100    d=3 seed=6] building features...
    feats=0.10s  linear=0.8094  tree=0.5719
[stl     b=100    d=3 seed=7] building features...
    feats=0.10s  linear=0.8312  tree=0.5938
[stl     b=100    d=3 seed=8] building features...
    feats=0.10s  linear=0.8219  tree=0.6906
[stl     b=100    d=3 seed=9] building features...
    feats=0.10s  linear=0.8469  tree=0.5781

Feature builds: 10 (full sweep would be 10; fewer if any STL configuration hit its time budget)

Done. Results saved to: /share/ai-lab/adsiega/STLRocket/results/UWaveGestureLibrary_20260915_174437_c8331d5f
