Task 99: dataset=Cricket n_formulas=100 depth_max=3 until_weight=0
Output directory: /share/ai-lab/adsiega/STLRocket/results/Cricket_20260915_174456_53cd7e1b
Dataset: Cricket  budgets: [100]  depths: [3]  n_run: 10  cv: 5  config_budget: 28800.0s

Loading dataset...
  train: (108, 6, 1197)  test: (72, 6, 1197)
[stl     b=100    d=3 seed=0] building features...
    feats=0.16s  linear=0.8750  tree=0.9028
[stl     b=100    d=3 seed=1] building features...
    feats=0.12s  linear=0.8889  tree=0.7778
[stl     b=100    d=3 seed=2] building features...
    feats=0.13s  linear=0.9028  tree=0.8472
[stl     b=100    d=3 seed=3] building features...
    feats=0.13s  linear=0.8750  tree=0.8333
[stl     b=100    d=3 seed=4] building features...
    feats=0.13s  linear=0.8889  tree=0.8889
[stl     b=100    d=3 seed=5] building features...
    feats=0.12s  linear=0.9028  tree=0.8750
[stl     b=100    d=3 seed=6] building features...
    feats=0.12s  linear=0.9167  tree=0.8750
[stl     b=100    d=3 seed=7] building features...
    feats=0.15s  linear=0.9306  tree=0.8194
[stl     b=100    d=3 seed=8] building features...
    feats=0.13s  linear=0.8750  tree=0.8472
[stl     b=100    d=3 seed=9] building features...
    feats=0.12s  linear=0.9722  tree=0.7778

Feature builds: 10 (full sweep would be 10; fewer if any STL configuration hit its time budget)

Done. Results saved to: /share/ai-lab/adsiega/STLRocket/results/Cricket_20260915_174456_53cd7e1b
