Task 14: dataset=RacketSports n_formulas=100 depth_max=1 until_weight=0
Output directory: /share/ai-lab/adsiega/STLRocket/results/RacketSports_20260915_173155_c61c9b76
Dataset: RacketSports  budgets: [100]  depths: [1]  n_run: 10  cv: 5  config_budget: 28800.0s

Loading dataset...
  train: (151, 6, 30)  test: (152, 6, 30)
[stl     b=100    d=1 seed=0] building features...
    feats=1.71s  linear=0.7293  tree=0.7121
[stl     b=100    d=1 seed=1] building features...
    feats=1.55s  linear=0.7976  tree=0.7146
[stl     b=100    d=1 seed=2] building features...
    feats=1.49s  linear=0.7920  tree=0.7387
[stl     b=100    d=1 seed=3] building features...
    feats=0.03s  linear=0.7062  tree=0.7364
[stl     b=100    d=1 seed=4] building features...
    feats=0.04s  linear=0.7936  tree=0.7171
[stl     b=100    d=1 seed=5] building features...
    feats=0.03s  linear=0.7223  tree=0.6772
[stl     b=100    d=1 seed=6] building features...
    feats=1.45s  linear=0.7550  tree=0.6990
[stl     b=100    d=1 seed=7] building features...
    feats=2.15s  linear=0.7466  tree=0.6562
[stl     b=100    d=1 seed=8] building features...
    feats=0.79s  linear=0.7703  tree=0.7086
[stl     b=100    d=1 seed=9] building features...
    feats=0.03s  linear=0.7757  tree=0.7370

Feature builds: 10 (full sweep would be 10; fewer if any STL configuration hit its time budget)

Done. Results saved to: /share/ai-lab/adsiega/STLRocket/results/RacketSports_20260915_173155_c61c9b76
