Task 204: dataset=RacketSports n_formulas=10 depth_max=3 until_weight=1
Output directory: /share/ai-lab/adsiega/STLRocket/results/RacketSports_20260915_204929_f9dcbe1c
Dataset: RacketSports  budgets: [10]  depths: [3]  n_run: 10  cv: 5  config_budget: 28800.0s

Loading dataset...
  train: (151, 6, 30)  test: (152, 6, 30)
[stl     b=10     d=3 seed=0] building features...
    feats=0.27s  linear=0.6194  tree=0.6297
[stl     b=10     d=3 seed=1] building features...
    feats=0.03s  linear=0.5121  tree=0.5587
[stl     b=10     d=3 seed=2] building features...
    feats=0.15s  linear=0.5305  tree=0.6455
[stl     b=10     d=3 seed=3] building features...
    feats=0.18s  linear=0.5035  tree=0.5745
[stl     b=10     d=3 seed=4] building features...
    feats=0.02s  linear=0.7130  tree=0.7046
[stl     b=10     d=3 seed=5] building features...
    feats=0.02s  linear=0.6029  tree=0.6590
[stl     b=10     d=3 seed=6] building features...
    feats=0.02s  linear=0.7035  tree=0.6497
[stl     b=10     d=3 seed=7] building features...
    feats=0.03s  linear=0.5140  tree=0.5280
[stl     b=10     d=3 seed=8] building features...
    feats=0.04s  linear=0.5862  tree=0.6940
[stl     b=10     d=3 seed=9] building features...
    feats=0.02s  linear=0.5432  tree=0.5258

Feature builds: 10 (full sweep would be 10; fewer if any STL configuration hit its time budget)

Done. Results saved to: /share/ai-lab/adsiega/STLRocket/results/RacketSports_20260915_204929_f9dcbe1c
