Task 163: dataset=DuckDuckGeese n_formulas=10 depth_max=2 until_weight=1
Output directory: /share/ai-lab/adsiega/STLRocket/results/DuckDuckGeese_20260915_182541_a09f856d
Dataset: DuckDuckGeese  budgets: [10]  depths: [2]  n_run: 10  cv: 5  config_budget: 28800.0s

Loading dataset...
  train: (50, 1345, 270)  test: (50, 1345, 270)
[stl     b=10     d=2 seed=0] building features...
    feats=0.40s  linear=0.3200  tree=0.3200
[stl     b=10     d=2 seed=1] building features...
    feats=0.30s  linear=0.3200  tree=0.2800
[stl     b=10     d=2 seed=2] building features...
    feats=0.25s  linear=0.1200  tree=0.3800
[stl     b=10     d=2 seed=3] building features...
    feats=0.39s  linear=0.2200  tree=0.3400
[stl     b=10     d=2 seed=4] building features...
    feats=0.19s  linear=0.3200  tree=0.3200
[stl     b=10     d=2 seed=5] building features...
    feats=0.06s  linear=0.3400  tree=0.1400
[stl     b=10     d=2 seed=6] building features...
    feats=0.10s  linear=0.4800  tree=0.3400
[stl     b=10     d=2 seed=7] building features...
    feats=0.29s  linear=0.3000  tree=0.3400
[stl     b=10     d=2 seed=8] building features...
    feats=0.28s  linear=0.3800  tree=0.2800
[stl     b=10     d=2 seed=9] building features...
    feats=0.31s  linear=0.3200  tree=0.3000

Feature builds: 10 (full sweep would be 10; fewer if any STL configuration hit its time budget)

Done. Results saved to: /share/ai-lab/adsiega/STLRocket/results/DuckDuckGeese_20260915_182541_a09f856d
