Task 191: dataset=ERing n_formulas=10000 depth_max=2 until_weight=1
Output directory: /share/ai-lab/adsiega/STLRocket/results/ERing_20260915_192404_b6011352
Dataset: ERing  budgets: [10000]  depths: [2]  n_run: 10  cv: 5  config_budget: 28800.0s

Loading dataset...
  train: (30, 4, 65)  test: (270, 4, 65)
[stl     b=10000  d=2 seed=0] building features...
    feats=50.35s  linear=0.8852  tree=0.7444
[stl     b=10000  d=2 seed=1] building features...
    feats=50.90s  linear=0.8963  tree=0.7148
[stl     b=10000  d=2 seed=2] building features...
    feats=49.02s  linear=0.8222  tree=0.7667
[stl     b=10000  d=2 seed=3] building features...
    feats=50.06s  linear=0.9074  tree=0.7704
[stl     b=10000  d=2 seed=4] building features...
    feats=50.43s  linear=0.9296  tree=0.7481
[stl     b=10000  d=2 seed=5] building features...
    feats=51.10s  linear=0.8852  tree=0.7074
[stl     b=10000  d=2 seed=6] building features...
    feats=50.17s  linear=0.9074  tree=0.7741
[stl     b=10000  d=2 seed=7] building features...
    feats=50.44s  linear=0.8778  tree=0.7852
[stl     b=10000  d=2 seed=8] building features...
    feats=47.48s  linear=0.9370  tree=0.7037
[stl     b=10000  d=2 seed=9] building features...
    feats=50.70s  linear=0.8630  tree=0.7148

Feature builds: 10 (full sweep would be 10; fewer if any STL configuration hit its time budget)

Done. Results saved to: /share/ai-lab/adsiega/STLRocket/results/ERing_20260915_192404_b6011352
