Task 144: dataset=RacketSports n_formulas=1000 depth_max=1 until_weight=1
Output directory: /share/ai-lab/adsiega/STLRocket/results/RacketSports_20260915_175350_4c2ad3db
Dataset: RacketSports  budgets: [1000]  depths: [1]  n_run: 10  cv: 5  config_budget: 28800.0s

Loading dataset...
  train: (151, 6, 30)  test: (152, 6, 30)
[stl     b=1000   d=1 seed=0] building features...
    feats=2.45s  linear=0.8266  tree=0.6169
[stl     b=1000   d=1 seed=1] building features...
    feats=1.95s  linear=0.8438  tree=0.7416
[stl     b=1000   d=1 seed=2] building features...
    feats=1.71s  linear=0.8429  tree=0.7590
[stl     b=1000   d=1 seed=3] building features...
    feats=1.78s  linear=0.8358  tree=0.6686
[stl     b=1000   d=1 seed=4] building features...
    feats=1.72s  linear=0.8343  tree=0.7814
[stl     b=1000   d=1 seed=5] building features...
    feats=1.68s  linear=0.8188  tree=0.7609
[stl     b=1000   d=1 seed=6] building features...
    feats=1.87s  linear=0.8561  tree=0.7722
[stl     b=1000   d=1 seed=7] building features...
    feats=1.84s  linear=0.8490  tree=0.7691
[stl     b=1000   d=1 seed=8] building features...
    feats=1.80s  linear=0.8686  tree=0.6613
[stl     b=1000   d=1 seed=9] building features...
    feats=1.74s  linear=0.7878  tree=0.7298

Feature builds: 10 (full sweep would be 10; fewer if any STL configuration hit its time budget)

Done. Results saved to: /share/ai-lab/adsiega/STLRocket/results/RacketSports_20260915_175350_4c2ad3db
