Task 195: dataset=HandMovementDirection n_formulas=10000 depth_max=2 until_weight=1
Output directory: /share/ai-lab/adsiega/STLRocket/results/HandMovementDirection_20260915_194602_f46695df
Dataset: HandMovementDirection  budgets: [10000]  depths: [2]  n_run: 10  cv: 5  config_budget: 28800.0s

Loading dataset...
  train: (160, 10, 400)  test: (74, 10, 400)
[stl     b=10000  d=2 seed=0] building features...
    feats=738.17s  linear=0.4619  tree=0.2536
[stl     b=10000  d=2 seed=1] building features...
    feats=727.73s  linear=0.4536  tree=0.2786
[stl     b=10000  d=2 seed=2] building features...
    feats=682.65s  linear=0.5238  tree=0.3143
[stl     b=10000  d=2 seed=3] building features...
    feats=689.38s  linear=0.4810  tree=0.2702
[stl     b=10000  d=2 seed=4] building features...
    feats=704.36s  linear=0.4143  tree=0.3298
[stl     b=10000  d=2 seed=5] building features...
    feats=720.31s  linear=0.4500  tree=0.3536
[stl     b=10000  d=2 seed=6] building features...
    feats=693.62s  linear=0.4560  tree=0.2524
[stl     b=10000  d=2 seed=7] building features...
    feats=719.15s  linear=0.5167  tree=0.3024
[stl     b=10000  d=2 seed=8] building features...
    feats=688.66s  linear=0.3762  tree=0.2429
[stl     b=10000  d=2 seed=9] building features...
    feats=681.88s  linear=0.5512  tree=0.3571

Feature builds: 10 (full sweep would be 10; fewer if any STL configuration hit its time budget)

Done. Results saved to: /share/ai-lab/adsiega/STLRocket/results/HandMovementDirection_20260915_194602_f46695df
