Task 67: dataset=UWaveGestureLibrary n_formulas=1000 depth_max=2 until_weight=0
Output directory: /share/ai-lab/adsiega/STLRocket/results/UWaveGestureLibrary_20260915_173923_0d4ada84
Dataset: UWaveGestureLibrary  budgets: [1000]  depths: [2]  n_run: 10  cv: 5  config_budget: 28800.0s

Loading dataset...
  train: (120, 3, 315)  test: (320, 3, 315)
[stl     b=1000   d=2 seed=0] building features...
    feats=0.86s  linear=0.8781  tree=0.6719
[stl     b=1000   d=2 seed=1] building features...
    feats=0.82s  linear=0.8562  tree=0.6656
[stl     b=1000   d=2 seed=2] building features...
    feats=0.78s  linear=0.8531  tree=0.6781
[stl     b=1000   d=2 seed=3] building features...
    feats=0.86s  linear=0.8531  tree=0.6250
[stl     b=1000   d=2 seed=4] building features...
    feats=0.88s  linear=0.8281  tree=0.6344
[stl     b=1000   d=2 seed=5] building features...
    feats=0.76s  linear=0.7688  tree=0.6625
[stl     b=1000   d=2 seed=6] building features...
    feats=0.80s  linear=0.8187  tree=0.6063
[stl     b=1000   d=2 seed=7] building features...
    feats=0.80s  linear=0.8625  tree=0.6031
[stl     b=1000   d=2 seed=8] building features...
    feats=0.74s  linear=0.7844  tree=0.6188
[stl     b=1000   d=2 seed=9] building features...
    feats=0.81s  linear=0.8438  tree=0.6656

Feature builds: 10 (full sweep would be 10; fewer if any STL configuration hit its time budget)

Done. Results saved to: /share/ai-lab/adsiega/STLRocket/results/UWaveGestureLibrary_20260915_173923_0d4ada84
