Task 187: dataset=UWaveGestureLibrary n_formulas=1000 depth_max=2 until_weight=1
Output directory: /share/ai-lab/adsiega/STLRocket/results/UWaveGestureLibrary_20260915_190715_99ea9acb
Dataset: UWaveGestureLibrary  budgets: [1000]  depths: [2]  n_run: 10  cv: 5  config_budget: 28800.0s

Loading dataset...
  train: (120, 3, 315)  test: (320, 3, 315)
[stl     b=1000   d=2 seed=0] building features...
    feats=105.53s  linear=0.8844  tree=0.6281
[stl     b=1000   d=2 seed=1] building features...
    feats=92.97s  linear=0.8781  tree=0.6562
[stl     b=1000   d=2 seed=2] building features...
    feats=95.96s  linear=0.8938  tree=0.6781
[stl     b=1000   d=2 seed=3] building features...
    feats=100.56s  linear=0.8844  tree=0.7031
[stl     b=1000   d=2 seed=4] building features...
    feats=99.97s  linear=0.8875  tree=0.6531
[stl     b=1000   d=2 seed=5] building features...
    feats=98.18s  linear=0.8344  tree=0.6344
[stl     b=1000   d=2 seed=6] building features...
    feats=93.65s  linear=0.8625  tree=0.7125
[stl     b=1000   d=2 seed=7] building features...
    feats=82.60s  linear=0.8438  tree=0.6906
[stl     b=1000   d=2 seed=8] building features...
    feats=86.08s  linear=0.8719  tree=0.6719
[stl     b=1000   d=2 seed=9] building features...
    feats=97.43s  linear=0.8562  tree=0.7125

Feature builds: 10 (full sweep would be 10; fewer if any STL configuration hit its time budget)

Done. Results saved to: /share/ai-lab/adsiega/STLRocket/results/UWaveGestureLibrary_20260915_190715_99ea9acb
