Task 75: dataset=HandMovementDirection n_formulas=10000 depth_max=2 until_weight=0
Output directory: /share/ai-lab/adsiega/STLRocket/results/HandMovementDirection_20260915_174048_8555e194
Dataset: HandMovementDirection  budgets: [10000]  depths: [2]  n_run: 10  cv: 5  config_budget: 28800.0s

Loading dataset...
  train: (160, 10, 400)  test: (74, 10, 400)
[stl     b=10000  d=2 seed=0] building features...
    feats=7.52s  linear=0.4893  tree=0.2774
[stl     b=10000  d=2 seed=1] building features...
    feats=7.37s  linear=0.5214  tree=0.3107
[stl     b=10000  d=2 seed=2] building features...
    feats=7.53s  linear=0.5917  tree=0.3131
[stl     b=10000  d=2 seed=3] building features...
    feats=7.12s  linear=0.4726  tree=0.3702
[stl     b=10000  d=2 seed=4] building features...
    feats=6.91s  linear=0.4571  tree=0.2869
[stl     b=10000  d=2 seed=5] building features...
    feats=6.89s  linear=0.4726  tree=0.3214
[stl     b=10000  d=2 seed=6] building features...
    feats=6.96s  linear=0.5071  tree=0.2940
[stl     b=10000  d=2 seed=7] building features...
    feats=7.93s  linear=0.5750  tree=0.3976
[stl     b=10000  d=2 seed=8] building features...
    feats=8.37s  linear=0.5631  tree=0.3036
[stl     b=10000  d=2 seed=9] building features...
    feats=7.25s  linear=0.4381  tree=0.2036

Feature builds: 10 (full sweep would be 10; fewer if any STL configuration hit its time budget)

Done. Results saved to: /share/ai-lab/adsiega/STLRocket/results/HandMovementDirection_20260915_174048_8555e194
