Task 92: dataset=BasicMotions n_formulas=100 depth_max=3 until_weight=0
Output directory: /share/ai-lab/adsiega/STLRocket/results/BasicMotions_20260915_174347_707d3c11
Dataset: BasicMotions  budgets: [100]  depths: [3]  n_run: 10  cv: 5  config_budget: 28800.0s

Loading dataset...
  train: (40, 6, 100)  test: (40, 6, 100)
[stl     b=100    d=3 seed=0] building features...
    feats=0.06s  linear=0.9750  tree=0.9750
[stl     b=100    d=3 seed=1] building features...
    feats=0.04s  linear=0.8500  tree=0.8000
[stl     b=100    d=3 seed=2] building features...
    feats=0.04s  linear=0.8500  tree=0.9250
[stl     b=100    d=3 seed=3] building features...
    feats=0.04s  linear=0.9500  tree=0.9250
[stl     b=100    d=3 seed=4] building features...
    feats=0.04s  linear=1.0000  tree=0.9750
[stl     b=100    d=3 seed=5] building features...
    feats=0.04s  linear=0.9750  tree=0.9500
[stl     b=100    d=3 seed=6] building features...
    feats=0.04s  linear=0.9000  tree=0.9000
[stl     b=100    d=3 seed=7] building features...
    feats=0.05s  linear=0.8500  tree=0.8750
[stl     b=100    d=3 seed=8] building features...
    feats=0.04s  linear=0.9250  tree=1.0000
[stl     b=100    d=3 seed=9] building features...
    feats=0.04s  linear=0.9250  tree=0.8750

Feature builds: 10 (full sweep would be 10; fewer if any STL configuration hit its time budget)

Done. Results saved to: /share/ai-lab/adsiega/STLRocket/results/BasicMotions_20260915_174347_707d3c11
