Task 49: dataset=Cricket n_formulas=10 depth_max=2 until_weight=0
Output directory: /share/ai-lab/adsiega/STLRocket/results/Cricket_20260915_173626_50918f78
Dataset: Cricket  budgets: [10]  depths: [2]  n_run: 10  cv: 5  config_budget: 28800.0s

Loading dataset...
  train: (108, 6, 1197)  test: (72, 6, 1197)
[stl     b=10     d=2 seed=0] building features...
    feats=0.03s  linear=0.6667  tree=0.6806
[stl     b=10     d=2 seed=1] building features...
    feats=0.02s  linear=0.8056  tree=0.5972
[stl     b=10     d=2 seed=2] building features...
    feats=0.01s  linear=0.7778  tree=0.7500
[stl     b=10     d=2 seed=3] building features...
    feats=0.01s  linear=0.8333  tree=0.7639
[stl     b=10     d=2 seed=4] building features...
    feats=0.01s  linear=0.8611  tree=0.6806
[stl     b=10     d=2 seed=5] building features...
    feats=0.01s  linear=0.7917  tree=0.7222
[stl     b=10     d=2 seed=6] building features...
    feats=0.01s  linear=0.8056  tree=0.7361
[stl     b=10     d=2 seed=7] building features...
    feats=0.01s  linear=0.7222  tree=0.7222
[stl     b=10     d=2 seed=8] building features...
    feats=0.01s  linear=0.8889  tree=0.7639
[stl     b=10     d=2 seed=9] building features...
    feats=0.02s  linear=0.7361  tree=0.5556

Feature builds: 10 (full sweep would be 10; fewer if any STL configuration hit its time budget)

Done. Results saved to: /share/ai-lab/adsiega/STLRocket/results/Cricket_20260915_173626_50918f78
