Task 17: dataset=UWaveGestureLibrary n_formulas=100 depth_max=1 until_weight=0
Output directory: /share/ai-lab/adsiega/STLRocket/results/UWaveGestureLibrary_20260915_173204_356dead8
Dataset: UWaveGestureLibrary  budgets: [100]  depths: [1]  n_run: 10  cv: 5  config_budget: 28800.0s

Loading dataset...
  train: (120, 3, 315)  test: (320, 3, 315)
[stl     b=100    d=1 seed=0] building features...
    feats=0.09s  linear=0.8156  tree=0.6594
[stl     b=100    d=1 seed=1] building features...
    feats=0.08s  linear=0.8438  tree=0.5969
[stl     b=100    d=1 seed=2] building features...
    feats=0.08s  linear=0.8344  tree=0.7063
[stl     b=100    d=1 seed=3] building features...
    feats=0.07s  linear=0.8469  tree=0.6781
[stl     b=100    d=1 seed=4] building features...
    feats=0.08s  linear=0.8375  tree=0.6500
[stl     b=100    d=1 seed=5] building features...
    feats=0.07s  linear=0.8531  tree=0.6594
[stl     b=100    d=1 seed=6] building features...
    feats=0.08s  linear=0.8406  tree=0.6562
[stl     b=100    d=1 seed=7] building features...
    feats=0.07s  linear=0.8187  tree=0.6719
[stl     b=100    d=1 seed=8] building features...
    feats=0.07s  linear=0.8156  tree=0.5625
[stl     b=100    d=1 seed=9] building features...
    feats=0.07s  linear=0.8313  tree=0.6438

Feature builds: 10 (full sweep would be 10; fewer if any STL configuration hit its time budget)

Done. Results saved to: /share/ai-lab/adsiega/STLRocket/results/UWaveGestureLibrary_20260915_173204_356dead8
