Task 230: dataset=StandWalkJump n_formulas=10000 depth_max=3 until_weight=1
Output directory: /share/ai-lab/adsiega/STLRocket/results/StandWalkJump_20260915_222204_c44cec54
Dataset: StandWalkJump  budgets: [10000]  depths: [3]  n_run: 10  cv: 5  config_budget: 28800.0s

Loading dataset...
  train: (12, 4, 2500)  test: (15, 4, 2500)
[stl     b=10000  d=3 seed=0] building features...
    feats=4402.66s  linear=0.3333  tree=0.2667
[stl     b=10000  d=3 seed=1] building features...
    feats=4255.77s  linear=0.2667  tree=0.5333
[stl     b=10000  d=3 seed=2] building features...
    feats=4274.07s  linear=0.3333  tree=0.2667
[stl     b=10000  d=3 seed=3] building features...
    feats=4300.93s  linear=0.3333  tree=0.2667
[stl     b=10000  d=3 seed=4] building features...
    feats=3717.56s  linear=0.3333  tree=0.4667
[stl     b=10000  d=3 seed=5] building features...
    feats=3698.54s  linear=0.2667  tree=0.2667
[stl     b=10000  d=3 seed=6] building features...
    feats=3563.10s  linear=0.3333  tree=0.2667
[stl     b=10000  d=3 seed=7] building features...
    feats=3558.36s  linear=0.3333  tree=0.2000

Feature builds: 8 (full sweep would be 10; fewer if any STL configuration hit its time budget)

Done. Results saved to: /share/ai-lab/adsiega/STLRocket/results/StandWalkJump_20260915_222204_c44cec54
