Task 236: dataset=Heartbeat n_formulas=10000 depth_max=3 until_weight=1
Output directory: /share/ai-lab/adsiega/STLRocket/results/Heartbeat_20260915_231631_e3df9726
Dataset: Heartbeat  budgets: [10000]  depths: [3]  n_run: 10  cv: 5  config_budget: 28800.0s

Loading dataset...
  train: (204, 61, 405)  test: (205, 61, 405)
[stl     b=10000  d=3 seed=0] building features...
    feats=1790.32s  linear=0.6334  tree=0.6246
[stl     b=10000  d=3 seed=1] building features...
    feats=1804.87s  linear=0.6408  tree=0.6631
[stl     b=10000  d=3 seed=2] building features...
    feats=1790.92s  linear=0.6529  tree=0.5592
[stl     b=10000  d=3 seed=3] building features...
    feats=1777.73s  linear=0.6300  tree=0.6111
[stl     b=10000  d=3 seed=4] building features...
    feats=1771.92s  linear=0.6407  tree=0.5976
[stl     b=10000  d=3 seed=5] building features...
    feats=1691.04s  linear=0.6536  tree=0.6273
[stl     b=10000  d=3 seed=6] building features...
    feats=1645.13s  linear=0.6043  tree=0.6428
[stl     b=10000  d=3 seed=7] building features...
    feats=1510.73s  linear=0.6894  tree=0.5922
[stl     b=10000  d=3 seed=8] building features...
    feats=1491.70s  linear=0.6516  tree=0.6833
[stl     b=10000  d=3 seed=9] building features...
    feats=1471.47s  linear=0.6752  tree=0.5773

Feature builds: 10 (full sweep would be 10; fewer if any STL configuration hit its time budget)

Done. Results saved to: /share/ai-lab/adsiega/STLRocket/results/Heartbeat_20260915_231631_e3df9726
