Task 228: dataset=Epilepsy n_formulas=1000 depth_max=3 until_weight=1
Output directory: /share/ai-lab/adsiega/STLRocket/results/Epilepsy_20260915_221638_3af38422
Dataset: Epilepsy  budgets: [1000]  depths: [3]  n_run: 10  cv: 5  config_budget: 28800.0s

Loading dataset...
  train: (137, 3, 206)  test: (138, 3, 206)
[stl     b=1000   d=3 seed=0] building features...
    feats=34.63s  linear=0.9368  tree=0.7718
[stl     b=1000   d=3 seed=1] building features...
    feats=30.71s  linear=0.9644  tree=0.7937
[stl     b=1000   d=3 seed=2] building features...
    feats=29.85s  linear=0.9583  tree=0.8105
[stl     b=1000   d=3 seed=3] building features...
    feats=33.27s  linear=0.9312  tree=0.7499
[stl     b=1000   d=3 seed=4] building features...
    feats=30.51s  linear=0.9656  tree=0.7988
[stl     b=1000   d=3 seed=5] building features...
    feats=30.66s  linear=0.9436  tree=0.8125
[stl     b=1000   d=3 seed=6] building features...
    feats=28.98s  linear=0.9499  tree=0.8003
[stl     b=1000   d=3 seed=7] building features...
    feats=30.11s  linear=0.9368  tree=0.8283
[stl     b=1000   d=3 seed=8] building features...
    feats=30.75s  linear=0.9718  tree=0.8457
[stl     b=1000   d=3 seed=9] building features...
    feats=32.03s  linear=0.9718  tree=0.7789

Feature builds: 10 (full sweep would be 10; fewer if any STL configuration hit its time budget)

Done. Results saved to: /share/ai-lab/adsiega/STLRocket/results/Epilepsy_20260915_221638_3af38422
