Task 91: dataset=ERing n_formulas=100 depth_max=3 until_weight=0
Output directory: /share/ai-lab/adsiega/STLRocket/results/ERing_20260915_174340_4db44e2b
Dataset: ERing  budgets: [100]  depths: [3]  n_run: 10  cv: 5  config_budget: 28800.0s

Loading dataset...
  train: (30, 4, 65)  test: (270, 4, 65)
[stl     b=100    d=3 seed=0] building features...
    feats=0.22s  linear=0.9148  tree=0.7148
[stl     b=100    d=3 seed=1] building features...
    feats=0.48s  linear=0.8963  tree=0.7259
[stl     b=100    d=3 seed=2] building features...
    feats=0.19s  linear=0.9037  tree=0.7630
[stl     b=100    d=3 seed=3] building features...
    feats=0.06s  linear=0.9222  tree=0.5667
[stl     b=100    d=3 seed=4] building features...
    feats=0.61s  linear=0.8815  tree=0.6741
[stl     b=100    d=3 seed=5] building features...
    feats=0.06s  linear=0.9148  tree=0.7778
[stl     b=100    d=3 seed=6] building features...
    feats=0.05s  linear=0.8815  tree=0.6556
[stl     b=100    d=3 seed=7] building features...
    feats=0.05s  linear=0.7889  tree=0.7074
[stl     b=100    d=3 seed=8] building features...
    feats=0.05s  linear=0.8852  tree=0.8074
[stl     b=100    d=3 seed=9] building features...
    feats=0.05s  linear=0.8926  tree=0.7593

Feature builds: 10 (full sweep would be 10; fewer if any STL configuration hit its time budget)

Done. Results saved to: /share/ai-lab/adsiega/STLRocket/results/ERing_20260915_174340_4db44e2b
