Task 223: dataset=DuckDuckGeese n_formulas=1000 depth_max=3 until_weight=1
Output directory: /share/ai-lab/adsiega/STLRocket/results/DuckDuckGeese_20260915_213039_54440b8d
Dataset: DuckDuckGeese  budgets: [1000]  depths: [3]  n_run: 10  cv: 5  config_budget: 28800.0s

Loading dataset...
  train: (50, 1345, 270)  test: (50, 1345, 270)
[stl     b=1000   d=3 seed=0] building features...
    feats=24.60s  linear=0.4800  tree=0.4000
[stl     b=1000   d=3 seed=1] building features...
    feats=23.24s  linear=0.4200  tree=0.4400
[stl     b=1000   d=3 seed=2] building features...
    feats=23.97s  linear=0.4800  tree=0.4000
[stl     b=1000   d=3 seed=3] building features...
    feats=26.01s  linear=0.5000  tree=0.4000
[stl     b=1000   d=3 seed=4] building features...
    feats=22.47s  linear=0.5800  tree=0.4400
[stl     b=1000   d=3 seed=5] building features...
    feats=23.28s  linear=0.4800  tree=0.4000
[stl     b=1000   d=3 seed=6] building features...
    feats=24.60s  linear=0.5200  tree=0.4600
[stl     b=1000   d=3 seed=7] building features...
    feats=21.81s  linear=0.4800  tree=0.4800
[stl     b=1000   d=3 seed=8] building features...
    feats=25.30s  linear=0.4200  tree=0.3600
[stl     b=1000   d=3 seed=9] building features...
    feats=24.17s  linear=0.3600  tree=0.4200

Feature builds: 10 (full sweep would be 10; fewer if any STL configuration hit its time budget)

Done. Results saved to: /share/ai-lab/adsiega/STLRocket/results/DuckDuckGeese_20260915_213039_54440b8d
