Task 72: dataset=BasicMotions n_formulas=10000 depth_max=2 until_weight=0
Output directory: /share/ai-lab/adsiega/STLRocket/results/BasicMotions_20260915_174012_36993c54
Dataset: BasicMotions  budgets: [10000]  depths: [2]  n_run: 10  cv: 5  config_budget: 28800.0s

Loading dataset...
  train: (40, 6, 100)  test: (40, 6, 100)
[stl     b=10000  d=2 seed=0] building features...
    feats=5.20s  linear=0.9750  tree=0.9000
[stl     b=10000  d=2 seed=1] building features...
    feats=6.43s  linear=0.9750  tree=0.9250
[stl     b=10000  d=2 seed=2] building features...
    feats=3.93s  linear=1.0000  tree=0.8750
[stl     b=10000  d=2 seed=3] building features...
    feats=3.91s  linear=0.9750  tree=0.9000
[stl     b=10000  d=2 seed=4] building features...
    feats=4.02s  linear=0.9750  tree=0.8750
[stl     b=10000  d=2 seed=5] building features...
    feats=4.04s  linear=0.9750  tree=0.8750
[stl     b=10000  d=2 seed=6] building features...
    feats=4.27s  linear=0.9750  tree=0.9500
[stl     b=10000  d=2 seed=7] building features...
    feats=5.11s  linear=0.9750  tree=0.8500
[stl     b=10000  d=2 seed=8] building features...
    feats=4.87s  linear=0.9500  tree=0.8750
[stl     b=10000  d=2 seed=9] building features...
    feats=11.55s  linear=0.9250  tree=0.9750

Feature builds: 10 (full sweep would be 10; fewer if any STL configuration hit its time budget)

Done. Results saved to: /share/ai-lab/adsiega/STLRocket/results/BasicMotions_20260915_174012_36993c54
