Task 20: dataset=StandWalkJump n_formulas=1000 depth_max=1 until_weight=0
Output directory: /share/ai-lab/adsiega/STLRocket/results/StandWalkJump_20260915_173213_bd7fc8b0
Dataset: StandWalkJump  budgets: [1000]  depths: [1]  n_run: 10  cv: 5  config_budget: 28800.0s

Loading dataset...
  train: (12, 4, 2500)  test: (15, 4, 2500)
[stl     b=1000   d=1 seed=0] building features...
    feats=0.53s  linear=0.1333  tree=0.3333
[stl     b=1000   d=1 seed=1] building features...
    feats=0.50s  linear=0.2667  tree=0.4000
[stl     b=1000   d=1 seed=2] building features...
    feats=0.46s  linear=0.3333  tree=0.3333
[stl     b=1000   d=1 seed=3] building features...
    feats=0.45s  linear=0.3333  tree=0.3333
[stl     b=1000   d=1 seed=4] building features...
    feats=0.45s  linear=0.3333  tree=0.3333
[stl     b=1000   d=1 seed=5] building features...
    feats=0.46s  linear=0.3333  tree=0.4000
[stl     b=1000   d=1 seed=6] building features...
    feats=0.45s  linear=0.3333  tree=0.3333
[stl     b=1000   d=1 seed=7] building features...
    feats=0.50s  linear=0.3333  tree=0.3333
[stl     b=1000   d=1 seed=8] building features...
    feats=0.47s  linear=0.3333  tree=0.3333
[stl     b=1000   d=1 seed=9] building features...
    feats=0.46s  linear=0.4000  tree=0.3333

Feature builds: 10 (full sweep would be 10; fewer if any STL configuration hit its time budget)

Done. Results saved to: /share/ai-lab/adsiega/STLRocket/results/StandWalkJump_20260915_173213_bd7fc8b0
