Task 38: dataset=Epilepsy n_formulas=10000 depth_max=1 until_weight=0
Output directory: /share/ai-lab/adsiega/STLRocket/results/Epilepsy_20260915_173350_2417c586
Dataset: Epilepsy  budgets: [10000]  depths: [1]  n_run: 10  cv: 5  config_budget: 28800.0s

Loading dataset...
  train: (137, 3, 206)  test: (138, 3, 206)
[stl     b=10000  d=1 seed=0] building features...
    feats=5.24s  linear=0.9147  tree=0.6868
[stl     b=10000  d=1 seed=1] building features...
    feats=5.50s  linear=0.9283  tree=0.7165
[stl     b=10000  d=1 seed=2] building features...
    feats=5.37s  linear=0.9430  tree=0.7072
[stl     b=10000  d=1 seed=3] building features...
    feats=5.26s  linear=0.9068  tree=0.7481
[stl     b=10000  d=1 seed=4] building features...
    feats=5.45s  linear=0.9141  tree=0.6419
[stl     b=10000  d=1 seed=5] building features...
    feats=5.13s  linear=0.9283  tree=0.7877
[stl     b=10000  d=1 seed=6] building features...
    feats=5.10s  linear=0.9503  tree=0.7266
[stl     b=10000  d=1 seed=7] building features...
    feats=5.20s  linear=0.9068  tree=0.7289
[stl     b=10000  d=1 seed=8] building features...
    feats=5.05s  linear=0.9205  tree=0.6897
[stl     b=10000  d=1 seed=9] building features...
    feats=5.04s  linear=0.9289  tree=0.7783

Feature builds: 10 (full sweep would be 10; fewer if any STL configuration hit its time budget)

Done. Results saved to: /share/ai-lab/adsiega/STLRocket/results/Epilepsy_20260915_173350_2417c586
