Task 28: dataset=Epilepsy n_formulas=1000 depth_max=1 until_weight=0
Output directory: /share/ai-lab/adsiega/STLRocket/results/Epilepsy_20260915_173236_2b63513f
Dataset: Epilepsy  budgets: [1000]  depths: [1]  n_run: 10  cv: 5  config_budget: 28800.0s

Loading dataset...
  train: (137, 3, 206)  test: (138, 3, 206)
[stl     b=1000   d=1 seed=0] building features...
    feats=0.51s  linear=0.9571  tree=0.7577
[stl     b=1000   d=1 seed=1] building features...
    feats=0.49s  linear=0.8780  tree=0.7551
[stl     b=1000   d=1 seed=2] building features...
    feats=0.49s  linear=0.9221  tree=0.7766
[stl     b=1000   d=1 seed=3] building features...
    feats=0.44s  linear=0.9356  tree=0.7926
[stl     b=1000   d=1 seed=4] building features...
    feats=0.47s  linear=0.9018  tree=0.7602
[stl     b=1000   d=1 seed=5] building features...
    feats=0.43s  linear=0.9285  tree=0.7974
[stl     b=1000   d=1 seed=6] building features...
    feats=0.43s  linear=0.9147  tree=0.7998
[stl     b=1000   d=1 seed=7] building features...
    feats=0.48s  linear=0.9074  tree=0.7394
[stl     b=1000   d=1 seed=8] building features...
    feats=0.43s  linear=0.8985  tree=0.7347
[stl     b=1000   d=1 seed=9] building features...
    feats=0.46s  linear=0.9147  tree=0.7450

Feature builds: 10 (full sweep would be 10; fewer if any STL configuration hit its time budget)

Done. Results saved to: /share/ai-lab/adsiega/STLRocket/results/Epilepsy_20260915_173236_2b63513f
