Task 183: dataset=DuckDuckGeese n_formulas=1000 depth_max=2 until_weight=1
Output directory: /share/ai-lab/adsiega/STLRocket/results/DuckDuckGeese_20260915_184759_49b797b0
Dataset: DuckDuckGeese  budgets: [1000]  depths: [2]  n_run: 10  cv: 5  config_budget: 28800.0s

Loading dataset...
  train: (50, 1345, 270)  test: (50, 1345, 270)
[stl     b=1000   d=2 seed=0] building features...
    feats=17.50s  linear=0.5600  tree=0.5200
[stl     b=1000   d=2 seed=1] building features...
    feats=17.42s  linear=0.5600  tree=0.3600
[stl     b=1000   d=2 seed=2] building features...
    feats=18.65s  linear=0.5600  tree=0.3400
[stl     b=1000   d=2 seed=3] building features...
    feats=19.50s  linear=0.5200  tree=0.4600
[stl     b=1000   d=2 seed=4] building features...
    feats=17.66s  linear=0.4400  tree=0.5000
[stl     b=1000   d=2 seed=5] building features...
    feats=16.37s  linear=0.3600  tree=0.4400
[stl     b=1000   d=2 seed=6] building features...
    feats=16.75s  linear=0.5000  tree=0.4400
[stl     b=1000   d=2 seed=7] building features...
    feats=16.02s  linear=0.4600  tree=0.5400
[stl     b=1000   d=2 seed=8] building features...
    feats=16.39s  linear=0.4600  tree=0.5200
[stl     b=1000   d=2 seed=9] building features...
    feats=18.14s  linear=0.6000  tree=0.4000

Feature builds: 10 (full sweep would be 10; fewer if any STL configuration hit its time budget)

Done. Results saved to: /share/ai-lab/adsiega/STLRocket/results/DuckDuckGeese_20260915_184759_49b797b0
