Task 56: dataset=Heartbeat n_formulas=100 depth_max=2 until_weight=0
Output directory: /share/ai-lab/adsiega/STLRocket/results/Heartbeat_20260915_173723_f1289c6c
Dataset: Heartbeat  budgets: [100]  depths: [2]  n_run: 10  cv: 5  config_budget: 28800.0s

Loading dataset...
  train: (204, 61, 405)  test: (205, 61, 405)
[stl     b=100    d=2 seed=0] building features...
    feats=0.79s  linear=0.5504  tree=0.6476
[stl     b=100    d=2 seed=1] building features...
    feats=4.32s  linear=0.6002  tree=0.6293
[stl     b=100    d=2 seed=2] building features...
    feats=0.24s  linear=0.6145  tree=0.5768
[stl     b=100    d=2 seed=3] building features...
    feats=0.10s  linear=0.6712  tree=0.5996
[stl     b=100    d=2 seed=4] building features...
    feats=0.13s  linear=0.6982  tree=0.6246
[stl     b=100    d=2 seed=5] building features...
    feats=0.17s  linear=0.7090  tree=0.5977
[stl     b=100    d=2 seed=6] building features...
    feats=0.12s  linear=0.6516  tree=0.6529
[stl     b=100    d=2 seed=7] building features...
    feats=0.12s  linear=0.5929  tree=0.6138
[stl     b=100    d=2 seed=8] building features...
    feats=0.11s  linear=0.6131  tree=0.5814
[stl     b=100    d=2 seed=9] building features...
    feats=0.18s  linear=0.6692  tree=0.6152

Feature builds: 10 (full sweep would be 10; fewer if any STL configuration hit its time budget)

Done. Results saved to: /share/ai-lab/adsiega/STLRocket/results/Heartbeat_20260915_173723_f1289c6c
