Task 37: dataset=UWaveGestureLibrary n_formulas=10000 depth_max=1 until_weight=0
Output directory: /share/ai-lab/adsiega/STLRocket/results/UWaveGestureLibrary_20260915_173342_444bb25c
Dataset: UWaveGestureLibrary  budgets: [10000]  depths: [1]  n_run: 10  cv: 5  config_budget: 28800.0s

Loading dataset...
  train: (120, 3, 315)  test: (320, 3, 315)
[stl     b=10000  d=1 seed=0] building features...
    feats=8.39s  linear=0.8250  tree=0.6531
[stl     b=10000  d=1 seed=1] building features...
    feats=8.07s  linear=0.8438  tree=0.6313
[stl     b=10000  d=1 seed=2] building features...
    feats=7.95s  linear=0.8250  tree=0.6000
[stl     b=10000  d=1 seed=3] building features...
    feats=7.99s  linear=0.8375  tree=0.6781
[stl     b=10000  d=1 seed=4] building features...
    feats=7.33s  linear=0.8594  tree=0.6000
[stl     b=10000  d=1 seed=5] building features...
    feats=7.11s  linear=0.8219  tree=0.6625
[stl     b=10000  d=1 seed=6] building features...
    feats=7.09s  linear=0.8469  tree=0.6719
[stl     b=10000  d=1 seed=7] building features...
    feats=7.21s  linear=0.8375  tree=0.6937
[stl     b=10000  d=1 seed=8] building features...
    feats=7.51s  linear=0.8281  tree=0.5938
[stl     b=10000  d=1 seed=9] building features...
    feats=7.17s  linear=0.8594  tree=0.6375

Feature builds: 10 (full sweep would be 10; fewer if any STL configuration hit its time budget)

Done. Results saved to: /share/ai-lab/adsiega/STLRocket/results/UWaveGestureLibrary_20260915_173342_444bb25c
