Task 55: dataset=HandMovementDirection n_formulas=100 depth_max=2 until_weight=0
Output directory: /share/ai-lab/adsiega/STLRocket/results/HandMovementDirection_20260915_173704_4d48a7c6
Dataset: HandMovementDirection  budgets: [100]  depths: [2]  n_run: 10  cv: 5  config_budget: 28800.0s

Loading dataset...
  train: (160, 10, 400)  test: (74, 10, 400)
[stl     b=100    d=2 seed=0] building features...
    feats=0.09s  linear=0.2500  tree=0.2179
[stl     b=100    d=2 seed=1] building features...
    feats=0.08s  linear=0.3119  tree=0.2964
[stl     b=100    d=2 seed=2] building features...
    feats=0.07s  linear=0.2952  tree=0.3714
[stl     b=100    d=2 seed=3] building features...
    feats=0.07s  linear=0.3536  tree=0.2131
[stl     b=100    d=2 seed=4] building features...
    feats=0.07s  linear=0.2988  tree=0.2702
[stl     b=100    d=2 seed=5] building features...
    feats=0.07s  linear=0.2345  tree=0.2524
[stl     b=100    d=2 seed=6] building features...
    feats=0.07s  linear=0.2226  tree=0.2202
[stl     b=100    d=2 seed=7] building features...
    feats=0.07s  linear=0.2607  tree=0.3238
[stl     b=100    d=2 seed=8] building features...
    feats=0.07s  linear=0.3786  tree=0.1679
[stl     b=100    d=2 seed=9] building features...
    feats=0.07s  linear=0.2940  tree=0.3095

Feature builds: 10 (full sweep would be 10; fewer if any STL configuration hit its time budget)

Done. Results saved to: /share/ai-lab/adsiega/STLRocket/results/HandMovementDirection_20260915_173704_4d48a7c6
