Task 155: dataset=HandMovementDirection n_formulas=10000 depth_max=1 until_weight=1
Output directory: /share/ai-lab/adsiega/STLRocket/results/HandMovementDirection_20260915_180457_f5c7ff51
Dataset: HandMovementDirection  budgets: [10000]  depths: [1]  n_run: 10  cv: 5  config_budget: 28800.0s

Loading dataset...
  train: (160, 10, 400)  test: (74, 10, 400)
[stl     b=10000  d=1 seed=0] building features...
    feats=678.56s  linear=0.4202  tree=0.2940
[stl     b=10000  d=1 seed=1] building features...
    feats=564.24s  linear=0.4369  tree=0.2750
[stl     b=10000  d=1 seed=2] building features...
    feats=485.36s  linear=0.4810  tree=0.2905
[stl     b=10000  d=1 seed=3] building features...
    feats=470.44s  linear=0.4536  tree=0.3667
[stl     b=10000  d=1 seed=4] building features...
    feats=487.11s  linear=0.4643  tree=0.2810
[stl     b=10000  d=1 seed=5] building features...
    feats=467.57s  linear=0.4548  tree=0.3512
[stl     b=10000  d=1 seed=6] building features...
    feats=488.02s  linear=0.4821  tree=0.2798
[stl     b=10000  d=1 seed=7] building features...
    feats=472.44s  linear=0.5179  tree=0.2512
[stl     b=10000  d=1 seed=8] building features...
    feats=485.44s  linear=0.4452  tree=0.2857
[stl     b=10000  d=1 seed=9] building features...
    feats=468.83s  linear=0.3845  tree=0.2857

Feature builds: 10 (full sweep would be 10; fewer if any STL configuration hit its time budget)

Done. Results saved to: /share/ai-lab/adsiega/STLRocket/results/HandMovementDirection_20260915_180457_f5c7ff51
