Task 27: dataset=UWaveGestureLibrary n_formulas=1000 depth_max=1 until_weight=0
Output directory: /share/ai-lab/adsiega/STLRocket/results/UWaveGestureLibrary_20260915_173234_baa85a8b
Dataset: UWaveGestureLibrary  budgets: [1000]  depths: [1]  n_run: 10  cv: 5  config_budget: 28800.0s

Loading dataset...
  train: (120, 3, 315)  test: (320, 3, 315)
[stl     b=1000   d=1 seed=0] building features...
    feats=0.79s  linear=0.8438  tree=0.6750
[stl     b=1000   d=1 seed=1] building features...
    feats=0.77s  linear=0.8750  tree=0.6094
[stl     b=1000   d=1 seed=2] building features...
    feats=0.66s  linear=0.8688  tree=0.6750
[stl     b=1000   d=1 seed=3] building features...
    feats=0.61s  linear=0.8750  tree=0.7156
[stl     b=1000   d=1 seed=4] building features...
    feats=0.70s  linear=0.8750  tree=0.6562
[stl     b=1000   d=1 seed=5] building features...
    feats=0.60s  linear=0.8656  tree=0.6687
[stl     b=1000   d=1 seed=6] building features...
    feats=0.81s  linear=0.8813  tree=0.6531
[stl     b=1000   d=1 seed=7] building features...
    feats=0.63s  linear=0.8094  tree=0.6281
[stl     b=1000   d=1 seed=8] building features...
    feats=0.60s  linear=0.8063  tree=0.6594
[stl     b=1000   d=1 seed=9] building features...
    feats=0.68s  linear=0.8594  tree=0.7125

Feature builds: 10 (full sweep would be 10; fewer if any STL configuration hit its time budget)

Done. Results saved to: /share/ai-lab/adsiega/STLRocket/results/UWaveGestureLibrary_20260915_173234_baa85a8b
