Task 184: dataset=RacketSports n_formulas=1000 depth_max=2 until_weight=1
Output directory: /share/ai-lab/adsiega/STLRocket/results/RacketSports_20260915_185149_1a9b7102
Dataset: RacketSports  budgets: [1000]  depths: [2]  n_run: 10  cv: 5  config_budget: 28800.0s

Loading dataset...
  train: (151, 6, 30)  test: (152, 6, 30)
[stl     b=1000   d=2 seed=0] building features...
    feats=2.01s  linear=0.8208  tree=0.6912
[stl     b=1000   d=2 seed=1] building features...
    feats=1.85s  linear=0.8686  tree=0.7637
[stl     b=1000   d=2 seed=2] building features...
    feats=1.78s  linear=0.8724  tree=0.6745
[stl     b=1000   d=2 seed=3] building features...
    feats=2.10s  linear=0.8479  tree=0.7168
[stl     b=1000   d=2 seed=4] building features...
    feats=2.05s  linear=0.8117  tree=0.7151
[stl     b=1000   d=2 seed=5] building features...
    feats=1.90s  linear=0.8378  tree=0.6273
[stl     b=1000   d=2 seed=6] building features...
    feats=1.88s  linear=0.8128  tree=0.7055
[stl     b=1000   d=2 seed=7] building features...
    feats=1.76s  linear=0.8382  tree=0.7230
[stl     b=1000   d=2 seed=8] building features...
    feats=1.76s  linear=0.8262  tree=0.7593
[stl     b=1000   d=2 seed=9] building features...
    feats=1.74s  linear=0.8432  tree=0.6550

Feature builds: 10 (full sweep would be 10; fewer if any STL configuration hit its time budget)

Done. Results saved to: /share/ai-lab/adsiega/STLRocket/results/RacketSports_20260915_185149_1a9b7102
