Task 95: dataset=HandMovementDirection n_formulas=100 depth_max=3 until_weight=0
Output directory: /share/ai-lab/adsiega/STLRocket/results/HandMovementDirection_20260915_174407_1b24791d
Dataset: HandMovementDirection  budgets: [100]  depths: [3]  n_run: 10  cv: 5  config_budget: 28800.0s

Loading dataset...
  train: (160, 10, 400)  test: (74, 10, 400)
[stl     b=100    d=3 seed=0] building features...
    feats=0.10s  linear=0.4369  tree=0.2786
[stl     b=100    d=3 seed=1] building features...
    feats=0.10s  linear=0.2500  tree=0.2071
[stl     b=100    d=3 seed=2] building features...
    feats=0.08s  linear=0.2440  tree=0.2464
[stl     b=100    d=3 seed=3] building features...
    feats=0.09s  linear=0.2298  tree=0.3714
[stl     b=100    d=3 seed=4] building features...
    feats=0.09s  linear=0.3714  tree=0.2833
[stl     b=100    d=3 seed=5] building features...
    feats=0.09s  linear=0.3179  tree=0.2548
[stl     b=100    d=3 seed=6] building features...
    feats=0.09s  linear=0.3976  tree=0.2476
[stl     b=100    d=3 seed=7] building features...
    feats=0.10s  linear=0.3750  tree=0.4167
[stl     b=100    d=3 seed=8] building features...
    feats=0.10s  linear=0.2952  tree=0.2631
[stl     b=100    d=3 seed=9] building features...
    feats=0.08s  linear=0.3893  tree=0.2881

Feature builds: 10 (full sweep would be 10; fewer if any STL configuration hit its time budget)

Done. Results saved to: /share/ai-lab/adsiega/STLRocket/results/HandMovementDirection_20260915_174407_1b24791d
