Task 215: dataset=HandMovementDirection n_formulas=100 depth_max=3 until_weight=1
Output directory: /share/ai-lab/adsiega/STLRocket/results/HandMovementDirection_20260915_210546_cbbb33fb
Dataset: HandMovementDirection  budgets: [100]  depths: [3]  n_run: 10  cv: 5  config_budget: 28800.0s

Loading dataset...
  train: (160, 10, 400)  test: (74, 10, 400)
[stl     b=100    d=3 seed=0] building features...
    feats=12.65s  linear=0.2500  tree=0.3286
[stl     b=100    d=3 seed=1] building features...
    feats=12.12s  linear=0.2679  tree=0.2381
[stl     b=100    d=3 seed=2] building features...
    feats=10.49s  linear=0.3893  tree=0.2512
[stl     b=100    d=3 seed=3] building features...
    feats=12.31s  linear=0.3083  tree=0.2369
[stl     b=100    d=3 seed=4] building features...
    feats=9.87s  linear=0.2500  tree=0.2714
[stl     b=100    d=3 seed=5] building features...
    feats=11.38s  linear=0.2393  tree=0.2607
[stl     b=100    d=3 seed=6] building features...
    feats=9.70s  linear=0.2750  tree=0.2250
[stl     b=100    d=3 seed=7] building features...
    feats=8.24s  linear=0.4274  tree=0.2929
[stl     b=100    d=3 seed=8] building features...
    feats=12.33s  linear=0.2500  tree=0.3012
[stl     b=100    d=3 seed=9] building features...
    feats=14.81s  linear=0.3726  tree=0.2190

Feature builds: 10 (full sweep would be 10; fewer if any STL configuration hit its time budget)

Done. Results saved to: /share/ai-lab/adsiega/STLRocket/results/HandMovementDirection_20260915_210546_cbbb33fb
