Task 93: dataset=DuckDuckGeese n_formulas=100 depth_max=3 until_weight=0
Output directory: /share/ai-lab/adsiega/STLRocket/results/DuckDuckGeese_20260915_174351_ce7891af
Dataset: DuckDuckGeese  budgets: [100]  depths: [3]  n_run: 10  cv: 5  config_budget: 28800.0s

Loading dataset...
  train: (50, 1345, 270)  test: (50, 1345, 270)
[stl     b=100    d=3 seed=0] building features...
    feats=0.11s  linear=0.4200  tree=0.4400
[stl     b=100    d=3 seed=1] building features...
    feats=0.09s  linear=0.2000  tree=0.4000
[stl     b=100    d=3 seed=2] building features...
    feats=0.09s  linear=0.3200  tree=0.3400
[stl     b=100    d=3 seed=3] building features...
    feats=0.09s  linear=0.4000  tree=0.4800
[stl     b=100    d=3 seed=4] building features...
    feats=0.09s  linear=0.4400  tree=0.4000
[stl     b=100    d=3 seed=5] building features...
    feats=0.09s  linear=0.3000  tree=0.3000
[stl     b=100    d=3 seed=6] building features...
    feats=0.09s  linear=0.3800  tree=0.3200
[stl     b=100    d=3 seed=7] building features...
    feats=0.09s  linear=0.4400  tree=0.4800
[stl     b=100    d=3 seed=8] building features...
    feats=0.09s  linear=0.4200  tree=0.4600
[stl     b=100    d=3 seed=9] building features...
    feats=0.09s  linear=0.4000  tree=0.2600

Feature builds: 10 (full sweep would be 10; fewer if any STL configuration hit its time budget)

Done. Results saved to: /share/ai-lab/adsiega/STLRocket/results/DuckDuckGeese_20260915_174351_ce7891af
