Task 103: dataset=DuckDuckGeese n_formulas=1000 depth_max=3 until_weight=0
Output directory: /share/ai-lab/adsiega/STLRocket/results/DuckDuckGeese_20260915_174525_0bc2b830
Dataset: DuckDuckGeese  budgets: [1000]  depths: [3]  n_run: 10  cv: 5  config_budget: 28800.0s

Loading dataset...
  train: (50, 1345, 270)  test: (50, 1345, 270)
[stl     b=1000   d=3 seed=0] building features...
    feats=0.59s  linear=0.5800  tree=0.4600
[stl     b=1000   d=3 seed=1] building features...
    feats=0.60s  linear=0.3400  tree=0.4600
[stl     b=1000   d=3 seed=2] building features...
    feats=0.57s  linear=0.4800  tree=0.4200
[stl     b=1000   d=3 seed=3] building features...
    feats=0.56s  linear=0.3800  tree=0.4200
[stl     b=1000   d=3 seed=4] building features...
    feats=0.56s  linear=0.5800  tree=0.4600
[stl     b=1000   d=3 seed=5] building features...
    feats=0.61s  linear=0.4800  tree=0.4400
[stl     b=1000   d=3 seed=6] building features...
    feats=0.65s  linear=0.4800  tree=0.5000
[stl     b=1000   d=3 seed=7] building features...
    feats=0.58s  linear=0.3800  tree=0.5200
[stl     b=1000   d=3 seed=8] building features...
    feats=0.58s  linear=0.4800  tree=0.4800
[stl     b=1000   d=3 seed=9] building features...
    feats=0.56s  linear=0.4800  tree=0.4600

Feature builds: 10 (full sweep would be 10; fewer if any STL configuration hit its time budget)

Done. Results saved to: /share/ai-lab/adsiega/STLRocket/results/DuckDuckGeese_20260915_174525_0bc2b830
