Task 196: dataset=Heartbeat n_formulas=10000 depth_max=2 until_weight=1
Output directory: /share/ai-lab/adsiega/STLRocket/results/Heartbeat_20260915_194834_8e9dcbfa
Dataset: Heartbeat  budgets: [10000]  depths: [2]  n_run: 10  cv: 5  config_budget: 28800.0s

Loading dataset...
  train: (204, 61, 405)  test: (205, 61, 405)
[stl     b=10000  d=2 seed=0] building features...
    feats=1502.25s  linear=0.6096  tree=0.5781
[stl     b=10000  d=2 seed=1] building features...
    feats=1421.62s  linear=0.5888  tree=0.6624
[stl     b=10000  d=2 seed=2] building features...
    feats=1397.64s  linear=0.6658  tree=0.6395
[stl     b=10000  d=2 seed=3] building features...
    feats=1416.42s  linear=0.6562  tree=0.6341
[stl     b=10000  d=2 seed=4] building features...
    feats=1426.35s  linear=0.6408  tree=0.6091
[stl     b=10000  d=2 seed=5] building features...
    feats=1433.00s  linear=0.6536  tree=0.6341
[stl     b=10000  d=2 seed=6] building features...
    feats=1444.73s  linear=0.6198  tree=0.6017
[stl     b=10000  d=2 seed=7] building features...
    feats=1420.66s  linear=0.6711  tree=0.5963
[stl     b=10000  d=2 seed=8] building features...
    feats=1424.28s  linear=0.6799  tree=0.5903
[stl     b=10000  d=2 seed=9] building features...
    feats=1475.37s  linear=0.6104  tree=0.6118

Feature builds: 10 (full sweep would be 10; fewer if any STL configuration hit its time budget)

Done. Results saved to: /share/ai-lab/adsiega/STLRocket/results/Heartbeat_20260915_194834_8e9dcbfa
