Task 170: dataset=StandWalkJump n_formulas=100 depth_max=2 until_weight=1
Output directory: /share/ai-lab/adsiega/STLRocket/results/StandWalkJump_20260915_183049_fb8fbb29
Dataset: StandWalkJump  budgets: [100]  depths: [2]  n_run: 10  cv: 5  config_budget: 28800.0s

Loading dataset...
  train: (12, 4, 2500)  test: (15, 4, 2500)
[stl     b=100    d=2 seed=0] building features...
    feats=43.71s  linear=0.3333  tree=0.2667
[stl     b=100    d=2 seed=1] building features...
    feats=34.94s  linear=0.3333  tree=0.2667
[stl     b=100    d=2 seed=2] building features...
    feats=36.79s  linear=0.3333  tree=0.2667
[stl     b=100    d=2 seed=3] building features...
    feats=35.29s  linear=0.2667  tree=0.2000
[stl     b=100    d=2 seed=4] building features...
    feats=34.50s  linear=0.1333  tree=0.2667
[stl     b=100    d=2 seed=5] building features...
    feats=36.74s  linear=0.3333  tree=0.4667
[stl     b=100    d=2 seed=6] building features...
    feats=43.84s  linear=0.3333  tree=0.2000
[stl     b=100    d=2 seed=7] building features...
    feats=44.27s  linear=0.2000  tree=0.2667
[stl     b=100    d=2 seed=8] building features...
    feats=38.97s  linear=0.3333  tree=0.6000
[stl     b=100    d=2 seed=9] building features...
    feats=54.54s  linear=0.3333  tree=0.2667

Feature builds: 10 (full sweep would be 10; fewer if any STL configuration hit its time budget)

Done. Results saved to: /share/ai-lab/adsiega/STLRocket/results/StandWalkJump_20260915_183049_fb8fbb29
