Task 105: dataset=HandMovementDirection n_formulas=1000 depth_max=3 until_weight=0
Output directory: /share/ai-lab/adsiega/STLRocket/results/HandMovementDirection_20260915_174526_8ff393e5
Dataset: HandMovementDirection  budgets: [1000]  depths: [3]  n_run: 10  cv: 5  config_budget: 28800.0s

Loading dataset...
  train: (160, 10, 400)  test: (74, 10, 400)
[stl     b=1000   d=3 seed=0] building features...
    feats=1.67s  linear=0.4036  tree=0.3298
[stl     b=1000   d=3 seed=1] building features...
    feats=2.69s  linear=0.5238  tree=0.2964
[stl     b=1000   d=3 seed=2] building features...
    feats=0.88s  linear=0.3083  tree=0.3131
[stl     b=1000   d=3 seed=3] building features...
    feats=0.85s  linear=0.2500  tree=0.2917
[stl     b=1000   d=3 seed=4] building features...
    feats=1.03s  linear=0.3952  tree=0.2881
[stl     b=1000   d=3 seed=5] building features...
    feats=0.98s  linear=0.3810  tree=0.3226
[stl     b=1000   d=3 seed=6] building features...
    feats=1.09s  linear=0.5417  tree=0.2536
[stl     b=1000   d=3 seed=7] building features...
    feats=2.79s  linear=0.3750  tree=0.3786
[stl     b=1000   d=3 seed=8] building features...
    feats=0.85s  linear=0.4036  tree=0.3786
[stl     b=1000   d=3 seed=9] building features...
    feats=1.44s  linear=0.4405  tree=0.3250

Feature builds: 10 (full sweep would be 10; fewer if any STL configuration hit its time budget)

Done. Results saved to: /share/ai-lab/adsiega/STLRocket/results/HandMovementDirection_20260915_174526_8ff393e5
