Task 64: dataset=RacketSports n_formulas=1000 depth_max=2 until_weight=0
Output directory: /share/ai-lab/adsiega/STLRocket/results/RacketSports_20260915_173848_9bea3689
Dataset: RacketSports  budgets: [1000]  depths: [2]  n_run: 10  cv: 5  config_budget: 28800.0s

Loading dataset...
  train: (151, 6, 30)  test: (152, 6, 30)
[stl     b=1000   d=2 seed=0] building features...
    feats=0.40s  linear=0.7916  tree=0.7680
[stl     b=1000   d=2 seed=1] building features...
    feats=0.39s  linear=0.8267  tree=0.6750
[stl     b=1000   d=2 seed=2] building features...
    feats=0.40s  linear=0.8148  tree=0.7706
[stl     b=1000   d=2 seed=3] building features...
    feats=0.41s  linear=0.7746  tree=0.6895
[stl     b=1000   d=2 seed=4] building features...
    feats=0.40s  linear=0.7990  tree=0.7628
[stl     b=1000   d=2 seed=5] building features...
    feats=0.38s  linear=0.7658  tree=0.7151
[stl     b=1000   d=2 seed=6] building features...
    feats=0.39s  linear=0.8166  tree=0.6792
[stl     b=1000   d=2 seed=7] building features...
    feats=0.39s  linear=0.7867  tree=0.7383
[stl     b=1000   d=2 seed=8] building features...
    feats=0.39s  linear=0.8362  tree=0.7106
[stl     b=1000   d=2 seed=9] building features...
    feats=0.39s  linear=0.8434  tree=0.7394

Feature builds: 10 (full sweep would be 10; fewer if any STL configuration hit its time budget)

Done. Results saved to: /share/ai-lab/adsiega/STLRocket/results/RacketSports_20260915_173848_9bea3689
