Task 224: dataset=RacketSports n_formulas=1000 depth_max=3 until_weight=1
Output directory: /share/ai-lab/adsiega/STLRocket/results/RacketSports_20260915_213538_94885162
Dataset: RacketSports  budgets: [1000]  depths: [3]  n_run: 10  cv: 5  config_budget: 28800.0s

Loading dataset...
  train: (151, 6, 30)  test: (152, 6, 30)
[stl     b=1000   d=3 seed=0] building features...
    feats=3.48s  linear=0.8376  tree=0.6869
[stl     b=1000   d=3 seed=1] building features...
    feats=2.81s  linear=0.8496  tree=0.7004
[stl     b=1000   d=3 seed=2] building features...
    feats=3.16s  linear=0.8488  tree=0.7159
[stl     b=1000   d=3 seed=3] building features...
    feats=2.60s  linear=0.7744  tree=0.6599
[stl     b=1000   d=3 seed=4] building features...
    feats=2.79s  linear=0.8081  tree=0.6916
[stl     b=1000   d=3 seed=5] building features...
    feats=2.90s  linear=0.8114  tree=0.7014
[stl     b=1000   d=3 seed=6] building features...
    feats=2.70s  linear=0.8340  tree=0.6860
[stl     b=1000   d=3 seed=7] building features...
    feats=2.81s  linear=0.8199  tree=0.6797
[stl     b=1000   d=3 seed=8] building features...
    feats=2.62s  linear=0.8431  tree=0.7018
[stl     b=1000   d=3 seed=9] building features...
    feats=2.77s  linear=0.8132  tree=0.6793

Feature builds: 10 (full sweep would be 10; fewer if any STL configuration hit its time budget)

Done. Results saved to: /share/ai-lab/adsiega/STLRocket/results/RacketSports_20260915_213538_94885162
