Task 125: dataset=HandMovementDirection n_formulas=10 depth_max=1 until_weight=1
Output directory: /share/ai-lab/adsiega/STLRocket/results/HandMovementDirection_20260915_174937_efd5061d
Dataset: HandMovementDirection  budgets: [10]  depths: [1]  n_run: 10  cv: 5  config_budget: 28800.0s

Loading dataset...
  train: (160, 10, 400)  test: (74, 10, 400)
[stl     b=10     d=1 seed=0] building features...
    feats=1.78s  linear=0.2500  tree=0.1976
[stl     b=10     d=1 seed=1] building features...
    feats=0.48s  linear=0.4071  tree=0.1845
[stl     b=10     d=1 seed=2] building features...
    feats=1.42s  linear=0.2667  tree=0.2917
[stl     b=10     d=1 seed=3] building features...
    feats=0.46s  linear=0.3667  tree=0.1607
[stl     b=10     d=1 seed=4] building features...
    feats=0.47s  linear=0.2917  tree=0.1607
[stl     b=10     d=1 seed=5] building features...
    feats=0.09s  linear=0.2500  tree=0.3083
[stl     b=10     d=1 seed=6] building features...
    feats=0.01s  linear=0.2500  tree=0.2964
[stl     b=10     d=1 seed=7] building features...
    feats=0.08s  linear=0.2738  tree=0.2107
[stl     b=10     d=1 seed=8] building features...
    feats=0.25s  linear=0.3202  tree=0.2548
[stl     b=10     d=1 seed=9] building features...
    feats=0.58s  linear=0.4262  tree=0.2131

Feature builds: 10 (full sweep would be 10; fewer if any STL configuration hit its time budget)

Done. Results saved to: /share/ai-lab/adsiega/STLRocket/results/HandMovementDirection_20260915_174937_efd5061d
