Task 84: dataset=RacketSports n_formulas=10 depth_max=3 until_weight=0
Output directory: /share/ai-lab/adsiega/STLRocket/results/RacketSports_20260915_174238_301656c4
Dataset: RacketSports  budgets: [10]  depths: [3]  n_run: 10  cv: 5  config_budget: 28800.0s

Loading dataset...
  train: (151, 6, 30)  test: (152, 6, 30)
[stl     b=10     d=3 seed=0] building features...
    feats=0.02s  linear=0.5510  tree=0.5062
[stl     b=10     d=3 seed=1] building features...
    feats=0.01s  linear=0.6429  tree=0.6036
[stl     b=10     d=3 seed=2] building features...
    feats=0.01s  linear=0.5873  tree=0.6296
[stl     b=10     d=3 seed=3] building features...
    feats=0.01s  linear=0.4829  tree=0.5535
[stl     b=10     d=3 seed=4] building features...
    feats=0.01s  linear=0.6024  tree=0.6420
[stl     b=10     d=3 seed=5] building features...
    feats=0.01s  linear=0.5950  tree=0.5916
[stl     b=10     d=3 seed=6] building features...
    feats=0.01s  linear=0.5986  tree=0.6210
[stl     b=10     d=3 seed=7] building features...
    feats=0.01s  linear=0.4729  tree=0.5433
[stl     b=10     d=3 seed=8] building features...
    feats=0.01s  linear=0.5828  tree=0.5479
[stl     b=10     d=3 seed=9] building features...
    feats=0.01s  linear=0.5256  tree=0.5972

Feature builds: 10 (full sweep would be 10; fewer if any STL configuration hit its time budget)

Done. Results saved to: /share/ai-lab/adsiega/STLRocket/results/RacketSports_20260915_174238_301656c4
