Task 145: dataset=HandMovementDirection n_formulas=1000 depth_max=1 until_weight=1
Output directory: /share/ai-lab/adsiega/STLRocket/results/HandMovementDirection_20260915_175409_a18a7bc7
Dataset: HandMovementDirection  budgets: [1000]  depths: [1]  n_run: 10  cv: 5  config_budget: 28800.0s

Loading dataset...
  train: (160, 10, 400)  test: (74, 10, 400)
[stl     b=1000   d=1 seed=0] building features...
    feats=65.19s  linear=0.3905  tree=0.2774
[stl     b=1000   d=1 seed=1] building features...
    feats=61.53s  linear=0.4643  tree=0.3440
[stl     b=1000   d=1 seed=2] building features...
    feats=60.99s  linear=0.3964  tree=0.2619
[stl     b=1000   d=1 seed=3] building features...
    feats=60.05s  linear=0.3952  tree=0.2881
[stl     b=1000   d=1 seed=4] building features...
    feats=63.08s  linear=0.4214  tree=0.2667
[stl     b=1000   d=1 seed=5] building features...
    feats=58.16s  linear=0.2500  tree=0.3321
[stl     b=1000   d=1 seed=6] building features...
    feats=64.24s  linear=0.3786  tree=0.2560
[stl     b=1000   d=1 seed=7] building features...
    feats=59.60s  linear=0.4833  tree=0.3214
[stl     b=1000   d=1 seed=8] building features...
    feats=67.19s  linear=0.4048  tree=0.2143
[stl     b=1000   d=1 seed=9] building features...
    feats=73.01s  linear=0.2500  tree=0.2857

Feature builds: 10 (full sweep would be 10; fewer if any STL configuration hit its time budget)

Done. Results saved to: /share/ai-lab/adsiega/STLRocket/results/HandMovementDirection_20260915_175409_a18a7bc7
