Task 169: dataset=Cricket n_formulas=10 depth_max=2 until_weight=1
Output directory: /share/ai-lab/adsiega/STLRocket/results/Cricket_20260915_182918_9fad49f4
Dataset: Cricket  budgets: [10]  depths: [2]  n_run: 10  cv: 5  config_budget: 28800.0s

Loading dataset...
  train: (108, 6, 1197)  test: (72, 6, 1197)
[stl     b=10     d=2 seed=0] building features...
    feats=11.55s  linear=0.7917  tree=0.6667
[stl     b=10     d=2 seed=1] building features...
    feats=14.02s  linear=0.8333  tree=0.7639
[stl     b=10     d=2 seed=2] building features...
    feats=7.43s  linear=0.8056  tree=0.7778
[stl     b=10     d=2 seed=3] building features...
    feats=8.31s  linear=0.7778  tree=0.8333
[stl     b=10     d=2 seed=4] building features...
    feats=4.51s  linear=0.5833  tree=0.7083
[stl     b=10     d=2 seed=5] building features...
    feats=0.19s  linear=0.9028  tree=0.8333
[stl     b=10     d=2 seed=6] building features...
    feats=0.16s  linear=0.7639  tree=0.6806
[stl     b=10     d=2 seed=7] building features...
    feats=2.04s  linear=0.7222  tree=0.8056
[stl     b=10     d=2 seed=8] building features...
    feats=7.87s  linear=0.6389  tree=0.6111
[stl     b=10     d=2 seed=9] building features...
    feats=6.47s  linear=0.7639  tree=0.7917

Feature builds: 10 (full sweep would be 10; fewer if any STL configuration hit its time budget)

Done. Results saved to: /share/ai-lab/adsiega/STLRocket/results/Cricket_20260915_182918_9fad49f4
