Task 78: dataset=Epilepsy n_formulas=10000 depth_max=2 until_weight=0
Output directory: /share/ai-lab/adsiega/STLRocket/results/Epilepsy_20260915_174134_67a6d458
Dataset: Epilepsy  budgets: [10000]  depths: [2]  n_run: 10  cv: 5  config_budget: 28800.0s

Loading dataset...
  train: (137, 3, 206)  test: (138, 3, 206)
[stl     b=10000  d=2 seed=0] building features...
    feats=6.45s  linear=0.9718  tree=0.8470
[stl     b=10000  d=2 seed=1] building features...
    feats=6.85s  linear=0.9577  tree=0.8194
[stl     b=10000  d=2 seed=2] building features...
    feats=5.84s  linear=0.9577  tree=0.9239
[stl     b=10000  d=2 seed=3] building features...
    feats=6.17s  linear=0.9718  tree=0.8477
[stl     b=10000  d=2 seed=4] building features...
    feats=5.64s  linear=0.9718  tree=0.8624
[stl     b=10000  d=2 seed=5] building features...
    feats=5.82s  linear=0.9577  tree=0.8311
[stl     b=10000  d=2 seed=6] building features...
    feats=5.88s  linear=0.9859  tree=0.8647
[stl     b=10000  d=2 seed=7] building features...
    feats=5.91s  linear=0.9493  tree=0.8182
[stl     b=10000  d=2 seed=8] building features...
    feats=5.60s  linear=0.9650  tree=0.8294
[stl     b=10000  d=2 seed=9] building features...
    feats=5.76s  linear=0.9374  tree=0.8987

Feature builds: 10 (full sweep would be 10; fewer if any STL configuration hit its time budget)

Done. Results saved to: /share/ai-lab/adsiega/STLRocket/results/Epilepsy_20260915_174134_67a6d458
