Task 73: dataset=DuckDuckGeese n_formulas=10000 depth_max=2 until_weight=0
Output directory: /share/ai-lab/adsiega/STLRocket/results/DuckDuckGeese_20260915_174025_083850a9
Dataset: DuckDuckGeese  budgets: [10000]  depths: [2]  n_run: 10  cv: 5  config_budget: 28800.0s

Loading dataset...
  train: (50, 1345, 270)  test: (50, 1345, 270)
[stl     b=10000  d=2 seed=0] building features...
    feats=5.01s  linear=0.3600  tree=0.4400
[stl     b=10000  d=2 seed=1] building features...
    feats=5.21s  linear=0.4800  tree=0.5400
[stl     b=10000  d=2 seed=2] building features...
    feats=4.81s  linear=0.5800  tree=0.4800
[stl     b=10000  d=2 seed=3] building features...
    feats=4.87s  linear=0.5200  tree=0.4400
[stl     b=10000  d=2 seed=4] building features...
    feats=4.58s  linear=0.4800  tree=0.5400
[stl     b=10000  d=2 seed=5] building features...
    feats=5.17s  linear=0.3200  tree=0.4800
[stl     b=10000  d=2 seed=6] building features...
    feats=5.03s  linear=0.6000  tree=0.4200
[stl     b=10000  d=2 seed=7] building features...
    feats=4.86s  linear=0.5600  tree=0.4600
[stl     b=10000  d=2 seed=8] building features...
    feats=4.69s  linear=0.5600  tree=0.4600
[stl     b=10000  d=2 seed=9] building features...
    feats=4.66s  linear=0.4200  tree=0.3800

Feature builds: 10 (full sweep would be 10; fewer if any STL configuration hit its time budget)

Done. Results saved to: /share/ai-lab/adsiega/STLRocket/results/DuckDuckGeese_20260915_174025_083850a9
