Task 154: dataset=RacketSports n_formulas=10000 depth_max=1 until_weight=1
Output directory: /share/ai-lab/adsiega/STLRocket/results/RacketSports_20260915_180437_fd6a7810
Dataset: RacketSports  budgets: [10000]  depths: [1]  n_run: 10  cv: 5  config_budget: 28800.0s

Loading dataset...
  train: (151, 6, 30)  test: (152, 6, 30)
[stl     b=10000  d=1 seed=0] building features...
    feats=15.04s  linear=0.8431  tree=0.7909
[stl     b=10000  d=1 seed=1] building features...
    feats=15.00s  linear=0.8662  tree=0.7511
[stl     b=10000  d=1 seed=2] building features...
    feats=14.18s  linear=0.8624  tree=0.7289
[stl     b=10000  d=1 seed=3] building features...
    feats=14.94s  linear=0.8735  tree=0.6891
[stl     b=10000  d=1 seed=4] building features...
    feats=14.97s  linear=0.8753  tree=0.7129
[stl     b=10000  d=1 seed=5] building features...
    feats=14.62s  linear=0.8383  tree=0.7267
[stl     b=10000  d=1 seed=6] building features...
    feats=14.86s  linear=0.8557  tree=0.7535
[stl     b=10000  d=1 seed=7] building features...
    feats=14.38s  linear=0.8382  tree=0.6937
[stl     b=10000  d=1 seed=8] building features...
    feats=15.10s  linear=0.8757  tree=0.7541
[stl     b=10000  d=1 seed=9] building features...
    feats=14.72s  linear=0.8328  tree=0.6767

Feature builds: 10 (full sweep would be 10; fewer if any STL configuration hit its time budget)

Done. Results saved to: /share/ai-lab/adsiega/STLRocket/results/RacketSports_20260915_180437_fd6a7810
