Task 165: dataset=HandMovementDirection n_formulas=10 depth_max=2 until_weight=1
Output directory: /share/ai-lab/adsiega/STLRocket/results/HandMovementDirection_20260915_182654_c95ca0ab
Dataset: HandMovementDirection  budgets: [10]  depths: [2]  n_run: 10  cv: 5  config_budget: 28800.0s

Loading dataset...
  train: (160, 10, 400)  test: (74, 10, 400)
[stl     b=10     d=2 seed=0] building features...
    feats=1.41s  linear=0.2369  tree=0.2762
[stl     b=10     d=2 seed=1] building features...
    feats=1.07s  linear=0.2833  tree=0.2107
[stl     b=10     d=2 seed=2] building features...
    feats=0.70s  linear=0.2500  tree=0.2048
[stl     b=10     d=2 seed=3] building features...
    feats=1.11s  linear=0.2917  tree=0.2714
[stl     b=10     d=2 seed=4] building features...
    feats=1.44s  linear=0.2095  tree=0.2619
[stl     b=10     d=2 seed=5] building features...
    feats=0.63s  linear=0.2500  tree=0.2869
[stl     b=10     d=2 seed=6] building features...
    feats=0.56s  linear=0.2500  tree=0.2750
[stl     b=10     d=2 seed=7] building features...
    feats=0.87s  linear=0.2500  tree=0.2631
[stl     b=10     d=2 seed=8] building features...
    feats=1.22s  linear=0.2786  tree=0.3440
[stl     b=10     d=2 seed=9] building features...
    feats=1.12s  linear=0.2952  tree=0.2548

Feature builds: 10 (full sweep would be 10; fewer if any STL configuration hit its time budget)

Done. Results saved to: /share/ai-lab/adsiega/STLRocket/results/HandMovementDirection_20260915_182654_c95ca0ab
