Task 38: dataset=Epilepsy n_kernels=10000
Output directory: /share/ai-lab/adsiega/STLRocket/results/rocket_Epilepsy_20260916_000140_0c1b1eba
Dataset: Epilepsy  budgets(kernels): [10000]  n_run: 10  cv: 5  config_budget: 28800.0s

Loading dataset...
  train: (137, 3, 206)  test: (138, 3, 206)
[rocket  k=10000  seed=0] building features...
    feats=2.17s  ridge=0.9712  linear=0.9481
[rocket  k=10000  seed=1] building features...
    feats=2.13s  ridge=0.9638  linear=0.9122
[rocket  k=10000  seed=2] building features...
    feats=2.04s  ridge=0.9785  linear=0.9174
[rocket  k=10000  seed=3] building features...
    feats=2.02s  ridge=0.9785  linear=0.8637
[rocket  k=10000  seed=4] building features...
    feats=2.03s  ridge=0.9638  linear=0.9100
[rocket  k=10000  seed=5] building features...
    feats=2.04s  ridge=0.9712  linear=0.8959
[rocket  k=10000  seed=6] building features...
    feats=1.96s  ridge=0.9785  linear=0.9033
[rocket  k=10000  seed=7] building features...
    feats=2.04s  ridge=0.9712  linear=0.9126
[rocket  k=10000  seed=8] building features...
    feats=1.96s  ridge=0.9712  linear=0.9549
[rocket  k=10000  seed=9] building features...
    feats=2.02s  ridge=0.9638  linear=0.9692

Feature builds: 10 (full sweep would be 10; fewer if any configuration hit its time budget)

Done. Results saved to: /share/ai-lab/adsiega/STLRocket/results/rocket_Epilepsy_20260916_000140_0c1b1eba
