Task 19: dataset=Cricket n_kernels=100
Output directory: /share/ai-lab/adsiega/STLRocket/results/rocket_Cricket_20260916_000106_52cee761
Dataset: Cricket  budgets(kernels): [100]  n_run: 10  cv: 5  config_budget: 28800.0s

Loading dataset...
  train: (108, 6, 1197)  test: (72, 6, 1197)
[rocket  k=100    seed=0] building features...
    feats=0.20s  ridge=0.9444  linear=0.9028
[rocket  k=100    seed=1] building features...
    feats=0.21s  ridge=0.9583  linear=0.9167
[rocket  k=100    seed=2] building features...
    feats=0.32s  ridge=0.9306  linear=0.9306
[rocket  k=100    seed=3] building features...
    feats=0.25s  ridge=0.9583  linear=0.9306
[rocket  k=100    seed=4] building features...
    feats=0.23s  ridge=0.9583  linear=0.8611
[rocket  k=100    seed=5] building features...
    feats=0.24s  ridge=0.9861  linear=0.9167
[rocket  k=100    seed=6] building features...
    feats=0.23s  ridge=0.9444  linear=0.9306
[rocket  k=100    seed=7] building features...
    feats=0.20s  ridge=0.9444  linear=0.9028
[rocket  k=100    seed=8] building features...
    feats=0.30s  ridge=0.9444  linear=0.9167
[rocket  k=100    seed=9] building features...
    feats=0.19s  ridge=0.9306  linear=0.9028

Feature builds: 10 (full sweep would be 10; fewer if any configuration hit its time budget)

Done. Results saved to: /share/ai-lab/adsiega/STLRocket/results/rocket_Cricket_20260916_000106_52cee761
