Task 30: dataset=StandWalkJump n_kernels=10000
Output directory: /share/ai-lab/adsiega/STLRocket/results/rocket_StandWalkJump_20260916_000136_747b7225
Dataset: StandWalkJump  budgets(kernels): [10000]  n_run: 10  cv: 5  config_budget: 28800.0s

Loading dataset...
  train: (12, 4, 2500)  test: (15, 4, 2500)
[rocket  k=10000  seed=0] building features...
    feats=3.73s  ridge=0.6000  linear=0.5333
[rocket  k=10000  seed=1] building features...
    feats=3.60s  ridge=0.5333  linear=0.4667
[rocket  k=10000  seed=2] building features...
    feats=3.87s  ridge=0.5333  linear=0.3333
[rocket  k=10000  seed=3] building features...
    feats=3.64s  ridge=0.5333  linear=0.4667
[rocket  k=10000  seed=4] building features...
    feats=4.12s  ridge=0.5333  linear=0.4667
[rocket  k=10000  seed=5] building features...
    feats=3.81s  ridge=0.4667  linear=0.3333
[rocket  k=10000  seed=6] building features...
    feats=3.52s  ridge=0.5333  linear=0.5333
[rocket  k=10000  seed=7] building features...
    feats=4.15s  ridge=0.5333  linear=0.6000
[rocket  k=10000  seed=8] building features...
    feats=3.69s  ridge=0.5333  linear=0.3333
[rocket  k=10000  seed=9] building features...
    feats=3.66s  ridge=0.5333  linear=0.3333

Feature builds: 10 (full sweep would be 10; fewer if any configuration hit its time budget)

Done. Results saved to: /share/ai-lab/adsiega/STLRocket/results/rocket_StandWalkJump_20260916_000136_747b7225
