Task 5: dataset=HandMovementDirection n_kernels=10
Output directory: /share/ai-lab/adsiega/STLRocket/results/rocket_HandMovementDirection_20260916_000106_c7c10f36
Dataset: HandMovementDirection  budgets(kernels): [10]  n_run: 10  cv: 5  config_budget: 28800.0s

Loading dataset...
  train: (160, 10, 400)  test: (74, 10, 400)
[rocket  k=10     seed=0] building features...
    feats=0.13s  ridge=0.3571  linear=0.2702
[rocket  k=10     seed=1] building features...
    feats=0.01s  ridge=0.2964  linear=0.2893
[rocket  k=10     seed=2] building features...
    feats=0.02s  ridge=0.3298  linear=0.3190
[rocket  k=10     seed=3] building features...
    feats=0.01s  ridge=0.3393  linear=0.2476
[rocket  k=10     seed=4] building features...
    feats=0.01s  ridge=0.2762  linear=0.3167
[rocket  k=10     seed=5] building features...
    feats=0.01s  ridge=0.2714  linear=0.2464
[rocket  k=10     seed=6] building features...
    feats=0.10s  ridge=0.2786  linear=0.2500
[rocket  k=10     seed=7] building features...
    feats=0.01s  ridge=0.2048  linear=0.1929
[rocket  k=10     seed=8] building features...
    feats=0.01s  ridge=0.3036  linear=0.2500
[rocket  k=10     seed=9] building features...
    feats=0.01s  ridge=0.2774  linear=0.1667

Feature builds: 10 (full sweep would be 10; fewer if any configuration hit its time budget)

Done. Results saved to: /share/ai-lab/adsiega/STLRocket/results/rocket_HandMovementDirection_20260916_000106_c7c10f36
