Task 8: dataset=Epilepsy n_kernels=10
Output directory: /share/ai-lab/adsiega/STLRocket/results/rocket_Epilepsy_20260916_000106_f1b484d5
Dataset: Epilepsy  budgets(kernels): [10]  n_run: 10  cv: 5  config_budget: 28800.0s

Loading dataset...
  train: (137, 3, 206)  test: (138, 3, 206)
[rocket  k=10     seed=0] building features...
    feats=0.16s  ridge=0.7246  linear=0.6309
[rocket  k=10     seed=1] building features...
    feats=0.06s  ridge=0.7686  linear=0.7333
[rocket  k=10     seed=2] building features...
    feats=0.04s  ridge=0.7985  linear=0.7775
[rocket  k=10     seed=3] building features...
    feats=0.08s  ridge=0.7235  linear=0.6735
[rocket  k=10     seed=4] building features...
    feats=0.01s  ridge=0.7192  linear=0.6875
[rocket  k=10     seed=5] building features...
    feats=0.01s  ridge=0.6748  linear=0.6240
[rocket  k=10     seed=6] building features...
    feats=0.01s  ridge=0.6437  linear=0.5001
[rocket  k=10     seed=7] building features...
    feats=0.09s  ridge=0.7397  linear=0.7399
[rocket  k=10     seed=8] building features...
    feats=0.09s  ridge=0.5523  linear=0.5344
[rocket  k=10     seed=9] building features...
    feats=0.03s  ridge=0.7404  linear=0.5728

Feature builds: 10 (full sweep would be 10; fewer if any configuration hit its time budget)

Done. Results saved to: /share/ai-lab/adsiega/STLRocket/results/rocket_Epilepsy_20260916_000106_f1b484d5
