Task 29: dataset=Cricket n_kernels=1000
Output directory: /share/ai-lab/adsiega/STLRocket/results/rocket_Cricket_20260916_000136_64e75feb
Dataset: Cricket  budgets(kernels): [1000]  n_run: 10  cv: 5  config_budget: 28800.0s

Loading dataset...
  train: (108, 6, 1197)  test: (72, 6, 1197)
[rocket  k=1000   seed=0] building features...
    feats=1.17s  ridge=0.9861  linear=0.9722
[rocket  k=1000   seed=1] building features...
    feats=1.20s  ridge=1.0000  linear=0.9722
[rocket  k=1000   seed=2] building features...
    feats=1.35s  ridge=1.0000  linear=0.9167
[rocket  k=1000   seed=3] building features...
    feats=1.30s  ridge=0.9861  linear=0.9583
[rocket  k=1000   seed=4] building features...
    feats=1.27s  ridge=0.9861  linear=0.9583
[rocket  k=1000   seed=5] building features...
    feats=1.31s  ridge=0.9722  linear=0.9306
[rocket  k=1000   seed=6] building features...
    feats=1.26s  ridge=1.0000  linear=0.9722
[rocket  k=1000   seed=7] building features...
    feats=1.20s  ridge=0.9722  linear=0.9444
[rocket  k=1000   seed=8] building features...
    feats=1.29s  ridge=0.9861  linear=0.9722
[rocket  k=1000   seed=9] building features...
    feats=1.25s  ridge=0.9861  linear=0.9583

Feature builds: 10 (full sweep would be 10; fewer if any configuration hit its time budget)

Done. Results saved to: /share/ai-lab/adsiega/STLRocket/results/rocket_Cricket_20260916_000136_64e75feb
