Task 28: dataset=Epilepsy n_kernels=1000
Output directory: /share/ai-lab/adsiega/STLRocket/results/rocket_Epilepsy_20260916_000136_efeab711
Dataset: Epilepsy  budgets(kernels): [1000]  n_run: 10  cv: 5  config_budget: 28800.0s

Loading dataset...
  train: (137, 3, 206)  test: (138, 3, 206)
[rocket  k=1000   seed=0] building features...
    feats=0.29s  ridge=0.9859  linear=0.9189
[rocket  k=1000   seed=1] building features...
    feats=0.28s  ridge=0.9565  linear=0.9561
[rocket  k=1000   seed=2] building features...
    feats=0.35s  ridge=0.9638  linear=0.9475
[rocket  k=1000   seed=3] building features...
    feats=0.35s  ridge=0.9472  linear=0.8719
[rocket  k=1000   seed=4] building features...
    feats=0.32s  ridge=0.9776  linear=0.9497
[rocket  k=1000   seed=5] building features...
    feats=0.32s  ridge=0.9712  linear=0.9277
[rocket  k=1000   seed=6] building features...
    feats=0.32s  ridge=0.9859  linear=0.8772
[rocket  k=1000   seed=7] building features...
    feats=0.33s  ridge=0.9785  linear=0.9776
[rocket  k=1000   seed=8] building features...
    feats=0.34s  ridge=0.9638  linear=0.9116
[rocket  k=1000   seed=9] building features...
    feats=0.29s  ridge=0.9785  linear=0.9199

Feature builds: 10 (full sweep would be 10; fewer if any configuration hit its time budget)

Done. Results saved to: /share/ai-lab/adsiega/STLRocket/results/rocket_Epilepsy_20260916_000136_efeab711
