Task 15: dataset=HandMovementDirection n_kernels=100
Output directory: /share/ai-lab/adsiega/STLRocket/results/rocket_HandMovementDirection_20260916_000106_0aa9147a
Dataset: HandMovementDirection  budgets(kernels): [100]  n_run: 10  cv: 5  config_budget: 28800.0s

Loading dataset...
  train: (160, 10, 400)  test: (74, 10, 400)
[rocket  k=100    seed=0] building features...
    feats=0.71s  ridge=0.2357  linear=0.2500
[rocket  k=100    seed=1] building features...
    feats=0.15s  ridge=0.3060  linear=0.2964
[rocket  k=100    seed=2] building features...
    feats=0.20s  ridge=0.2786  linear=0.2333
[rocket  k=100    seed=3] building features...
    feats=0.14s  ridge=0.2774  linear=0.3464
[rocket  k=100    seed=4] building features...
    feats=0.14s  ridge=0.2512  linear=0.2679
[rocket  k=100    seed=5] building features...
    feats=0.20s  ridge=0.3536  linear=0.3393
[rocket  k=100    seed=6] building features...
    feats=0.20s  ridge=0.2452  linear=0.2667
[rocket  k=100    seed=7] building features...
    feats=0.13s  ridge=0.2595  linear=0.2750
[rocket  k=100    seed=8] building features...
    feats=0.25s  ridge=0.2500  linear=0.2952
[rocket  k=100    seed=9] building features...
    feats=0.21s  ridge=0.3452  linear=0.3167

Feature builds: 10 (full sweep would be 10; fewer if any configuration hit its time budget)

Done. Results saved to: /share/ai-lab/adsiega/STLRocket/results/rocket_HandMovementDirection_20260916_000106_0aa9147a
