Task 25: dataset=HandMovementDirection n_kernels=1000
Output directory: /share/ai-lab/adsiega/STLRocket/results/rocket_HandMovementDirection_20260916_000106_2a45c576
Dataset: HandMovementDirection  budgets(kernels): [1000]  n_run: 10  cv: 5  config_budget: 28800.0s

Loading dataset...
  train: (160, 10, 400)  test: (74, 10, 400)
[rocket  k=1000   seed=0] building features...
    feats=0.71s  ridge=0.4583  linear=0.2333
[rocket  k=1000   seed=1] building features...
    feats=0.79s  ridge=0.3012  linear=0.3095
[rocket  k=1000   seed=2] building features...
    feats=0.77s  ridge=0.3286  linear=0.3452
[rocket  k=1000   seed=3] building features...
    feats=0.70s  ridge=0.2750  linear=0.3690
[rocket  k=1000   seed=4] building features...
    feats=0.71s  ridge=0.3286  linear=0.2714
[rocket  k=1000   seed=5] building features...
    feats=0.77s  ridge=0.4143  linear=0.3190
[rocket  k=1000   seed=6] building features...
    feats=0.77s  ridge=0.3952  linear=0.3333
[rocket  k=1000   seed=7] building features...
    feats=0.67s  ridge=0.3869  linear=0.3512
[rocket  k=1000   seed=8] building features...
    feats=0.66s  ridge=0.2179  linear=0.2667
[rocket  k=1000   seed=9] building features...
    feats=0.61s  ridge=0.2929  linear=0.3107

Feature builds: 10 (full sweep would be 10; fewer if any configuration hit its time budget)

Done. Results saved to: /share/ai-lab/adsiega/STLRocket/results/rocket_HandMovementDirection_20260916_000106_2a45c576
