Task 39: dataset=Cricket n_kernels=10000
Output directory: /share/ai-lab/adsiega/STLRocket/results/rocket_Cricket_20260916_000140_120f86ec
Dataset: Cricket  budgets(kernels): [10000]  n_run: 10  cv: 5  config_budget: 28800.0s

Loading dataset...
  train: (108, 6, 1197)  test: (72, 6, 1197)
[rocket  k=10000  seed=0] building features...
    feats=15.45s  ridge=1.0000  linear=0.9167
[rocket  k=10000  seed=1] building features...
    feats=11.70s  ridge=0.9861  linear=1.0000
[rocket  k=10000  seed=2] building features...
    feats=10.41s  ridge=0.9861  linear=1.0000
[rocket  k=10000  seed=3] building features...
    feats=9.84s  ridge=0.9861  linear=0.9583
[rocket  k=10000  seed=4] building features...
    feats=9.72s  ridge=0.9861  linear=0.9583
[rocket  k=10000  seed=5] building features...
    feats=9.68s  ridge=0.9861  linear=0.9583
[rocket  k=10000  seed=6] building features...
    feats=9.28s  ridge=0.9861  linear=0.9583
[rocket  k=10000  seed=7] building features...
    feats=9.50s  ridge=1.0000  linear=0.9722
[rocket  k=10000  seed=8] building features...
    feats=9.78s  ridge=1.0000  linear=0.9444
[rocket  k=10000  seed=9] building features...
    feats=9.84s  ridge=1.0000  linear=0.9722

Feature builds: 10 (full sweep would be 10; fewer if any configuration hit its time budget)

Done. Results saved to: /share/ai-lab/adsiega/STLRocket/results/rocket_Cricket_20260916_000140_120f86ec
