Task 36: dataset=Heartbeat n_kernels=10000
Output directory: /share/ai-lab/adsiega/STLRocket/results/rocket_Heartbeat_20260916_000140_2a98b0ef
Dataset: Heartbeat  budgets(kernels): [10000]  n_run: 10  cv: 5  config_budget: 28800.0s

Loading dataset...
  train: (204, 61, 405)  test: (205, 61, 405)
[rocket  k=10000  seed=0] building features...
    feats=11.26s  ridge=0.5391  linear=0.5220
[rocket  k=10000  seed=1] building features...
    feats=11.46s  ridge=0.5600  linear=0.5670
[rocket  k=10000  seed=2] building features...
    feats=11.36s  ridge=0.5397  linear=0.5113
[rocket  k=10000  seed=3] building features...
    feats=11.38s  ridge=0.5863  linear=0.6257
[rocket  k=10000  seed=4] building features...
    feats=11.56s  ridge=0.5303  linear=0.5482
[rocket  k=10000  seed=5] building features...
    feats=11.44s  ridge=0.5485  linear=0.4842
[rocket  k=10000  seed=6] building features...
    feats=11.25s  ridge=0.5552  linear=0.5787
[rocket  k=10000  seed=7] building features...
    feats=11.32s  ridge=0.5600  linear=0.5369
[rocket  k=10000  seed=8] building features...
    feats=11.18s  ridge=0.5498  linear=0.5179
[rocket  k=10000  seed=9] building features...
    feats=9.64s  ridge=0.5546  linear=0.4706

Feature builds: 10 (full sweep would be 10; fewer if any configuration hit its time budget)

Done. Results saved to: /share/ai-lab/adsiega/STLRocket/results/rocket_Heartbeat_20260916_000140_2a98b0ef
