Task 37: dataset=UWaveGestureLibrary n_kernels=10000
Output directory: /share/ai-lab/adsiega/STLRocket/results/rocket_UWaveGestureLibrary_20260916_000140_176aa929
Dataset: UWaveGestureLibrary  budgets(kernels): [10000]  n_run: 10  cv: 5  config_budget: 28800.0s

Loading dataset...
  train: (120, 3, 315)  test: (320, 3, 315)
[rocket  k=10000  seed=0] building features...
    feats=5.48s  ridge=0.9219  linear=0.8688
[rocket  k=10000  seed=1] building features...
    feats=5.68s  ridge=0.9250  linear=0.8750
[rocket  k=10000  seed=2] building features...
    feats=5.68s  ridge=0.9219  linear=0.8969
[rocket  k=10000  seed=3] building features...
    feats=5.77s  ridge=0.9188  linear=0.8906
[rocket  k=10000  seed=4] building features...
    feats=5.68s  ridge=0.9156  linear=0.8906
[rocket  k=10000  seed=5] building features...
    feats=5.71s  ridge=0.9250  linear=0.8906
[rocket  k=10000  seed=6] building features...
    feats=5.67s  ridge=0.9156  linear=0.8750
[rocket  k=10000  seed=7] building features...
    feats=5.68s  ridge=0.9188  linear=0.8875
[rocket  k=10000  seed=8] building features...
    feats=5.58s  ridge=0.9125  linear=0.8938
[rocket  k=10000  seed=9] building features...
    feats=5.66s  ridge=0.9187  linear=0.9156

Feature builds: 10 (full sweep would be 10; fewer if any configuration hit its time budget)

Done. Results saved to: /share/ai-lab/adsiega/STLRocket/results/rocket_UWaveGestureLibrary_20260916_000140_176aa929
