Task 12: dataset=BasicMotions n_kernels=100
Output directory: /share/ai-lab/adsiega/STLRocket/results/rocket_BasicMotions_20260916_000106_9e17cb2c
Dataset: BasicMotions  budgets(kernels): [100]  n_run: 10  cv: 5  config_budget: 28800.0s

Loading dataset...
  train: (40, 6, 100)  test: (40, 6, 100)
[rocket  k=100    seed=0] building features...
    feats=0.40s  ridge=0.9250  linear=0.6750
[rocket  k=100    seed=1] building features...
    feats=0.01s  ridge=0.9750  linear=0.8500
[rocket  k=100    seed=2] building features...
    feats=0.01s  ridge=0.9500  linear=0.9500
[rocket  k=100    seed=3] building features...
    feats=0.01s  ridge=0.8750  linear=0.8500
[rocket  k=100    seed=4] building features...
    feats=0.01s  ridge=0.9500  linear=0.8000
[rocket  k=100    seed=5] building features...
    feats=0.01s  ridge=0.9000  linear=0.9250
[rocket  k=100    seed=6] building features...
    feats=0.01s  ridge=0.9000  linear=0.6750
[rocket  k=100    seed=7] building features...
    feats=0.01s  ridge=0.9750  linear=0.9000
[rocket  k=100    seed=8] building features...
    feats=0.01s  ridge=0.9000  linear=0.8000
[rocket  k=100    seed=9] building features...
    feats=0.01s  ridge=0.9000  linear=0.8250

Feature builds: 10 (full sweep would be 10; fewer if any configuration hit its time budget)

Done. Results saved to: /share/ai-lab/adsiega/STLRocket/results/rocket_BasicMotions_20260916_000106_9e17cb2c
