Task 9: dataset=Cricket n_kernels=10
Output directory: /share/ai-lab/adsiega/STLRocket/results/rocket_Cricket_20260916_000106_2ffdccbd
Dataset: Cricket  budgets(kernels): [10]  n_run: 10  cv: 5  config_budget: 28800.0s

Loading dataset...
  train: (108, 6, 1197)  test: (72, 6, 1197)
[rocket  k=10     seed=0] building features...
    feats=0.29s  ridge=0.8194  linear=0.6944
[rocket  k=10     seed=1] building features...
    feats=0.02s  ridge=0.8611  linear=0.6667
[rocket  k=10     seed=2] building features...
    feats=0.02s  ridge=0.8472  linear=0.7083
[rocket  k=10     seed=3] building features...
    feats=0.02s  ridge=0.8194  linear=0.7361
[rocket  k=10     seed=4] building features...
    feats=0.02s  ridge=0.8889  linear=0.6806
[rocket  k=10     seed=5] building features...
    feats=0.02s  ridge=0.8611  linear=0.7917
[rocket  k=10     seed=6] building features...
    feats=0.03s  ridge=0.8333  linear=0.7361
[rocket  k=10     seed=7] building features...
    feats=0.02s  ridge=0.9167  linear=0.6389
[rocket  k=10     seed=8] building features...
    feats=0.02s  ridge=0.8472  linear=0.6944
[rocket  k=10     seed=9] building features...
    feats=0.02s  ridge=0.8611  linear=0.6528

Feature builds: 10 (full sweep would be 10; fewer if any configuration hit its time budget)

Done. Results saved to: /share/ai-lab/adsiega/STLRocket/results/rocket_Cricket_20260916_000106_2ffdccbd
