Task 23: dataset=DuckDuckGeese n_kernels=1000
Output directory: /share/ai-lab/adsiega/STLRocket/results/rocket_DuckDuckGeese_20260916_000106_78130ed1
Dataset: DuckDuckGeese  budgets(kernels): [1000]  n_run: 10  cv: 5  config_budget: 28800.0s

Loading dataset...
  train: (50, 1345, 270)  test: (50, 1345, 270)
[rocket  k=1000   seed=0] building features...
    feats=0.52s  ridge=0.5200  linear=0.3800
[rocket  k=1000   seed=1] building features...
    feats=0.52s  ridge=0.4000  linear=0.2800
[rocket  k=1000   seed=2] building features...
    feats=0.59s  ridge=0.4200  linear=0.2200
[rocket  k=1000   seed=3] building features...
    feats=0.50s  ridge=0.3600  linear=0.2000
[rocket  k=1000   seed=4] building features...
    feats=0.63s  ridge=0.4800  linear=0.2600
[rocket  k=1000   seed=5] building features...
    feats=0.49s  ridge=0.3400  linear=0.2000
[rocket  k=1000   seed=6] building features...
    feats=0.56s  ridge=0.4000  linear=0.2200
[rocket  k=1000   seed=7] building features...
    feats=0.48s  ridge=0.4400  linear=0.2400
[rocket  k=1000   seed=8] building features...
    feats=0.48s  ridge=0.4200  linear=0.2800
[rocket  k=1000   seed=9] building features...
    feats=0.47s  ridge=0.3800  linear=0.2000

Feature builds: 10 (full sweep would be 10; fewer if any configuration hit its time budget)

Done. Results saved to: /share/ai-lab/adsiega/STLRocket/results/rocket_DuckDuckGeese_20260916_000106_78130ed1
