Task 34: dataset=RacketSports n_kernels=10000
Output directory: /share/ai-lab/adsiega/STLRocket/results/rocket_RacketSports_20260916_000138_7d4174d3
Dataset: RacketSports  budgets(kernels): [10000]  n_run: 10  cv: 5  config_budget: 28800.0s

Loading dataset...
  train: (151, 6, 30)  test: (152, 6, 30)
[rocket  k=10000  seed=0] building features...
    feats=0.56s  ridge=0.8802  linear=0.8092
[rocket  k=10000  seed=1] building features...
    feats=0.60s  ridge=0.8919  linear=0.8306
[rocket  k=10000  seed=2] building features...
    feats=0.85s  ridge=0.8981  linear=0.8595
[rocket  k=10000  seed=3] building features...
    feats=0.58s  ridge=0.9044  linear=0.8266
[rocket  k=10000  seed=4] building features...
    feats=0.57s  ridge=0.8981  linear=0.8690
[rocket  k=10000  seed=5] building features...
    feats=0.58s  ridge=0.9102  linear=0.8695
[rocket  k=10000  seed=6] building features...
    feats=0.50s  ridge=0.9039  linear=0.8188
[rocket  k=10000  seed=7] building features...
    feats=0.53s  ridge=0.8682  linear=0.8724
[rocket  k=10000  seed=8] building features...
    feats=0.52s  ridge=0.9039  linear=0.8242
[rocket  k=10000  seed=9] building features...
    feats=0.49s  ridge=0.9035  linear=0.8617

Feature builds: 10 (full sweep would be 10; fewer if any configuration hit its time budget)

Done. Results saved to: /share/ai-lab/adsiega/STLRocket/results/rocket_RacketSports_20260916_000138_7d4174d3
