Task 3: dataset=DuckDuckGeese n_kernels=10
Output directory: /share/ai-lab/adsiega/STLRocket/results/rocket_DuckDuckGeese_20260916_000106_8216bcc3
Dataset: DuckDuckGeese  budgets(kernels): [10]  n_run: 10  cv: 5  config_budget: 28800.0s

Loading dataset...
  train: (50, 1345, 270)  test: (50, 1345, 270)
[rocket  k=10     seed=0] building features...
    feats=0.33s  ridge=0.3000  linear=0.1800
[rocket  k=10     seed=1] building features...
    feats=0.30s  ridge=0.2400  linear=0.1600
[rocket  k=10     seed=2] building features...
    feats=0.27s  ridge=0.3200  linear=0.2000
[rocket  k=10     seed=3] building features...
    feats=0.27s  ridge=0.3200  linear=0.3600
[rocket  k=10     seed=4] building features...
    feats=0.27s  ridge=0.2200  linear=0.2000
[rocket  k=10     seed=5] building features...
    feats=0.27s  ridge=0.2200  linear=0.2000
[rocket  k=10     seed=6] building features...
    feats=0.26s  ridge=0.2000  linear=0.2000
[rocket  k=10     seed=7] building features...
    feats=0.27s  ridge=0.2400  linear=0.1600
[rocket  k=10     seed=8] building features...
    feats=0.27s  ridge=0.3200  linear=0.3200
[rocket  k=10     seed=9] building features...
    feats=0.26s  ridge=0.3600  linear=0.2000

Feature builds: 10 (full sweep would be 10; fewer if any configuration hit its time budget)

Done. Results saved to: /share/ai-lab/adsiega/STLRocket/results/rocket_DuckDuckGeese_20260916_000106_8216bcc3
