Task 7: dataset=UWaveGestureLibrary n_kernels=10
Output directory: /share/ai-lab/adsiega/STLRocket/results/rocket_UWaveGestureLibrary_20260916_000106_9588e5d9
Dataset: UWaveGestureLibrary  budgets(kernels): [10]  n_run: 10  cv: 5  config_budget: 28800.0s

Loading dataset...
  train: (120, 3, 315)  test: (320, 3, 315)
[rocket  k=10     seed=0] building features...
    feats=0.11s  ridge=0.7250  linear=0.6594
[rocket  k=10     seed=1] building features...
    feats=0.01s  ridge=0.7469  linear=0.7219
[rocket  k=10     seed=2] building features...
    feats=0.01s  ridge=0.7000  linear=0.6250
[rocket  k=10     seed=3] building features...
    feats=0.01s  ridge=0.7344  linear=0.6562
[rocket  k=10     seed=4] building features...
    feats=0.01s  ridge=0.7656  linear=0.6625
[rocket  k=10     seed=5] building features...
    feats=0.01s  ridge=0.7344  linear=0.7438
[rocket  k=10     seed=6] building features...
    feats=0.03s  ridge=0.6906  linear=0.6406
[rocket  k=10     seed=7] building features...
    feats=0.01s  ridge=0.7594  linear=0.6625
[rocket  k=10     seed=8] building features...
    feats=0.01s  ridge=0.7031  linear=0.5375
[rocket  k=10     seed=9] building features...
    feats=0.01s  ridge=0.7719  linear=0.5656

Feature builds: 10 (full sweep would be 10; fewer if any configuration hit its time budget)

Done. Results saved to: /share/ai-lab/adsiega/STLRocket/results/rocket_UWaveGestureLibrary_20260916_000106_9588e5d9
