Task 21: dataset=ERing n_kernels=1000
Output directory: /share/ai-lab/adsiega/STLRocket/results/rocket_ERing_20260916_000106_c201ae97
Dataset: ERing  budgets(kernels): [1000]  n_run: 10  cv: 5  config_budget: 28800.0s

Loading dataset...
  train: (30, 4, 65)  test: (270, 4, 65)
[rocket  k=1000   seed=0] building features...
    feats=0.18s  ridge=0.9667  linear=0.8259
[rocket  k=1000   seed=1] building features...
    feats=0.28s  ridge=0.9556  linear=0.8481
[rocket  k=1000   seed=2] building features...
    feats=0.19s  ridge=0.9444  linear=0.7889
[rocket  k=1000   seed=3] building features...
    feats=0.20s  ridge=0.9519  linear=0.8778
[rocket  k=1000   seed=4] building features...
    feats=0.26s  ridge=0.9556  linear=0.8704
[rocket  k=1000   seed=5] building features...
    feats=0.22s  ridge=0.9481  linear=0.8407
[rocket  k=1000   seed=6] building features...
    feats=0.20s  ridge=0.9593  linear=0.8222
[rocket  k=1000   seed=7] building features...
    feats=0.19s  ridge=0.9519  linear=0.8444
[rocket  k=1000   seed=8] building features...
    feats=0.21s  ridge=0.9519  linear=0.8815
[rocket  k=1000   seed=9] building features...
    feats=0.20s  ridge=0.9630  linear=0.8556

Feature builds: 10 (full sweep would be 10; fewer if any configuration hit its time budget)

Done. Results saved to: /share/ai-lab/adsiega/STLRocket/results/rocket_ERing_20260916_000106_c201ae97
