Task 32: dataset=BasicMotions n_kernels=10000
Output directory: /share/ai-lab/adsiega/STLRocket/results/rocket_BasicMotions_20260916_000137_092bab64
Dataset: BasicMotions  budgets(kernels): [10000]  n_run: 10  cv: 5  config_budget: 28800.0s

Loading dataset...
  train: (40, 6, 100)  test: (40, 6, 100)
[rocket  k=10000  seed=0] building features...
    feats=0.48s  ridge=0.9750  linear=0.9500
[rocket  k=10000  seed=1] building features...
    feats=0.52s  ridge=0.9750  linear=0.8750
[rocket  k=10000  seed=2] building features...
    feats=0.49s  ridge=0.9750  linear=0.9000
[rocket  k=10000  seed=3] building features...
    feats=0.52s  ridge=0.9750  linear=0.9250
[rocket  k=10000  seed=4] building features...
    feats=0.51s  ridge=0.9750  linear=0.9250
[rocket  k=10000  seed=5] building features...
    feats=0.49s  ridge=0.9750  linear=0.9250
[rocket  k=10000  seed=6] building features...
    feats=0.52s  ridge=0.9750  linear=0.9000
[rocket  k=10000  seed=7] building features...
    feats=0.51s  ridge=0.9750  linear=0.9250
[rocket  k=10000  seed=8] building features...
    feats=0.47s  ridge=0.9750  linear=0.8750
[rocket  k=10000  seed=9] building features...
    feats=0.50s  ridge=0.9750  linear=0.8500

Feature builds: 10 (full sweep would be 10; fewer if any configuration hit its time budget)

Done. Results saved to: /share/ai-lab/adsiega/STLRocket/results/rocket_BasicMotions_20260916_000137_092bab64
