Task 6: dataset=Heartbeat n_kernels=10
Output directory: /share/ai-lab/adsiega/STLRocket/results/rocket_Heartbeat_20260916_000106_2cdca4ca
Dataset: Heartbeat  budgets(kernels): [10]  n_run: 10  cv: 5  config_budget: 28800.0s

Loading dataset...
  train: (204, 61, 405)  test: (205, 61, 405)
[rocket  k=10     seed=0] building features...
    feats=0.18s  ridge=0.5557  linear=0.5274
[rocket  k=10     seed=1] building features...
    feats=0.07s  ridge=0.5868  linear=0.5179
[rocket  k=10     seed=2] building features...
    feats=0.08s  ridge=0.5578  linear=0.5246
[rocket  k=10     seed=3] building features...
    feats=0.07s  ridge=0.5389  linear=0.4855
[rocket  k=10     seed=4] building features...
    feats=0.08s  ridge=0.5726  linear=0.5219
[rocket  k=10     seed=5] building features...
    feats=0.07s  ridge=0.5544  linear=0.5000
[rocket  k=10     seed=6] building features...
    feats=0.08s  ridge=0.5240  linear=0.5132
[rocket  k=10     seed=7] building features...
    feats=0.08s  ridge=0.5855  linear=0.5658
[rocket  k=10     seed=8] building features...
    feats=0.08s  ridge=0.5578  linear=0.5530
[rocket  k=10     seed=9] building features...
    feats=0.08s  ridge=0.5530  linear=0.5037

Feature builds: 10 (full sweep would be 10; fewer if any configuration hit its time budget)

Done. Results saved to: /share/ai-lab/adsiega/STLRocket/results/rocket_Heartbeat_20260916_000106_2cdca4ca
