Task 17: dataset=UWaveGestureLibrary n_kernels=100
Output directory: /share/ai-lab/adsiega/STLRocket/results/rocket_UWaveGestureLibrary_20260916_000106_6d42e29d
Dataset: UWaveGestureLibrary  budgets(kernels): [100]  n_run: 10  cv: 5  config_budget: 28800.0s

Loading dataset...
  train: (120, 3, 315)  test: (320, 3, 315)
[rocket  k=100    seed=0] building features...
    feats=0.50s  ridge=0.9000  linear=0.8781
[rocket  k=100    seed=1] building features...
    feats=0.20s  ridge=0.8812  linear=0.8750
[rocket  k=100    seed=2] building features...
    feats=0.15s  ridge=0.8844  linear=0.8625
[rocket  k=100    seed=3] building features...
    feats=0.12s  ridge=0.9000  linear=0.7594
[rocket  k=100    seed=4] building features...
    feats=0.15s  ridge=0.9156  linear=0.8375
[rocket  k=100    seed=5] building features...
    feats=0.09s  ridge=0.8875  linear=0.8219
[rocket  k=100    seed=6] building features...
    feats=0.16s  ridge=0.9031  linear=0.8406
[rocket  k=100    seed=7] building features...
    feats=0.15s  ridge=0.8750  linear=0.8438
[rocket  k=100    seed=8] building features...
    feats=0.15s  ridge=0.9000  linear=0.8156
[rocket  k=100    seed=9] building features...
    feats=0.17s  ridge=0.8906  linear=0.8250

Feature builds: 10 (full sweep would be 10; fewer if any configuration hit its time budget)

Done. Results saved to: /share/ai-lab/adsiega/STLRocket/results/rocket_UWaveGestureLibrary_20260916_000106_6d42e29d
