Task 27: dataset=UWaveGestureLibrary n_kernels=1000
Output directory: /share/ai-lab/adsiega/STLRocket/results/rocket_UWaveGestureLibrary_20260916_000136_b9cc5829
Dataset: UWaveGestureLibrary  budgets(kernels): [1000]  n_run: 10  cv: 5  config_budget: 28800.0s

Loading dataset...
  train: (120, 3, 315)  test: (320, 3, 315)
[rocket  k=1000   seed=0] building features...
    feats=0.62s  ridge=0.9281  linear=0.8875
[rocket  k=1000   seed=1] building features...
    feats=0.67s  ridge=0.9281  linear=0.9062
[rocket  k=1000   seed=2] building features...
    feats=0.63s  ridge=0.9219  linear=0.8750
[rocket  k=1000   seed=3] building features...
    feats=0.66s  ridge=0.9281  linear=0.8906
[rocket  k=1000   seed=4] building features...
    feats=0.78s  ridge=0.9313  linear=0.9187
[rocket  k=1000   seed=5] building features...
    feats=0.69s  ridge=0.8906  linear=0.8906
[rocket  k=1000   seed=6] building features...
    feats=0.64s  ridge=0.9313  linear=0.8750
[rocket  k=1000   seed=7] building features...
    feats=0.69s  ridge=0.9219  linear=0.8906
[rocket  k=1000   seed=8] building features...
    feats=0.61s  ridge=0.9312  linear=0.8969
[rocket  k=1000   seed=9] building features...
    feats=0.62s  ridge=0.9281  linear=0.8875

Feature builds: 10 (full sweep would be 10; fewer if any configuration hit its time budget)

Done. Results saved to: /share/ai-lab/adsiega/STLRocket/results/rocket_UWaveGestureLibrary_20260916_000136_b9cc5829
