Task 14: dataset=RacketSports n_kernels=100
Output directory: /share/ai-lab/adsiega/STLRocket/results/rocket_RacketSports_20260916_000106_02468e39
Dataset: RacketSports  budgets(kernels): [100]  n_run: 10  cv: 5  config_budget: 28800.0s

Loading dataset...
  train: (151, 6, 30)  test: (152, 6, 30)
[rocket  k=100    seed=0] building features...
    feats=0.04s  ridge=0.8268  linear=0.8056
[rocket  k=100    seed=1] building features...
    feats=0.09s  ridge=0.8157  linear=0.7315
[rocket  k=100    seed=2] building features...
    feats=0.10s  ridge=0.8141  linear=0.7942
[rocket  k=100    seed=3] building features...
    feats=0.09s  ridge=0.8488  linear=0.7838
[rocket  k=100    seed=4] building features...
    feats=0.12s  ridge=0.8253  linear=0.7275
[rocket  k=100    seed=5] building features...
    feats=0.10s  ridge=0.7938  linear=0.7583
[rocket  k=100    seed=6] building features...
    feats=0.10s  ridge=0.8179  linear=0.8199
[rocket  k=100    seed=7] building features...
    feats=0.10s  ridge=0.8175  linear=0.6889
[rocket  k=100    seed=8] building features...
    feats=0.09s  ridge=0.8320  linear=0.7871
[rocket  k=100    seed=9] building features...
    feats=0.09s  ridge=0.7554  linear=0.6762

Feature builds: 10 (full sweep would be 10; fewer if any configuration hit its time budget)

Done. Results saved to: /share/ai-lab/adsiega/STLRocket/results/rocket_RacketSports_20260916_000106_02468e39
