Task 16: dataset=Heartbeat n_kernels=100
Output directory: /share/ai-lab/adsiega/STLRocket/results/rocket_Heartbeat_20260916_000106_0dee2595
Dataset: Heartbeat  budgets(kernels): [100]  n_run: 10  cv: 5  config_budget: 28800.0s

Loading dataset...
  train: (204, 61, 405)  test: (205, 61, 405)
[rocket  k=100    seed=0] building features...
    feats=0.90s  ridge=0.5881  linear=0.5101
[rocket  k=100    seed=1] building features...
    feats=0.23s  ridge=0.4889  linear=0.4950
[rocket  k=100    seed=2] building features...
    feats=0.24s  ridge=0.5484  linear=0.5403
[rocket  k=100    seed=3] building features...
    feats=0.23s  ridge=0.5922  linear=0.5511
[rocket  k=100    seed=4] building features...
    feats=0.30s  ridge=0.5234  linear=0.5354
[rocket  k=100    seed=5] building features...
    feats=0.22s  ridge=0.4761  linear=0.4977
[rocket  k=100    seed=6] building features...
    feats=0.24s  ridge=0.4788  linear=0.5341
[rocket  k=100    seed=7] building features...
    feats=0.23s  ridge=0.5699  linear=0.5814
[rocket  k=100    seed=8] building features...
    feats=0.20s  ridge=0.5625  linear=0.5692
[rocket  k=100    seed=9] building features...
    feats=0.21s  ridge=0.5119  linear=0.4802

Feature builds: 10 (full sweep would be 10; fewer if any configuration hit its time budget)

Done. Results saved to: /share/ai-lab/adsiega/STLRocket/results/rocket_Heartbeat_20260916_000106_0dee2595
