Task 18: dataset=Epilepsy n_kernels=100
Output directory: /share/ai-lab/adsiega/STLRocket/results/rocket_Epilepsy_20260916_000106_32515835
Dataset: Epilepsy  budgets(kernels): [100]  n_run: 10  cv: 5  config_budget: 28800.0s

Loading dataset...
  train: (137, 3, 206)  test: (138, 3, 206)
[rocket  k=100    seed=0] building features...
    feats=0.11s  ridge=0.8975  linear=0.8806
[rocket  k=100    seed=1] building features...
    feats=0.13s  ridge=0.8503  linear=0.7910
[rocket  k=100    seed=2] building features...
    feats=0.12s  ridge=0.8947  linear=0.8572
[rocket  k=100    seed=3] building features...
    feats=0.13s  ridge=0.9420  linear=0.8894
[rocket  k=100    seed=4] building features...
    feats=0.13s  ridge=0.9084  linear=0.8860
[rocket  k=100    seed=5] building features...
    feats=0.12s  ridge=0.9017  linear=0.8241
[rocket  k=100    seed=6] building features...
    feats=0.10s  ridge=0.9549  linear=0.9251
[rocket  k=100    seed=7] building features...
    feats=0.12s  ridge=0.8854  linear=0.8095
[rocket  k=100    seed=8] building features...
    feats=0.12s  ridge=0.9039  linear=0.9362
[rocket  k=100    seed=9] building features...
    feats=0.06s  ridge=0.9081  linear=0.8455

Feature builds: 10 (full sweep would be 10; fewer if any configuration hit its time budget)

Done. Results saved to: /share/ai-lab/adsiega/STLRocket/results/rocket_Epilepsy_20260916_000106_32515835
