Task 4: dataset=RacketSports n_kernels=10
Output directory: /share/ai-lab/adsiega/STLRocket/results/rocket_RacketSports_20260916_000106_6c5dbf32
Dataset: RacketSports  budgets(kernels): [10]  n_run: 10  cv: 5  config_budget: 28800.0s

Loading dataset...
  train: (151, 6, 30)  test: (152, 6, 30)
[rocket  k=10     seed=0] building features...
    feats=0.09s  ridge=0.7192  linear=0.6051
[rocket  k=10     seed=1] building features...
    feats=0.00s  ridge=0.6037  linear=0.6062
[rocket  k=10     seed=2] building features...
    feats=0.00s  ridge=0.6443  linear=0.6719
[rocket  k=10     seed=3] building features...
    feats=0.00s  ridge=0.6071  linear=0.6226
[rocket  k=10     seed=4] building features...
    feats=0.00s  ridge=0.6534  linear=0.5783
[rocket  k=10     seed=5] building features...
    feats=0.00s  ridge=0.5071  linear=0.5069
[rocket  k=10     seed=6] building features...
    feats=0.00s  ridge=0.6076  linear=0.5787
[rocket  k=10     seed=7] building features...
    feats=0.00s  ridge=0.5616  linear=0.5897
[rocket  k=10     seed=8] building features...
    feats=0.00s  ridge=0.7401  linear=0.4808
[rocket  k=10     seed=9] building features...
    feats=0.00s  ridge=0.5867  linear=0.5166

Feature builds: 10 (full sweep would be 10; fewer if any configuration hit its time budget)

Done. Results saved to: /share/ai-lab/adsiega/STLRocket/results/rocket_RacketSports_20260916_000106_6c5dbf32
