Task 35: dataset=HandMovementDirection n_kernels=10000
Output directory: /share/ai-lab/adsiega/STLRocket/results/rocket_HandMovementDirection_20260916_000140_4c335932
Dataset: HandMovementDirection  budgets(kernels): [10000]  n_run: 10  cv: 5  config_budget: 28800.0s

Loading dataset...
  train: (160, 10, 400)  test: (74, 10, 400)
[rocket  k=10000  seed=0] building features...
    feats=5.84s  ridge=0.4452  linear=0.3440
[rocket  k=10000  seed=1] building features...
    feats=5.80s  ridge=0.4369  linear=0.3762
[rocket  k=10000  seed=2] building features...
    feats=5.88s  ridge=0.3929  linear=0.4095
[rocket  k=10000  seed=3] building features...
    feats=5.70s  ridge=0.4548  linear=0.3619
[rocket  k=10000  seed=4] building features...
    feats=5.75s  ridge=0.4190  linear=0.3119
[rocket  k=10000  seed=5] building features...
    feats=5.78s  ridge=0.4452  linear=0.3607
[rocket  k=10000  seed=6] building features...
    feats=5.70s  ridge=0.4357  linear=0.2845
[rocket  k=10000  seed=7] building features...
    feats=5.89s  ridge=0.3702  linear=0.2857
[rocket  k=10000  seed=8] building features...
    feats=5.70s  ridge=0.3619  linear=0.3548
[rocket  k=10000  seed=9] building features...
    feats=5.76s  ridge=0.4119  linear=0.3500

Feature builds: 10 (full sweep would be 10; fewer if any configuration hit its time budget)

Done. Results saved to: /share/ai-lab/adsiega/STLRocket/results/rocket_HandMovementDirection_20260916_000140_4c335932
