Task 2: dataset=BasicMotions n_kernels=10
Output directory: /share/ai-lab/adsiega/STLRocket/results/rocket_BasicMotions_20260916_000106_d5a94f3a
Dataset: BasicMotions  budgets(kernels): [10]  n_run: 10  cv: 5  config_budget: 28800.0s

Loading dataset...
  train: (40, 6, 100)  test: (40, 6, 100)
[rocket  k=10     seed=0] building features...
    feats=0.16s  ridge=0.8500  linear=0.6750
[rocket  k=10     seed=1] building features...
    feats=0.06s  ridge=0.8500  linear=0.6750
[rocket  k=10     seed=2] building features...
    feats=0.00s  ridge=0.7500  linear=0.5000
[rocket  k=10     seed=3] building features...
    feats=0.00s  ridge=0.8750  linear=0.7500
[rocket  k=10     seed=4] building features...
    feats=0.00s  ridge=0.9000  linear=0.8250
[rocket  k=10     seed=5] building features...
    feats=0.00s  ridge=0.8000  linear=0.7750
[rocket  k=10     seed=6] building features...
    feats=0.00s  ridge=0.7000  linear=0.6000
[rocket  k=10     seed=7] building features...
    feats=0.00s  ridge=0.8000  linear=0.7000
[rocket  k=10     seed=8] building features...
    feats=0.00s  ridge=0.9500  linear=0.6250
[rocket  k=10     seed=9] building features...
    feats=0.00s  ridge=0.7750  linear=0.4750

Feature builds: 10 (full sweep would be 10; fewer if any configuration hit its time budget)

Done. Results saved to: /share/ai-lab/adsiega/STLRocket/results/rocket_BasicMotions_20260916_000106_d5a94f3a
