Task 13: dataset=DuckDuckGeese n_kernels=100
Output directory: /share/ai-lab/adsiega/STLRocket/results/rocket_DuckDuckGeese_20260916_000106_6377f387
Dataset: DuckDuckGeese  budgets(kernels): [100]  n_run: 10  cv: 5  config_budget: 28800.0s

Loading dataset...
  train: (50, 1345, 270)  test: (50, 1345, 270)
[rocket  k=100    seed=0] building features...
    feats=0.43s  ridge=0.2600  linear=0.2400
[rocket  k=100    seed=1] building features...
    feats=0.33s  ridge=0.2400  linear=0.2000
[rocket  k=100    seed=2] building features...
    feats=0.33s  ridge=0.3000  linear=0.2400
[rocket  k=100    seed=3] building features...
    feats=0.33s  ridge=0.3000  linear=0.3200
[rocket  k=100    seed=4] building features...
    feats=0.33s  ridge=0.3600  linear=0.2000
[rocket  k=100    seed=5] building features...
    feats=0.32s  ridge=0.2000  linear=0.2000
[rocket  k=100    seed=6] building features...
    feats=0.32s  ridge=0.2600  linear=0.3200
[rocket  k=100    seed=7] building features...
    feats=0.32s  ridge=0.2600  linear=0.2000
[rocket  k=100    seed=8] building features...
    feats=0.32s  ridge=0.2800  linear=0.2000
[rocket  k=100    seed=9] building features...
    feats=0.32s  ridge=0.3800  linear=0.2400

Feature builds: 10 (full sweep would be 10; fewer if any configuration hit its time budget)

Done. Results saved to: /share/ai-lab/adsiega/STLRocket/results/rocket_DuckDuckGeese_20260916_000106_6377f387
