Task 24: dataset=RacketSports n_kernels=1000
Output directory: /share/ai-lab/adsiega/STLRocket/results/rocket_RacketSports_20260916_000106_9bca96fd
Dataset: RacketSports  budgets(kernels): [1000]  n_run: 10  cv: 5  config_budget: 28800.0s

Loading dataset...
  train: (151, 6, 30)  test: (152, 6, 30)
[rocket  k=1000   seed=0] building features...
    feats=0.17s  ridge=0.8923  linear=0.8106
[rocket  k=1000   seed=1] building features...
    feats=0.17s  ridge=0.8735  linear=0.8602
[rocket  k=1000   seed=2] building features...
    feats=0.21s  ridge=0.8856  linear=0.8494
[rocket  k=1000   seed=3] building features...
    feats=0.14s  ridge=0.8735  linear=0.8067
[rocket  k=1000   seed=4] building features...
    feats=0.18s  ridge=0.8503  linear=0.8311
[rocket  k=1000   seed=5] building features...
    feats=0.14s  ridge=0.8557  linear=0.8218
[rocket  k=1000   seed=6] building features...
    feats=0.14s  ridge=0.8977  linear=0.8157
[rocket  k=1000   seed=7] building features...
    feats=0.15s  ridge=0.8666  linear=0.7853
[rocket  k=1000   seed=8] building features...
    feats=0.14s  ridge=0.8744  linear=0.8050
[rocket  k=1000   seed=9] building features...
    feats=0.14s  ridge=0.8735  linear=0.7880

Feature builds: 10 (full sweep would be 10; fewer if any configuration hit its time budget)

Done. Results saved to: /share/ai-lab/adsiega/STLRocket/results/rocket_RacketSports_20260916_000106_9bca96fd
