Task 1: dataset=ERing n_kernels=10
Output directory: /share/ai-lab/adsiega/STLRocket/results/rocket_ERing_20260916_000106_06c8b538
Dataset: ERing  budgets(kernels): [10]  n_run: 10  cv: 5  config_budget: 28800.0s

Loading dataset...
  train: (30, 4, 65)  test: (270, 4, 65)
[rocket  k=10     seed=0] building features...
    feats=0.09s  ridge=0.6704  linear=0.6407
[rocket  k=10     seed=1] building features...
    feats=0.00s  ridge=0.6148  linear=0.4333
[rocket  k=10     seed=2] building features...
    feats=0.00s  ridge=0.7481  linear=0.6667
[rocket  k=10     seed=3] building features...
    feats=0.01s  ridge=0.7889  linear=0.5333
[rocket  k=10     seed=4] building features...
    feats=0.00s  ridge=0.7000  linear=0.6185
[rocket  k=10     seed=5] building features...
    feats=0.00s  ridge=0.6852  linear=0.5852
[rocket  k=10     seed=6] building features...
    feats=0.00s  ridge=0.7889  linear=0.5963
[rocket  k=10     seed=7] building features...
    feats=0.00s  ridge=0.7704  linear=0.6296
[rocket  k=10     seed=8] building features...
    feats=0.00s  ridge=0.7889  linear=0.6296
[rocket  k=10     seed=9] building features...
    feats=0.00s  ridge=0.5667  linear=0.5000

Feature builds: 10 (full sweep would be 10; fewer if any configuration hit its time budget)

Done. Results saved to: /share/ai-lab/adsiega/STLRocket/results/rocket_ERing_20260916_000106_06c8b538
