Task 11: dataset=ERing n_kernels=100
Output directory: /share/ai-lab/adsiega/STLRocket/results/rocket_ERing_20260916_000106_4f5cd8fc
Dataset: ERing  budgets(kernels): [100]  n_run: 10  cv: 5  config_budget: 28800.0s

Loading dataset...
  train: (30, 4, 65)  test: (270, 4, 65)
[rocket  k=100    seed=0] building features...
    feats=0.49s  ridge=0.9111  linear=0.7519
[rocket  k=100    seed=1] building features...
    feats=0.01s  ridge=0.8519  linear=0.7074
[rocket  k=100    seed=2] building features...
    feats=0.10s  ridge=0.9222  linear=0.8370
[rocket  k=100    seed=3] building features...
    feats=0.07s  ridge=0.9148  linear=0.8074
[rocket  k=100    seed=4] building features...
    feats=0.10s  ridge=0.9037  linear=0.7852
[rocket  k=100    seed=5] building features...
    feats=0.11s  ridge=0.9111  linear=0.6593
[rocket  k=100    seed=6] building features...
    feats=0.10s  ridge=0.9185  linear=0.8963
[rocket  k=100    seed=7] building features...
    feats=0.10s  ridge=0.9111  linear=0.6704
[rocket  k=100    seed=8] building features...
    feats=0.09s  ridge=0.8630  linear=0.7667
[rocket  k=100    seed=9] building features...
    feats=0.13s  ridge=0.8889  linear=0.7630

Feature builds: 10 (full sweep would be 10; fewer if any configuration hit its time budget)

Done. Results saved to: /share/ai-lab/adsiega/STLRocket/results/rocket_ERing_20260916_000106_4f5cd8fc
