Task 10: dataset=StandWalkJump n_kernels=100
Output directory: /share/ai-lab/adsiega/STLRocket/results/rocket_StandWalkJump_20260916_000106_985470ab
Dataset: StandWalkJump  budgets(kernels): [100]  n_run: 10  cv: 5  config_budget: 28800.0s

Loading dataset...
  train: (12, 4, 2500)  test: (15, 4, 2500)
[rocket  k=100    seed=0] building features...
    feats=0.60s  ridge=0.4667  linear=0.3333
[rocket  k=100    seed=1] building features...
    feats=0.04s  ridge=0.4667  linear=0.3333
[rocket  k=100    seed=2] building features...
    feats=0.04s  ridge=0.5333  linear=0.3333
[rocket  k=100    seed=3] building features...
    feats=0.04s  ridge=0.4667  linear=0.4000
[rocket  k=100    seed=4] building features...
    feats=0.04s  ridge=0.4667  linear=0.6000
[rocket  k=100    seed=5] building features...
    feats=0.04s  ridge=0.4000  linear=0.3333
[rocket  k=100    seed=6] building features...
    feats=0.04s  ridge=0.6000  linear=0.6000
[rocket  k=100    seed=7] building features...
    feats=0.04s  ridge=0.4667  linear=0.4667
[rocket  k=100    seed=8] building features...
    feats=0.04s  ridge=0.3333  linear=0.3333
[rocket  k=100    seed=9] building features...
    feats=0.05s  ridge=0.5333  linear=0.5333

Feature builds: 10 (full sweep would be 10; fewer if any configuration hit its time budget)

Done. Results saved to: /share/ai-lab/adsiega/STLRocket/results/rocket_StandWalkJump_20260916_000106_985470ab
