Task 31: dataset=ERing n_kernels=10000
Output directory: /share/ai-lab/adsiega/STLRocket/results/rocket_ERing_20260916_000136_63502435
Dataset: ERing  budgets(kernels): [10000]  n_run: 10  cv: 5  config_budget: 28800.0s

Loading dataset...
  train: (30, 4, 65)  test: (270, 4, 65)
[rocket  k=10000  seed=0] building features...
    feats=0.91s  ridge=0.9519  linear=0.7926
[rocket  k=10000  seed=1] building features...
    feats=0.97s  ridge=0.9519  linear=0.8778
[rocket  k=10000  seed=2] building features...
    feats=0.99s  ridge=0.9630  linear=0.8852
[rocket  k=10000  seed=3] building features...
    feats=0.95s  ridge=0.9556  linear=0.9037
[rocket  k=10000  seed=4] building features...
    feats=0.95s  ridge=0.9630  linear=0.8778
[rocket  k=10000  seed=5] building features...
    feats=0.93s  ridge=0.9593  linear=0.8333
[rocket  k=10000  seed=6] building features...
    feats=0.94s  ridge=0.9593  linear=0.7852
[rocket  k=10000  seed=7] building features...
    feats=0.94s  ridge=0.9593  linear=0.8704
[rocket  k=10000  seed=8] building features...
    feats=0.95s  ridge=0.9556  linear=0.9296
[rocket  k=10000  seed=9] building features...
    feats=0.94s  ridge=0.9667  linear=0.9185

Feature builds: 10 (full sweep would be 10; fewer if any configuration hit its time budget)

Done. Results saved to: /share/ai-lab/adsiega/STLRocket/results/rocket_ERing_20260916_000136_63502435
