Task 26: dataset=Heartbeat n_kernels=1000
Output directory: /share/ai-lab/adsiega/STLRocket/results/rocket_Heartbeat_20260916_000106_aa1d18ef
Dataset: Heartbeat  budgets(kernels): [1000]  n_run: 10  cv: 5  config_budget: 28800.0s

Loading dataset...
  train: (204, 61, 405)  test: (205, 61, 405)
[rocket  k=1000   seed=0] building features...
    feats=1.39s  ridge=0.5775  linear=0.5342
[rocket  k=1000   seed=1] building features...
    feats=1.28s  ridge=0.5673  linear=0.5577
[rocket  k=1000   seed=2] building features...
    feats=1.71s  ridge=0.5518  linear=0.5000
[rocket  k=1000   seed=3] building features...
    feats=1.28s  ridge=0.5424  linear=0.5437
[rocket  k=1000   seed=4] building features...
    feats=1.33s  ridge=0.5795  linear=0.5446
[rocket  k=1000   seed=5] building features...
    feats=1.27s  ridge=0.5660  linear=0.5000
[rocket  k=1000   seed=6] building features...
    feats=1.22s  ridge=0.5471  linear=0.5300
[rocket  k=1000   seed=7] building features...
    feats=1.64s  ridge=0.5417  linear=0.5030
[rocket  k=1000   seed=8] building features...
    feats=1.45s  ridge=0.5511  linear=0.5307
[rocket  k=1000   seed=9] building features...
    feats=1.47s  ridge=0.5458  linear=0.5597

Feature builds: 10 (full sweep would be 10; fewer if any configuration hit its time budget)

Done. Results saved to: /share/ai-lab/adsiega/STLRocket/results/rocket_Heartbeat_20260916_000106_aa1d18ef
