Task 33: dataset=DuckDuckGeese n_kernels=10000
Output directory: /share/ai-lab/adsiega/STLRocket/results/rocket_DuckDuckGeese_20260916_000138_f66a1c12
Dataset: DuckDuckGeese  budgets(kernels): [10000]  n_run: 10  cv: 5  config_budget: 28800.0s

Loading dataset...
  train: (50, 1345, 270)  test: (50, 1345, 270)
[rocket  k=10000  seed=0] building features...
    feats=2.60s  ridge=0.4800  linear=0.1800
[rocket  k=10000  seed=1] building features...
    feats=3.24s  ridge=0.5600  linear=0.2000
[rocket  k=10000  seed=2] building features...
    feats=2.66s  ridge=0.4800  linear=0.2600
[rocket  k=10000  seed=3] building features...
    feats=2.81s  ridge=0.5000  linear=0.2600
[rocket  k=10000  seed=4] building features...
    feats=2.56s  ridge=0.4600  linear=0.3000
[rocket  k=10000  seed=5] building features...
    feats=2.89s  ridge=0.5800  linear=0.3400
[rocket  k=10000  seed=6] building features...
    feats=2.56s  ridge=0.4800  linear=0.2000
[rocket  k=10000  seed=7] building features...
    feats=2.48s  ridge=0.4600  linear=0.2000
[rocket  k=10000  seed=8] building features...
    feats=2.33s  ridge=0.4800  linear=0.2400
[rocket  k=10000  seed=9] building features...
    feats=2.27s  ridge=0.4800  linear=0.2600

Feature builds: 10 (full sweep would be 10; fewer if any configuration hit its time budget)

Done. Results saved to: /share/ai-lab/adsiega/STLRocket/results/rocket_DuckDuckGeese_20260916_000138_f66a1c12
