Task 22: dataset=BasicMotions n_kernels=1000
Output directory: /share/ai-lab/adsiega/STLRocket/results/rocket_BasicMotions_20260916_000106_aa02c581
Dataset: BasicMotions  budgets(kernels): [1000]  n_run: 10  cv: 5  config_budget: 28800.0s

Loading dataset...
  train: (40, 6, 100)  test: (40, 6, 100)
[rocket  k=1000   seed=0] building features...
    feats=0.17s  ridge=0.9750  linear=0.8000
[rocket  k=1000   seed=1] building features...
    feats=0.15s  ridge=0.9500  linear=0.8750
[rocket  k=1000   seed=2] building features...
    feats=0.14s  ridge=0.9250  linear=0.9000
[rocket  k=1000   seed=3] building features...
    feats=0.13s  ridge=0.9500  linear=0.8250
[rocket  k=1000   seed=4] building features...
    feats=0.14s  ridge=0.9750  linear=0.7500
[rocket  k=1000   seed=5] building features...
    feats=0.15s  ridge=0.9750  linear=0.9000
[rocket  k=1000   seed=6] building features...
    feats=0.14s  ridge=0.9250  linear=0.8250
[rocket  k=1000   seed=7] building features...
    feats=0.14s  ridge=0.9750  linear=0.9750
[rocket  k=1000   seed=8] building features...
    feats=0.15s  ridge=0.9750  linear=0.9500
[rocket  k=1000   seed=9] building features...
    feats=0.14s  ridge=0.9750  linear=0.7000

Feature builds: 10 (full sweep would be 10; fewer if any configuration hit its time budget)

Done. Results saved to: /share/ai-lab/adsiega/STLRocket/results/rocket_BasicMotions_20260916_000106_aa02c581
